Archive member included to satisfy reference by file (symbol)

/usr/lib/gcc/avr/4.9.2/../../../avr/lib/avr5/libprintf_flt.a(vfprintf_flt.o)
                              (vfprintf)
/usr/lib/gcc/avr/4.9.2/avr5/libgcc.a(_udivmodhi4.o)
                              ./librscs-master/rscs/_source/uart.o (__udivmodhi4)
/usr/lib/gcc/avr/4.9.2/avr5/libgcc.a(_udivmodsi4.o)
                              ./librscs-master/rscs/_source/i2c.o (__udivmodsi4)
/usr/lib/gcc/avr/4.9.2/avr5/libgcc.a(_divmodsi4.o)
                              ./librscs-master/rscs/3rd_party/minmea/minmea.o (__divmodsi4)
/usr/lib/gcc/avr/4.9.2/avr5/libgcc.a(_negsi2.o)
                              /usr/lib/gcc/avr/4.9.2/avr5/libgcc.a(_divmodsi4.o) (__negsi2)
/usr/lib/gcc/avr/4.9.2/avr5/libgcc.a(_exit.o)
                              /usr/lib/gcc/avr/4.9.2/../../../avr/lib/avr5/crtatmega328p.o (exit)
/usr/lib/gcc/avr/4.9.2/avr5/libgcc.a(_copy_data.o)
                              ./src/main.o (__do_copy_data)
/usr/lib/gcc/avr/4.9.2/avr5/libgcc.a(_clear_bss.o)
                              ./src/deployment_control.o (__do_clear_bss)
/usr/lib/gcc/avr/4.9.2/avr5/libgcc.a(_muluhisi3.o)
                              ./librscs-master/rscs/_source/i2c.o (__muluhisi3)
/usr/lib/gcc/avr/4.9.2/avr5/libgcc.a(_mulshisi3.o)
                              ./librscs-master/rscs/3rd_party/minmea/minmea.o (__mulshisi3)
/usr/lib/gcc/avr/4.9.2/avr5/libgcc.a(_prologue.o)
                              /usr/lib/gcc/avr/4.9.2/../../../avr/lib/avr5/libprintf_flt.a(vfprintf_flt.o) (__prologue_saves__)
/usr/lib/gcc/avr/4.9.2/avr5/libgcc.a(_epilogue.o)
                              /usr/lib/gcc/avr/4.9.2/../../../avr/lib/avr5/libprintf_flt.a(vfprintf_flt.o) (__epilogue_restores__)
/usr/lib/gcc/avr/4.9.2/avr5/libgcc.a(_umulhisi3.o)
                              /usr/lib/gcc/avr/4.9.2/avr5/libgcc.a(_muluhisi3.o) (__umulhisi3)
/usr/lib/gcc/avr/4.9.2/../../../avr/lib/avr5/libm.a(addsf3.o)
                              ./src/deployment_control.o (__subsf3)
/usr/lib/gcc/avr/4.9.2/../../../avr/lib/avr5/libm.a(addsf3x.o)
                              /usr/lib/gcc/avr/4.9.2/../../../avr/lib/avr5/libm.a(addsf3.o) (__addsf3x)
/usr/lib/gcc/avr/4.9.2/../../../avr/lib/avr5/libm.a(cmpsf2.o)
                              ./src/main.o (__eqsf2)
/usr/lib/gcc/avr/4.9.2/../../../avr/lib/avr5/libm.a(divsf3.o)
                              ./src/deployment_control.o (__divsf3)
/usr/lib/gcc/avr/4.9.2/../../../avr/lib/avr5/libm.a(divsf3x.o)
                              /usr/lib/gcc/avr/4.9.2/../../../avr/lib/avr5/libm.a(divsf3.o) (__divsf3x)
/usr/lib/gcc/avr/4.9.2/../../../avr/lib/avr5/libm.a(fixsfsi.o)
                              ./librscs-master/rscs/_source/bmp280.o (__fixsfsi)
/usr/lib/gcc/avr/4.9.2/../../../avr/lib/avr5/libm.a(fixunssfsi.o)
                              ./librscs-master/rscs/_source/uart.o (__fixunssfsi)
/usr/lib/gcc/avr/4.9.2/../../../avr/lib/avr5/libm.a(floatsisf.o)
                              ./src/main.o (__floatunsisf)
/usr/lib/gcc/avr/4.9.2/../../../avr/lib/avr5/libm.a(fp_cmp.o)
                              /usr/lib/gcc/avr/4.9.2/../../../avr/lib/avr5/libm.a(cmpsf2.o) (__fp_cmp)
/usr/lib/gcc/avr/4.9.2/../../../avr/lib/avr5/libm.a(fp_inf.o)
                              /usr/lib/gcc/avr/4.9.2/../../../avr/lib/avr5/libm.a(addsf3x.o) (__fp_inf)
/usr/lib/gcc/avr/4.9.2/../../../avr/lib/avr5/libm.a(fp_nan.o)
                              /usr/lib/gcc/avr/4.9.2/../../../avr/lib/avr5/libm.a(addsf3x.o) (__fp_nan)
/usr/lib/gcc/avr/4.9.2/../../../avr/lib/avr5/libm.a(fp_pscA.o)
                              /usr/lib/gcc/avr/4.9.2/../../../avr/lib/avr5/libm.a(addsf3x.o) (__fp_pscA)
/usr/lib/gcc/avr/4.9.2/../../../avr/lib/avr5/libm.a(fp_pscB.o)
                              /usr/lib/gcc/avr/4.9.2/../../../avr/lib/avr5/libm.a(addsf3x.o) (__fp_pscB)
/usr/lib/gcc/avr/4.9.2/../../../avr/lib/avr5/libm.a(fp_round.o)
                              /usr/lib/gcc/avr/4.9.2/../../../avr/lib/avr5/libm.a(addsf3.o) (__fp_round)
/usr/lib/gcc/avr/4.9.2/../../../avr/lib/avr5/libm.a(fp_split3.o)
                              /usr/lib/gcc/avr/4.9.2/../../../avr/lib/avr5/libm.a(addsf3x.o) (__fp_split3)
/usr/lib/gcc/avr/4.9.2/../../../avr/lib/avr5/libm.a(fp_zero.o)
                              /usr/lib/gcc/avr/4.9.2/../../../avr/lib/avr5/libm.a(addsf3x.o) (__fp_zero)
/usr/lib/gcc/avr/4.9.2/../../../avr/lib/avr5/libm.a(gesf2.o)
                              ./src/deployment_control.o (__gtsf2)
/usr/lib/gcc/avr/4.9.2/../../../avr/lib/avr5/libm.a(log.o)
                              ./src/deployment_control.o (log)
/usr/lib/gcc/avr/4.9.2/../../../avr/lib/avr5/libm.a(mulsf3.o)
                              ./src/deployment_control.o (__mulsf3)
/usr/lib/gcc/avr/4.9.2/../../../avr/lib/avr5/libm.a(mulsf3x.o)
                              /usr/lib/gcc/avr/4.9.2/../../../avr/lib/avr5/libm.a(log.o) (__mulsf3x)
/usr/lib/gcc/avr/4.9.2/../../../avr/lib/avr5/libm.a(fp_mpack.o)
                              /usr/lib/gcc/avr/4.9.2/../../../avr/lib/avr5/libm.a(log.o) (__fp_mpack)
/usr/lib/gcc/avr/4.9.2/../../../avr/lib/avr5/libm.a(fp_powser.o)
                              /usr/lib/gcc/avr/4.9.2/../../../avr/lib/avr5/libm.a(log.o) (__fp_powser)
/usr/lib/gcc/avr/4.9.2/../../../avr/lib/avr5/libc.a(malloc.o)
                              ./librscs-master/rscs/_source/bmp280.o (malloc)
/usr/lib/gcc/avr/4.9.2/../../../avr/lib/avr5/libc.a(strtol.o)
                              ./librscs-master/rscs/3rd_party/minmea/minmea.o (strtol)
/usr/lib/gcc/avr/4.9.2/../../../avr/lib/avr5/libc.a(abort.o)
                              ./librscs-master/rscs/_source/spi.o (abort)
/usr/lib/gcc/avr/4.9.2/../../../avr/lib/avr5/libc.a(ftoa_engine.o)
                              /usr/lib/gcc/avr/4.9.2/../../../avr/lib/avr5/libprintf_flt.a(vfprintf_flt.o) (__ftoa_engine)
/usr/lib/gcc/avr/4.9.2/../../../avr/lib/avr5/libc.a(isprint.o)
                              ./librscs-master/rscs/3rd_party/minmea/minmea.o (isprint)
/usr/lib/gcc/avr/4.9.2/../../../avr/lib/avr5/libc.a(isspace.o)
                              /usr/lib/gcc/avr/4.9.2/../../../avr/lib/avr5/libc.a(strtol.o) (isspace)
/usr/lib/gcc/avr/4.9.2/../../../avr/lib/avr5/libc.a(strnlen_P.o)
                              /usr/lib/gcc/avr/4.9.2/../../../avr/lib/avr5/libprintf_flt.a(vfprintf_flt.o) (strnlen_P)
/usr/lib/gcc/avr/4.9.2/../../../avr/lib/avr5/libc.a(strcmp.o)
                              ./librscs-master/rscs/3rd_party/minmea/minmea.o (strcmp)
/usr/lib/gcc/avr/4.9.2/../../../avr/lib/avr5/libc.a(strnlen.o)
                              /usr/lib/gcc/avr/4.9.2/../../../avr/lib/avr5/libprintf_flt.a(vfprintf_flt.o) (strnlen)
/usr/lib/gcc/avr/4.9.2/../../../avr/lib/avr5/libc.a(fdevopen.o)
                              ./librscs-master/rscs/_source/stdext/stdio.o (fdevopen)
/usr/lib/gcc/avr/4.9.2/../../../avr/lib/avr5/libc.a(fputc.o)
                              /usr/lib/gcc/avr/4.9.2/../../../avr/lib/avr5/libprintf_flt.a(vfprintf_flt.o) (fputc)
/usr/lib/gcc/avr/4.9.2/../../../avr/lib/avr5/libc.a(iob.o)
                              ./src/main.o (__iob)
/usr/lib/gcc/avr/4.9.2/../../../avr/lib/avr5/libc.a(printf.o)
                              ./src/main.o (printf)
/usr/lib/gcc/avr/4.9.2/../../../avr/lib/avr5/libc.a(puts.o)
                              ./src/main.o (puts)
/usr/lib/gcc/avr/4.9.2/../../../avr/lib/avr5/libc.a(ultoa_invert.o)
                              /usr/lib/gcc/avr/4.9.2/../../../avr/lib/avr5/libprintf_flt.a(vfprintf_flt.o) (__ultoa_invert)
/usr/lib/gcc/avr/4.9.2/../../../avr/lib/avr5/libc.a(calloc.o)
                              /usr/lib/gcc/avr/4.9.2/../../../avr/lib/avr5/libc.a(fdevopen.o) (calloc)
/usr/lib/gcc/avr/4.9.2/../../../avr/lib/avr5/libc.a(errno.o)
                              /usr/lib/gcc/avr/4.9.2/../../../avr/lib/avr5/libc.a(strtol.o) (errno)
/usr/lib/gcc/avr/4.9.2/../../../avr/lib/avr5/libc.a(cty_isfalse.o)
                              /usr/lib/gcc/avr/4.9.2/../../../avr/lib/avr5/libc.a(isprint.o) (__ctype_isfalse)
/usr/lib/gcc/avr/4.9.2/../../../avr/lib/avr5/libc.a(memset.o)
                              /usr/lib/gcc/avr/4.9.2/../../../avr/lib/avr5/libc.a(calloc.o) (memset)
/usr/lib/gcc/avr/4.9.2/avr5/libgcc.a(_mulsi3.o)
                              /usr/lib/gcc/avr/4.9.2/../../../avr/lib/avr5/libc.a(strtol.o) (__mulsi3)

Allocating common symbols
Common symbol       size              file

RM_input_data       0x20              ./src/main.o
raw_data            0x8               ./src/main.o
errno               0x2               /usr/lib/gcc/avr/4.9.2/../../../avr/lib/avr5/libc.a(errno.o)
device_address      0x5               ./src/main.o
__brkval            0x2               /usr/lib/gcc/avr/4.9.2/../../../avr/lib/avr5/libc.a(malloc.o)
nRF24L01_RX_BUFFER  0x20              ./src/main.o
bmp280_calibration_values
                    0x2               ./src/main.o
RM_input_data_len   0x1               ./src/main.o
data_register       0x1               ./src/main.o
initial_params      0x4               ./src/main.o
bmp280              0x2               ./src/deployment_control.o
__flp               0x2               /usr/lib/gcc/avr/4.9.2/../../../avr/lib/avr5/libc.a(malloc.o)
__iob               0x6               /usr/lib/gcc/avr/4.9.2/../../../avr/lib/avr5/libc.a(iob.o)

Memory Configuration

Name             Origin             Length             Attributes
text             0x00000000         0x00020000         xr
data             0x00800060         0x0000ffa0         rw !x
eeprom           0x00810000         0x00010000         rw !x
fuse             0x00820000         0x00000400         rw !x
lock             0x00830000         0x00000400         rw !x
signature        0x00840000         0x00000400         rw !x
user_signatures  0x00850000         0x00000400         rw !x
*default*        0x00000000         0xffffffff

Linker script and memory map

Address of section .data set to 0x800100
LOAD /usr/lib/gcc/avr/4.9.2/../../../avr/lib/avr5/crtatmega328p.o
LOAD /usr/lib/gcc/avr/4.9.2/../../../avr/lib/avr5/libprintf_flt.a
LOAD /usr/lib/gcc/avr/4.9.2/../../../avr/lib/avr5/libm.a
LOAD ./src/deployment_control.o
LOAD ./src/main.o
LOAD ./src/motor_control.o
LOAD ./src/nRF24L01.o
LOAD ./src/radio-module.o
LOAD ./librscs-master/rscs/_source/stdext/stdio.o
LOAD ./librscs-master/rscs/_source/bmp280.o
LOAD ./librscs-master/rscs/_source/crc.o
LOAD ./librscs-master/rscs/_source/i2c.o
LOAD ./librscs-master/rscs/_source/ringbuf.o
LOAD ./librscs-master/rscs/_source/spi.o
LOAD ./librscs-master/rscs/_source/timeservice.o
LOAD ./librscs-master/rscs/_source/uart.o
LOAD ./librscs-master/rscs/3rd_party/minmea/minmea.o
START GROUP
LOAD /usr/lib/gcc/avr/4.9.2/avr5/libgcc.a
LOAD /usr/lib/gcc/avr/4.9.2/../../../avr/lib/avr5/libm.a
LOAD /usr/lib/gcc/avr/4.9.2/../../../avr/lib/avr5/libc.a
LOAD /usr/lib/gcc/avr/4.9.2/../../../avr/lib/avr5/libatmega328p.a
END GROUP
                0x00020000                __TEXT_REGION_LENGTH__ = DEFINED (__TEXT_REGION_LENGTH__)?__TEXT_REGION_LENGTH__:0x20000
                0x0000ffa0                __DATA_REGION_LENGTH__ = DEFINED (__DATA_REGION_LENGTH__)?__DATA_REGION_LENGTH__:0xffa0
                0x00010000                __EEPROM_REGION_LENGTH__ = DEFINED (__EEPROM_REGION_LENGTH__)?__EEPROM_REGION_LENGTH__:0x10000
                0x00000400                __FUSE_REGION_LENGTH__ = DEFINED (__FUSE_REGION_LENGTH__)?__FUSE_REGION_LENGTH__:0x400
                0x00000400                __LOCK_REGION_LENGTH__ = DEFINED (__LOCK_REGION_LENGTH__)?__LOCK_REGION_LENGTH__:0x400
                0x00000400                __SIGNATURE_REGION_LENGTH__ = DEFINED (__SIGNATURE_REGION_LENGTH__)?__SIGNATURE_REGION_LENGTH__:0x400
                0x00000400                __USER_SIGNATURE_REGION_LENGTH__ = DEFINED (__USER_SIGNATURE_REGION_LENGTH__)?__USER_SIGNATURE_REGION_LENGTH__:0x400

.hash
 *(.hash)

.dynsym
 *(.dynsym)

.dynstr
 *(.dynstr)

.gnu.version
 *(.gnu.version)

.gnu.version_d
 *(.gnu.version_d)

.gnu.version_r
 *(.gnu.version_r)

.rel.init
 *(.rel.init)

.rela.init
 *(.rela.init)

.rel.text
 *(.rel.text)
 *(.rel.text.*)
 *(.rel.gnu.linkonce.t*)

.rela.text
 *(.rela.text)
 *(.rela.text.*)
 *(.rela.gnu.linkonce.t*)

.rel.fini
 *(.rel.fini)

.rela.fini
 *(.rela.fini)

.rel.rodata
 *(.rel.rodata)
 *(.rel.rodata.*)
 *(.rel.gnu.linkonce.r*)

.rela.rodata
 *(.rela.rodata)
 *(.rela.rodata.*)
 *(.rela.gnu.linkonce.r*)

.rel.data
 *(.rel.data)
 *(.rel.data.*)
 *(.rel.gnu.linkonce.d*)

.rela.data
 *(.rela.data)
 *(.rela.data.*)
 *(.rela.gnu.linkonce.d*)

.rel.ctors
 *(.rel.ctors)

.rela.ctors
 *(.rela.ctors)

.rel.dtors
 *(.rel.dtors)

.rela.dtors
 *(.rela.dtors)

.rel.got
 *(.rel.got)

.rela.got
 *(.rela.got)

.rel.bss
 *(.rel.bss)

.rela.bss
 *(.rela.bss)

.rel.plt
 *(.rel.plt)

.rela.plt
 *(.rela.plt)

.text           0x00000000     0x4c5e
 *(.vectors)
 .vectors       0x00000000       0x68 /usr/lib/gcc/avr/4.9.2/../../../avr/lib/avr5/crtatmega328p.o
                0x00000000                __vectors
                0x00000000                __vector_default
 *(.vectors)
 *(.progmem.gcc*)
 .progmem.gcc_fplib
                0x00000068       0x5a /usr/lib/gcc/avr/4.9.2/../../../avr/lib/avr5/libm.a(log.o)
                0x000000c2                . = ALIGN (0x2)
                0x000000c2                __trampolines_start = .
 *(.trampolines)
 .trampolines   0x000000c2        0x0 linker stubs
 *(.trampolines*)
                0x000000c2                __trampolines_end = .
 *libprintf_flt.a:*(.progmem.data)
 .progmem.data  0x000000c2        0x8 /usr/lib/gcc/avr/4.9.2/../../../avr/lib/avr5/libprintf_flt.a(vfprintf_flt.o)
 *libc.a:*(.progmem.data)
 .progmem.data  0x000000ca       0xfa /usr/lib/gcc/avr/4.9.2/../../../avr/lib/avr5/libc.a(ftoa_engine.o)
 *(.progmem*)
 .progmem.data.crc8_table
                0x000001c4      0x100 ./librscs-master/rscs/_source/crc.o
                0x000001c4                crc8_table
                0x000002c4                . = ALIGN (0x2)
 *(.jumptables)
 *(.jumptables*)
 *(.lowtext)
 *(.lowtext*)
                0x000002c4                __ctors_start = .
 *(.ctors)
                0x000002c4                __ctors_end = .
                0x000002c4                __dtors_start = .
 *(.dtors)
                0x000002c4                __dtors_end = .
 SORT(*)(.ctors)
 SORT(*)(.dtors)
 *(.init0)
 .init0         0x000002c4        0x0 /usr/lib/gcc/avr/4.9.2/../../../avr/lib/avr5/crtatmega328p.o
                0x000002c4                __init
 *(.init0)
 *(.init1)
 *(.init1)
 *(.init2)
 .init2         0x000002c4        0xc /usr/lib/gcc/avr/4.9.2/../../../avr/lib/avr5/crtatmega328p.o
 *(.init2)
 *(.init3)
 *(.init3)
 *(.init4)
 .init4         0x000002d0       0x16 /usr/lib/gcc/avr/4.9.2/avr5/libgcc.a(_copy_data.o)
                0x000002d0                __do_copy_data
 .init4         0x000002e6       0x10 /usr/lib/gcc/avr/4.9.2/avr5/libgcc.a(_clear_bss.o)
                0x000002e6                __do_clear_bss
 *(.init4)
 *(.init5)
 *(.init5)
 *(.init6)
 *(.init6)
 *(.init7)
 *(.init7)
 *(.init8)
 *(.init8)
 *(.init9)
 .init9         0x000002f6        0x8 /usr/lib/gcc/avr/4.9.2/../../../avr/lib/avr5/crtatmega328p.o
 *(.init9)
 *(.text)
 .text          0x000002fe        0x4 /usr/lib/gcc/avr/4.9.2/../../../avr/lib/avr5/crtatmega328p.o
                0x000002fe                __vector_22
                0x000002fe                __vector_24
                0x000002fe                __vector_12
                0x000002fe                __bad_interrupt
                0x000002fe                __vector_6
                0x000002fe                __vector_3
                0x000002fe                __vector_23
                0x000002fe                __vector_25
                0x000002fe                __vector_11
                0x000002fe                __vector_13
                0x000002fe                __vector_17
                0x000002fe                __vector_7
                0x000002fe                __vector_5
                0x000002fe                __vector_4
                0x000002fe                __vector_9
                0x000002fe                __vector_2
                0x000002fe                __vector_21
                0x000002fe                __vector_15
                0x000002fe                __vector_8
                0x000002fe                __vector_10
                0x000002fe                __vector_16
                0x000002fe                __vector_20
 .text          0x00000302        0x0 /usr/lib/gcc/avr/4.9.2/../../../avr/lib/avr5/libprintf_flt.a(vfprintf_flt.o)
 .text          0x00000302        0x0 ./src/deployment_control.o
 .text          0x00000302        0x0 ./src/main.o
 .text          0x00000302        0x0 ./src/motor_control.o
 .text          0x00000302        0x0 ./src/nRF24L01.o
 .text          0x00000302        0x0 ./src/radio-module.o
 .text          0x00000302        0x0 ./librscs-master/rscs/_source/stdext/stdio.o
 .text          0x00000302        0x0 ./librscs-master/rscs/_source/bmp280.o
 .text          0x00000302        0x0 ./librscs-master/rscs/_source/crc.o
 .text          0x00000302        0x0 ./librscs-master/rscs/_source/i2c.o
 .text          0x00000302        0x0 ./librscs-master/rscs/_source/ringbuf.o
 .text          0x00000302        0x0 ./librscs-master/rscs/_source/spi.o
 .text          0x00000302        0x0 ./librscs-master/rscs/_source/timeservice.o
 .text          0x00000302        0x0 ./librscs-master/rscs/_source/uart.o
 .text          0x00000302        0x0 ./librscs-master/rscs/3rd_party/minmea/minmea.o
 .text          0x00000302        0x0 /usr/lib/gcc/avr/4.9.2/avr5/libgcc.a(_udivmodhi4.o)
 .text          0x00000302        0x0 /usr/lib/gcc/avr/4.9.2/avr5/libgcc.a(_udivmodsi4.o)
 .text          0x00000302        0x0 /usr/lib/gcc/avr/4.9.2/avr5/libgcc.a(_divmodsi4.o)
 .text          0x00000302        0x0 /usr/lib/gcc/avr/4.9.2/avr5/libgcc.a(_negsi2.o)
 .text          0x00000302        0x0 /usr/lib/gcc/avr/4.9.2/avr5/libgcc.a(_exit.o)
 .text          0x00000302        0x0 /usr/lib/gcc/avr/4.9.2/avr5/libgcc.a(_copy_data.o)
 .text          0x00000302        0x0 /usr/lib/gcc/avr/4.9.2/avr5/libgcc.a(_clear_bss.o)
 .text          0x00000302        0x0 /usr/lib/gcc/avr/4.9.2/avr5/libgcc.a(_muluhisi3.o)
 .text          0x00000302        0x0 /usr/lib/gcc/avr/4.9.2/avr5/libgcc.a(_mulshisi3.o)
 .text          0x00000302        0x0 /usr/lib/gcc/avr/4.9.2/avr5/libgcc.a(_prologue.o)
 .text          0x00000302        0x0 /usr/lib/gcc/avr/4.9.2/avr5/libgcc.a(_epilogue.o)
 .text          0x00000302        0x0 /usr/lib/gcc/avr/4.9.2/avr5/libgcc.a(_umulhisi3.o)
 .text          0x00000302        0x0 /usr/lib/gcc/avr/4.9.2/../../../avr/lib/avr5/libm.a(addsf3.o)
 .text          0x00000302        0x0 /usr/lib/gcc/avr/4.9.2/../../../avr/lib/avr5/libm.a(addsf3x.o)
 .text          0x00000302        0x0 /usr/lib/gcc/avr/4.9.2/../../../avr/lib/avr5/libm.a(cmpsf2.o)
 .text          0x00000302        0x0 /usr/lib/gcc/avr/4.9.2/../../../avr/lib/avr5/libm.a(divsf3.o)
 .text          0x00000302        0x0 /usr/lib/gcc/avr/4.9.2/../../../avr/lib/avr5/libm.a(divsf3x.o)
 .text          0x00000302        0x0 /usr/lib/gcc/avr/4.9.2/../../../avr/lib/avr5/libm.a(fixsfsi.o)
 .text          0x00000302        0x0 /usr/lib/gcc/avr/4.9.2/../../../avr/lib/avr5/libm.a(fixunssfsi.o)
 .text          0x00000302        0x0 /usr/lib/gcc/avr/4.9.2/../../../avr/lib/avr5/libm.a(floatsisf.o)
 .text          0x00000302        0x0 /usr/lib/gcc/avr/4.9.2/../../../avr/lib/avr5/libm.a(fp_cmp.o)
 .text          0x00000302        0x0 /usr/lib/gcc/avr/4.9.2/../../../avr/lib/avr5/libm.a(fp_inf.o)
 .text          0x00000302        0x0 /usr/lib/gcc/avr/4.9.2/../../../avr/lib/avr5/libm.a(fp_nan.o)
 .text          0x00000302        0x0 /usr/lib/gcc/avr/4.9.2/../../../avr/lib/avr5/libm.a(fp_pscA.o)
 .text          0x00000302        0x0 /usr/lib/gcc/avr/4.9.2/../../../avr/lib/avr5/libm.a(fp_pscB.o)
 .text          0x00000302        0x0 /usr/lib/gcc/avr/4.9.2/../../../avr/lib/avr5/libm.a(fp_round.o)
 .text          0x00000302        0x0 /usr/lib/gcc/avr/4.9.2/../../../avr/lib/avr5/libm.a(fp_split3.o)
 .text          0x00000302        0x0 /usr/lib/gcc/avr/4.9.2/../../../avr/lib/avr5/libm.a(fp_zero.o)
 .text          0x00000302        0x0 /usr/lib/gcc/avr/4.9.2/../../../avr/lib/avr5/libm.a(gesf2.o)
 .text          0x00000302        0x0 /usr/lib/gcc/avr/4.9.2/../../../avr/lib/avr5/libm.a(log.o)
 .text          0x00000302        0x0 /usr/lib/gcc/avr/4.9.2/../../../avr/lib/avr5/libm.a(mulsf3.o)
 .text          0x00000302        0x0 /usr/lib/gcc/avr/4.9.2/../../../avr/lib/avr5/libm.a(mulsf3x.o)
 .text          0x00000302        0x0 /usr/lib/gcc/avr/4.9.2/../../../avr/lib/avr5/libm.a(fp_mpack.o)
 .text          0x00000302        0x0 /usr/lib/gcc/avr/4.9.2/../../../avr/lib/avr5/libm.a(fp_powser.o)
 .text          0x00000302        0x0 /usr/lib/gcc/avr/4.9.2/../../../avr/lib/avr5/libc.a(malloc.o)
 .text          0x00000302        0x0 /usr/lib/gcc/avr/4.9.2/../../../avr/lib/avr5/libc.a(strtol.o)
 .text          0x00000302        0x0 /usr/lib/gcc/avr/4.9.2/../../../avr/lib/avr5/libc.a(abort.o)
 .text          0x00000302        0x0 /usr/lib/gcc/avr/4.9.2/../../../avr/lib/avr5/libc.a(ftoa_engine.o)
 .text          0x00000302        0x0 /usr/lib/gcc/avr/4.9.2/../../../avr/lib/avr5/libc.a(isprint.o)
 .text          0x00000302        0x0 /usr/lib/gcc/avr/4.9.2/../../../avr/lib/avr5/libc.a(isspace.o)
 .text          0x00000302        0x0 /usr/lib/gcc/avr/4.9.2/../../../avr/lib/avr5/libc.a(strnlen_P.o)
 .text          0x00000302        0x0 /usr/lib/gcc/avr/4.9.2/../../../avr/lib/avr5/libc.a(strcmp.o)
 .text          0x00000302        0x0 /usr/lib/gcc/avr/4.9.2/../../../avr/lib/avr5/libc.a(strnlen.o)
 .text          0x00000302        0x0 /usr/lib/gcc/avr/4.9.2/../../../avr/lib/avr5/libc.a(fdevopen.o)
 .text          0x00000302        0x0 /usr/lib/gcc/avr/4.9.2/../../../avr/lib/avr5/libc.a(fputc.o)
 .text          0x00000302        0x0 /usr/lib/gcc/avr/4.9.2/../../../avr/lib/avr5/libc.a(iob.o)
 .text          0x00000302        0x0 /usr/lib/gcc/avr/4.9.2/../../../avr/lib/avr5/libc.a(printf.o)
 .text          0x00000302        0x0 /usr/lib/gcc/avr/4.9.2/../../../avr/lib/avr5/libc.a(puts.o)
 .text          0x00000302        0x0 /usr/lib/gcc/avr/4.9.2/../../../avr/lib/avr5/libc.a(ultoa_invert.o)
 .text          0x00000302        0x0 /usr/lib/gcc/avr/4.9.2/../../../avr/lib/avr5/libc.a(calloc.o)
 .text          0x00000302        0x0 /usr/lib/gcc/avr/4.9.2/../../../avr/lib/avr5/libc.a(errno.o)
 .text          0x00000302        0x0 /usr/lib/gcc/avr/4.9.2/../../../avr/lib/avr5/libc.a(cty_isfalse.o)
 .text          0x00000302        0x0 /usr/lib/gcc/avr/4.9.2/../../../avr/lib/avr5/libc.a(memset.o)
 .text          0x00000302        0x0 /usr/lib/gcc/avr/4.9.2/avr5/libgcc.a(_mulsi3.o)
                0x00000302                . = ALIGN (0x2)
 *(.text.*)
 .text.avr-libc
                0x00000302      0x6f8 /usr/lib/gcc/avr/4.9.2/../../../avr/lib/avr5/libprintf_flt.a(vfprintf_flt.o)
                0x00000302                vfprintf
 .text.set_zero_pressure
                0x000009fa       0x88 ./src/deployment_control.o
                0x000009fa                set_zero_pressure
 .text.calculate_height
                0x00000a82       0x32 ./src/deployment_control.o
                0x00000a82                calculate_height
 .text.check_height
                0x00000ab4       0x1a ./src/deployment_control.o
                0x00000ab4                check_height
 .text.check_command
                0x00000ace        0xe ./src/deployment_control.o
                0x00000ace                check_command
 .text.deploy_parashute
                0x00000adc        0x8 ./src/deployment_control.o
                0x00000adc                deploy_parashute
 .text.check_down_height
                0x00000ae4      0x118 ./src/deployment_control.o
                0x00000ae4                check_down_height
 .text.check_invariable_height
                0x00000bfc      0x118 ./src/deployment_control.o
                0x00000bfc                check_invariable_height
 .text.__vector_1
                0x00000d14       0x2a ./src/deployment_control.o
                0x00000d14                __vector_1
 .text.startup.main
                0x00000d3e      0x4b0 ./src/main.o
                0x00000d3e                main
 .text._cs_enable
                0x000011ee        0x4 ./src/nRF24L01.o
 .text._cs_disable
                0x000011f2        0x4 ./src/nRF24L01.o
 .text.nRF24L01_send_command
                0x000011f6       0x44 ./src/nRF24L01.o
                0x000011f6                nRF24L01_send_command
 .text.nRF24L01_write
                0x0000123a       0x54 ./src/nRF24L01.o
                0x0000123a                nRF24L01_write
 .text.nRF24L01_write_register_address
                0x0000128e       0x90 ./src/nRF24L01.o
                0x0000128e                nRF24L01_write_register_address
 .text.nRF24L01_write_register
                0x0000131e       0x3c ./src/nRF24L01.o
                0x0000131e                nRF24L01_write_register
 .text.nRF24L01_read_register
                0x0000135a       0x42 ./src/nRF24L01.o
                0x0000135a                nRF24L01_read_register
 .text.nRF24L01_read_register_address
                0x0000139c       0x4c ./src/nRF24L01.o
                0x0000139c                nRF24L01_read_register_address
 .text.nRF24L01_init
                0x000013e8      0x244 ./src/nRF24L01.o
                0x000013e8                nRF24L01_init
 .text.nRF24L01_read_status
                0x0000162c       0x24 ./src/nRF24L01.o
                0x0000162c                nRF24L01_read_status
 .text.nRF24L01_RX_mode_on
                0x00001650       0x26 ./src/nRF24L01.o
                0x00001650                nRF24L01_RX_mode_on
 .text.nRF24L01_read
                0x00001676       0x68 ./src/nRF24L01.o
                0x00001676                nRF24L01_read
 .text.nRF24L01_clear_status
                0x000016de       0x60 ./src/nRF24L01.o
                0x000016de                nRF24L01_clear_status
 .text.nRF24L01_clear_TX_FIFO
                0x0000173e       0x2a ./src/nRF24L01.o
                0x0000173e                nRF24L01_clear_TX_FIFO
 .text.nRF24L01_clear_RX_FIFO
                0x00001768       0x2a ./src/nRF24L01.o
                0x00001768                nRF24L01_clear_RX_FIFO
 .text.send_package
                0x00001792       0x4a ./src/radio-module.o
                0x00001792                send_package
 .text.get_package
                0x000017dc       0x86 ./src/radio-module.o
                0x000017dc                get_package
 .text._rscs_uart_stream_read
                0x00001862       0x2a ./librscs-master/rscs/_source/stdext/stdio.o
 .text.rscs_uart_stream_write
                0x0000188c       0x2c ./librscs-master/rscs/_source/stdext/stdio.o
 .text.rscs_make_uart_stream
                0x000018b8       0x1e ./librscs-master/rscs/_source/stdext/stdio.o
                0x000018b8                rscs_make_uart_stream
 .text._write_reg_i2c
                0x000018d6       0x66 ./librscs-master/rscs/_source/bmp280.o
 .text._read_reg_i2c
                0x0000193c       0x7e ./librscs-master/rscs/_source/bmp280.o
 .text._write_reg_spi
                0x000019ba       0x78 ./librscs-master/rscs/_source/bmp280.o
 .text._read_reg_spi
                0x00001a32       0x7a ./librscs-master/rscs/_source/bmp280.o
 .text.rscs_bmp280_initi2c
                0x00001aac       0x2a ./librscs-master/rscs/_source/bmp280.o
                0x00001aac                rscs_bmp280_initi2c
 .text.rscs_bmp280_initspi
                0x00001ad6       0x86 ./librscs-master/rscs/_source/bmp280.o
                0x00001ad6                rscs_bmp280_initspi
 .text.rscs_bmp280_deinit
                0x00001b5c        0x4 ./librscs-master/rscs/_source/bmp280.o
                0x00001b5c                rscs_bmp280_deinit
 .text.rscs_bmp280_setup
                0x00001b60      0x12e ./librscs-master/rscs/_source/bmp280.o
                0x00001b60                rscs_bmp280_setup
 .text.rscs_bmp280_get_config
                0x00001c8e        0x2 ./librscs-master/rscs/_source/bmp280.o
                0x00001c8e                rscs_bmp280_get_config
 .text.rscs_bmp280_set_config
                0x00001c90       0x96 ./librscs-master/rscs/_source/bmp280.o
                0x00001c90                rscs_bmp280_set_config
 .text.rscs_bmp280_get_calibration_values
                0x00001d26        0x4 ./librscs-master/rscs/_source/bmp280.o
                0x00001d26                rscs_bmp280_get_calibration_values
 .text.rscs_bmp280_changemode
                0x00001d2a       0x4a ./librscs-master/rscs/_source/bmp280.o
                0x00001d2a                rscs_bmp280_changemode
 .text.rscs_bmp280_read
                0x00001d74       0xf4 ./librscs-master/rscs/_source/bmp280.o
                0x00001d74                rscs_bmp280_read
 .text.rscs_bmp280_read_status
                0x00001e68       0x30 ./librscs-master/rscs/_source/bmp280.o
                0x00001e68                rscs_bmp280_read_status
 .text.rscs_bmp280_calculate
                0x00001e98      0x414 ./librscs-master/rscs/_source/bmp280.o
                0x00001e98                rscs_bmp280_calculate
 .text.rscs_crc8
                0x000022ac       0x20 ./librscs-master/rscs/_source/crc.o
                0x000022ac                rscs_crc8
 .text.rscs_crc7
                0x000022cc       0x2e ./librscs-master/rscs/_source/crc.o
                0x000022cc                rscs_crc7
 .text._i2c_status_to_error
                0x000022fa       0x24 ./librscs-master/rscs/_source/i2c.o
 .text.rscs_i2c_init
                0x0000231e       0x14 ./librscs-master/rscs/_source/i2c.o
                0x0000231e                rscs_i2c_init
 .text.rscs_i2c_set_scl_rate
                0x00002332       0x34 ./librscs-master/rscs/_source/i2c.o
                0x00002332                rscs_i2c_set_scl_rate
 .text.rscs_i2c_start
                0x00002366       0x3c ./librscs-master/rscs/_source/i2c.o
                0x00002366                rscs_i2c_start
 .text.rscs_i2c_stop
                0x000023a2        0x8 ./librscs-master/rscs/_source/i2c.o
                0x000023a2                rscs_i2c_stop
 .text.rscs_i2c_send_slaw
                0x000023aa       0x50 ./librscs-master/rscs/_source/i2c.o
                0x000023aa                rscs_i2c_send_slaw
 .text.rscs_i2c_write
                0x000023fa       0x4a ./librscs-master/rscs/_source/i2c.o
                0x000023fa                rscs_i2c_write
 .text.rscs_i2c_write_byte
                0x00002444       0x20 ./librscs-master/rscs/_source/i2c.o
                0x00002444                rscs_i2c_write_byte
 .text.rscs_i2c_read
                0x00002464       0x7c ./librscs-master/rscs/_source/i2c.o
                0x00002464                rscs_i2c_read
 .text.rscs_ringbuf_init
                0x000024e0       0x24 ./librscs-master/rscs/_source/ringbuf.o
                0x000024e0                rscs_ringbuf_init
 .text.rscs_ringbuf_deinit
                0x00002504        0x4 ./librscs-master/rscs/_source/ringbuf.o
                0x00002504                rscs_ringbuf_deinit
 .text.rscs_ringbuf_push
                0x00002508       0x46 ./librscs-master/rscs/_source/ringbuf.o
                0x00002508                rscs_ringbuf_push
 .text.rscs_ringbuf_pop
                0x0000254e       0x4a ./librscs-master/rscs/_source/ringbuf.o
                0x0000254e                rscs_ringbuf_pop
 .text.rscs_ringbuf_getsize
                0x00002598        0xe ./librscs-master/rscs/_source/ringbuf.o
                0x00002598                rscs_ringbuf_getsize
 .text._spi_do_inline
                0x000025a6        0xc ./librscs-master/rscs/_source/spi.o
 .text.rscs_spi_set_clk
                0x000025b2       0x7c ./librscs-master/rscs/_source/spi.o
                0x000025b2                rscs_spi_set_clk
 .text.rscs_spi_init
                0x0000262e       0x1c ./librscs-master/rscs/_source/spi.o
                0x0000262e                rscs_spi_init
 .text.rscs_spi_set_pol
                0x0000264a       0x30 ./librscs-master/rscs/_source/spi.o
                0x0000264a                rscs_spi_set_pol
 .text.rscs_spi_set_order
                0x0000267a       0x1e ./librscs-master/rscs/_source/spi.o
                0x0000267a                rscs_spi_set_order
 .text.rscs_spi_do
                0x00002698        0x4 ./librscs-master/rscs/_source/spi.o
                0x00002698                rscs_spi_do
 .text.rscs_spi_read
                0x0000269c       0x42 ./librscs-master/rscs/_source/spi.o
                0x0000269c                rscs_spi_read
 .text.rscs_spi_write
                0x000026de       0x28 ./librscs-master/rscs/_source/spi.o
                0x000026de                rscs_spi_write
 .text.rscs_spi_exchange
                0x00002706       0x38 ./librscs-master/rscs/_source/spi.o
                0x00002706                rscs_spi_exchange
 .text.__vector_14
                0x0000273e       0x4a ./librscs-master/rscs/_source/timeservice.o
                0x0000273e                __vector_14
 .text.rscs_time_init
                0x00002788       0x30 ./librscs-master/rscs/_source/timeservice.o
                0x00002788                rscs_time_init
 .text.rscs_time_deinit
                0x000027b8       0x20 ./librscs-master/rscs/_source/timeservice.o
                0x000027b8                rscs_time_deinit
 .text.rscs_time_get
                0x000027d8       0x18 ./librscs-master/rscs/_source/timeservice.o
                0x000027d8                rscs_time_get
 .text.rscs_uart_init
                0x000027f0       0xe6 ./librscs-master/rscs/_source/uart.o
                0x000027f0                rscs_uart_init
 .text.rscs_uart_deinit
                0x000028d6       0x4c ./librscs-master/rscs/_source/uart.o
                0x000028d6                rscs_uart_deinit
 .text.rscs_uart_set_character_size
                0x00002922       0x5e ./librscs-master/rscs/_source/uart.o
                0x00002922                rscs_uart_set_character_size
 .text.rscs_uart_set_baudrate
                0x00002980       0x56 ./librscs-master/rscs/_source/uart.o
                0x00002980                rscs_uart_set_baudrate
 .text.rscs_uart_set_parity
                0x000029d6       0x36 ./librscs-master/rscs/_source/uart.o
                0x000029d6                rscs_uart_set_parity
 .text.rscs_uart_set_stop_bits
                0x00002a0c       0x28 ./librscs-master/rscs/_source/uart.o
                0x00002a0c                rscs_uart_set_stop_bits
 .text.rscs_uart_write_some
                0x00002a34       0x66 ./librscs-master/rscs/_source/uart.o
                0x00002a34                rscs_uart_write_some
 .text.rscs_uart_write
                0x00002a9a       0x7e ./librscs-master/rscs/_source/uart.o
                0x00002a9a                rscs_uart_write
 .text.rscs_uart_read_some
                0x00002b18       0x50 ./librscs-master/rscs/_source/uart.o
                0x00002b18                rscs_uart_read_some
 .text.rscs_uart_read
                0x00002b68       0x7e ./librscs-master/rscs/_source/uart.o
                0x00002b68                rscs_uart_read
 .text.__vector_18
                0x00002be6       0x5a ./librscs-master/rscs/_source/uart.o
                0x00002be6                __vector_18
 .text.__vector_19
                0x00002c40       0x94 ./librscs-master/rscs/_source/uart.o
                0x00002c40                __vector_19
 .text.minmea_isfield
                0x00002cd4       0x28 ./librscs-master/rscs/3rd_party/minmea/minmea.o
 .text.hex2int  0x00002cfc       0x32 ./librscs-master/rscs/3rd_party/minmea/minmea.o
 .text.minmea_checksum
                0x00002d2e       0x1e ./librscs-master/rscs/3rd_party/minmea/minmea.o
                0x00002d2e                minmea_checksum
 .text.minmea_check
                0x00002d4c       0xd2 ./librscs-master/rscs/3rd_party/minmea/minmea.o
                0x00002d4c                minmea_check
 .text.minmea_scan
                0x00002e1e      0x69c ./librscs-master/rscs/3rd_party/minmea/minmea.o
                0x00002e1e                minmea_scan
 .text.minmea_talker_id
                0x000034ba       0x5e ./librscs-master/rscs/3rd_party/minmea/minmea.o
                0x000034ba                minmea_talker_id
 .text.minmea_sentence_id
                0x00003518       0xee ./librscs-master/rscs/3rd_party/minmea/minmea.o
                0x00003518                minmea_sentence_id
 .text.minmea_parse_rmc
                0x00003606      0x114 ./librscs-master/rscs/3rd_party/minmea/minmea.o
                0x00003606                minmea_parse_rmc
 .text.minmea_parse_gga
                0x0000371a       0xf8 ./librscs-master/rscs/3rd_party/minmea/minmea.o
                0x0000371a                minmea_parse_gga
 .text.minmea_parse_gsa
                0x00003812       0xe4 ./librscs-master/rscs/3rd_party/minmea/minmea.o
                0x00003812                minmea_parse_gsa
 .text.minmea_parse_gll
                0x000038f6       0xd0 ./librscs-master/rscs/3rd_party/minmea/minmea.o
                0x000038f6                minmea_parse_gll
 .text.minmea_parse_gst
                0x000039c6       0x9c ./librscs-master/rscs/3rd_party/minmea/minmea.o
                0x000039c6                minmea_parse_gst
 .text.minmea_parse_gsv
                0x00003a62       0xf4 ./librscs-master/rscs/3rd_party/minmea/minmea.o
                0x00003a62                minmea_parse_gsv
 .text.minmea_parse_vtg
                0x00003b56       0xd0 ./librscs-master/rscs/3rd_party/minmea/minmea.o
                0x00003b56                minmea_parse_vtg
 .text.libgcc.mul
                0x00003c26        0x0 /usr/lib/gcc/avr/4.9.2/avr5/libgcc.a(_udivmodhi4.o)
 .text.libgcc.div
                0x00003c26       0x28 /usr/lib/gcc/avr/4.9.2/avr5/libgcc.a(_udivmodhi4.o)
                0x00003c26                __udivmodhi4
 .text.libgcc   0x00003c4e        0x0 /usr/lib/gcc/avr/4.9.2/avr5/libgcc.a(_udivmodhi4.o)
 .text.libgcc.prologue
                0x00003c4e        0x0 /usr/lib/gcc/avr/4.9.2/avr5/libgcc.a(_udivmodhi4.o)
 .text.libgcc.builtins
                0x00003c4e        0x0 /usr/lib/gcc/avr/4.9.2/avr5/libgcc.a(_udivmodhi4.o)
 .text.libgcc.fmul
                0x00003c4e        0x0 /usr/lib/gcc/avr/4.9.2/avr5/libgcc.a(_udivmodhi4.o)
 .text.libgcc.fixed
                0x00003c4e        0x0 /usr/lib/gcc/avr/4.9.2/avr5/libgcc.a(_udivmodhi4.o)
 .text.libgcc.mul
                0x00003c4e        0x0 /usr/lib/gcc/avr/4.9.2/avr5/libgcc.a(_udivmodsi4.o)
 .text.libgcc.div
                0x00003c4e       0x44 /usr/lib/gcc/avr/4.9.2/avr5/libgcc.a(_udivmodsi4.o)
                0x00003c4e                __udivmodsi4
 .text.libgcc   0x00003c92        0x0 /usr/lib/gcc/avr/4.9.2/avr5/libgcc.a(_udivmodsi4.o)
 .text.libgcc.prologue
                0x00003c92        0x0 /usr/lib/gcc/avr/4.9.2/avr5/libgcc.a(_udivmodsi4.o)
 .text.libgcc.builtins
                0x00003c92        0x0 /usr/lib/gcc/avr/4.9.2/avr5/libgcc.a(_udivmodsi4.o)
 .text.libgcc.fmul
                0x00003c92        0x0 /usr/lib/gcc/avr/4.9.2/avr5/libgcc.a(_udivmodsi4.o)
 .text.libgcc.fixed
                0x00003c92        0x0 /usr/lib/gcc/avr/4.9.2/avr5/libgcc.a(_udivmodsi4.o)
 .text.libgcc.mul
                0x00003c92        0x0 /usr/lib/gcc/avr/4.9.2/avr5/libgcc.a(_divmodsi4.o)
 .text.libgcc.div
                0x00003c92       0x2e /usr/lib/gcc/avr/4.9.2/avr5/libgcc.a(_divmodsi4.o)
                0x00003c92                __divmodsi4
 .text.libgcc   0x00003cc0        0x0 /usr/lib/gcc/avr/4.9.2/avr5/libgcc.a(_divmodsi4.o)
 .text.libgcc.prologue
                0x00003cc0        0x0 /usr/lib/gcc/avr/4.9.2/avr5/libgcc.a(_divmodsi4.o)
 .text.libgcc.builtins
                0x00003cc0        0x0 /usr/lib/gcc/avr/4.9.2/avr5/libgcc.a(_divmodsi4.o)
 .text.libgcc.fmul
                0x00003cc0        0x0 /usr/lib/gcc/avr/4.9.2/avr5/libgcc.a(_divmodsi4.o)
 .text.libgcc.fixed
                0x00003cc0        0x0 /usr/lib/gcc/avr/4.9.2/avr5/libgcc.a(_divmodsi4.o)
 .text.libgcc.mul
                0x00003cc0        0x0 /usr/lib/gcc/avr/4.9.2/avr5/libgcc.a(_negsi2.o)
 .text.libgcc.div
                0x00003cc0       0x10 /usr/lib/gcc/avr/4.9.2/avr5/libgcc.a(_negsi2.o)
                0x00003cc0                __negsi2
 .text.libgcc   0x00003cd0        0x0 /usr/lib/gcc/avr/4.9.2/avr5/libgcc.a(_negsi2.o)
 .text.libgcc.prologue
                0x00003cd0        0x0 /usr/lib/gcc/avr/4.9.2/avr5/libgcc.a(_negsi2.o)
 .text.libgcc.builtins
                0x00003cd0        0x0 /usr/lib/gcc/avr/4.9.2/avr5/libgcc.a(_negsi2.o)
 .text.libgcc.fmul
                0x00003cd0        0x0 /usr/lib/gcc/avr/4.9.2/avr5/libgcc.a(_negsi2.o)
 .text.libgcc.fixed
                0x00003cd0        0x0 /usr/lib/gcc/avr/4.9.2/avr5/libgcc.a(_negsi2.o)
 .text.libgcc.mul
                0x00003cd0        0x0 /usr/lib/gcc/avr/4.9.2/avr5/libgcc.a(_exit.o)
 .text.libgcc.div
                0x00003cd0        0x0 /usr/lib/gcc/avr/4.9.2/avr5/libgcc.a(_exit.o)
 .text.libgcc   0x00003cd0        0x0 /usr/lib/gcc/avr/4.9.2/avr5/libgcc.a(_exit.o)
 .text.libgcc.prologue
                0x00003cd0        0x0 /usr/lib/gcc/avr/4.9.2/avr5/libgcc.a(_exit.o)
 .text.libgcc.builtins
                0x00003cd0        0x0 /usr/lib/gcc/avr/4.9.2/avr5/libgcc.a(_exit.o)
 .text.libgcc.fmul
                0x00003cd0        0x0 /usr/lib/gcc/avr/4.9.2/avr5/libgcc.a(_exit.o)
 .text.libgcc.fixed
                0x00003cd0        0x0 /usr/lib/gcc/avr/4.9.2/avr5/libgcc.a(_exit.o)
 .text.libgcc.mul
                0x00003cd0        0x0 /usr/lib/gcc/avr/4.9.2/avr5/libgcc.a(_copy_data.o)
 .text.libgcc.div
                0x00003cd0        0x0 /usr/lib/gcc/avr/4.9.2/avr5/libgcc.a(_copy_data.o)
 .text.libgcc   0x00003cd0        0x0 /usr/lib/gcc/avr/4.9.2/avr5/libgcc.a(_copy_data.o)
 .text.libgcc.prologue
                0x00003cd0        0x0 /usr/lib/gcc/avr/4.9.2/avr5/libgcc.a(_copy_data.o)
 .text.libgcc.builtins
                0x00003cd0        0x0 /usr/lib/gcc/avr/4.9.2/avr5/libgcc.a(_copy_data.o)
 .text.libgcc.fmul
                0x00003cd0        0x0 /usr/lib/gcc/avr/4.9.2/avr5/libgcc.a(_copy_data.o)
 .text.libgcc.fixed
                0x00003cd0        0x0 /usr/lib/gcc/avr/4.9.2/avr5/libgcc.a(_copy_data.o)
 .text.libgcc.mul
                0x00003cd0        0x0 /usr/lib/gcc/avr/4.9.2/avr5/libgcc.a(_clear_bss.o)
 .text.libgcc.div
                0x00003cd0        0x0 /usr/lib/gcc/avr/4.9.2/avr5/libgcc.a(_clear_bss.o)
 .text.libgcc   0x00003cd0        0x0 /usr/lib/gcc/avr/4.9.2/avr5/libgcc.a(_clear_bss.o)
 .text.libgcc.prologue
                0x00003cd0        0x0 /usr/lib/gcc/avr/4.9.2/avr5/libgcc.a(_clear_bss.o)
 .text.libgcc.builtins
                0x00003cd0        0x0 /usr/lib/gcc/avr/4.9.2/avr5/libgcc.a(_clear_bss.o)
 .text.libgcc.fmul
                0x00003cd0        0x0 /usr/lib/gcc/avr/4.9.2/avr5/libgcc.a(_clear_bss.o)
 .text.libgcc.fixed
                0x00003cd0        0x0 /usr/lib/gcc/avr/4.9.2/avr5/libgcc.a(_clear_bss.o)
 .text.libgcc.mul
                0x00003cd0       0x16 /usr/lib/gcc/avr/4.9.2/avr5/libgcc.a(_muluhisi3.o)
                0x00003cd0                __muluhisi3
 .text.libgcc.div
                0x00003ce6        0x0 /usr/lib/gcc/avr/4.9.2/avr5/libgcc.a(_muluhisi3.o)
 .text.libgcc   0x00003ce6        0x0 /usr/lib/gcc/avr/4.9.2/avr5/libgcc.a(_muluhisi3.o)
 .text.libgcc.prologue
                0x00003ce6        0x0 /usr/lib/gcc/avr/4.9.2/avr5/libgcc.a(_muluhisi3.o)
 .text.libgcc.builtins
                0x00003ce6        0x0 /usr/lib/gcc/avr/4.9.2/avr5/libgcc.a(_muluhisi3.o)
 .text.libgcc.fmul
                0x00003ce6        0x0 /usr/lib/gcc/avr/4.9.2/avr5/libgcc.a(_muluhisi3.o)
 .text.libgcc.fixed
                0x00003ce6        0x0 /usr/lib/gcc/avr/4.9.2/avr5/libgcc.a(_muluhisi3.o)
 .text.libgcc.mul
                0x00003ce6       0x10 /usr/lib/gcc/avr/4.9.2/avr5/libgcc.a(_mulshisi3.o)
                0x00003ce6                __mulshisi3
                0x00003cec                __mulohisi3
 .text.libgcc.div
                0x00003cf6        0x0 /usr/lib/gcc/avr/4.9.2/avr5/libgcc.a(_mulshisi3.o)
 .text.libgcc   0x00003cf6        0x0 /usr/lib/gcc/avr/4.9.2/avr5/libgcc.a(_mulshisi3.o)
 .text.libgcc.prologue
                0x00003cf6        0x0 /usr/lib/gcc/avr/4.9.2/avr5/libgcc.a(_mulshisi3.o)
 .text.libgcc.builtins
                0x00003cf6        0x0 /usr/lib/gcc/avr/4.9.2/avr5/libgcc.a(_mulshisi3.o)
 .text.libgcc.fmul
                0x00003cf6        0x0 /usr/lib/gcc/avr/4.9.2/avr5/libgcc.a(_mulshisi3.o)
 .text.libgcc.fixed
                0x00003cf6        0x0 /usr/lib/gcc/avr/4.9.2/avr5/libgcc.a(_mulshisi3.o)
 .text.libgcc.mul
                0x00003cf6        0x0 /usr/lib/gcc/avr/4.9.2/avr5/libgcc.a(_prologue.o)
 .text.libgcc.div
                0x00003cf6        0x0 /usr/lib/gcc/avr/4.9.2/avr5/libgcc.a(_prologue.o)
 .text.libgcc   0x00003cf6        0x0 /usr/lib/gcc/avr/4.9.2/avr5/libgcc.a(_prologue.o)
 .text.libgcc.prologue
                0x00003cf6       0x38 /usr/lib/gcc/avr/4.9.2/avr5/libgcc.a(_prologue.o)
                0x00003cf6                __prologue_saves__
 .text.libgcc.builtins
                0x00003d2e        0x0 /usr/lib/gcc/avr/4.9.2/avr5/libgcc.a(_prologue.o)
 .text.libgcc.fmul
                0x00003d2e        0x0 /usr/lib/gcc/avr/4.9.2/avr5/libgcc.a(_prologue.o)
 .text.libgcc.fixed
                0x00003d2e        0x0 /usr/lib/gcc/avr/4.9.2/avr5/libgcc.a(_prologue.o)
 .text.libgcc.mul
                0x00003d2e        0x0 /usr/lib/gcc/avr/4.9.2/avr5/libgcc.a(_epilogue.o)
 .text.libgcc.div
                0x00003d2e        0x0 /usr/lib/gcc/avr/4.9.2/avr5/libgcc.a(_epilogue.o)
 .text.libgcc   0x00003d2e        0x0 /usr/lib/gcc/avr/4.9.2/avr5/libgcc.a(_epilogue.o)
 .text.libgcc.prologue
                0x00003d2e       0x36 /usr/lib/gcc/avr/4.9.2/avr5/libgcc.a(_epilogue.o)
                0x00003d2e                __epilogue_restores__
 .text.libgcc.builtins
                0x00003d64        0x0 /usr/lib/gcc/avr/4.9.2/avr5/libgcc.a(_epilogue.o)
 .text.libgcc.fmul
                0x00003d64        0x0 /usr/lib/gcc/avr/4.9.2/avr5/libgcc.a(_epilogue.o)
 .text.libgcc.fixed
                0x00003d64        0x0 /usr/lib/gcc/avr/4.9.2/avr5/libgcc.a(_epilogue.o)
 .text.libgcc.mul
                0x00003d64       0x1e /usr/lib/gcc/avr/4.9.2/avr5/libgcc.a(_umulhisi3.o)
                0x00003d64                __umulhisi3
 .text.libgcc.div
                0x00003d82        0x0 /usr/lib/gcc/avr/4.9.2/avr5/libgcc.a(_umulhisi3.o)
 .text.libgcc   0x00003d82        0x0 /usr/lib/gcc/avr/4.9.2/avr5/libgcc.a(_umulhisi3.o)
 .text.libgcc.prologue
                0x00003d82        0x0 /usr/lib/gcc/avr/4.9.2/avr5/libgcc.a(_umulhisi3.o)
 .text.libgcc.builtins
                0x00003d82        0x0 /usr/lib/gcc/avr/4.9.2/avr5/libgcc.a(_umulhisi3.o)
 .text.libgcc.fmul
                0x00003d82        0x0 /usr/lib/gcc/avr/4.9.2/avr5/libgcc.a(_umulhisi3.o)
 .text.libgcc.fixed
                0x00003d82        0x0 /usr/lib/gcc/avr/4.9.2/avr5/libgcc.a(_umulhisi3.o)
 .text.avr-libc.fplib
                0x00003d82        0xe /usr/lib/gcc/avr/4.9.2/../../../avr/lib/avr5/libm.a(addsf3.o)
                0x00003d82                __subsf3
                0x00003d84                __addsf3
 .text.avr-libc.fplib
                0x00003d90       0xcc /usr/lib/gcc/avr/4.9.2/../../../avr/lib/avr5/libm.a(addsf3x.o)
                0x00003db2                __addsf3x
 .text.avr-libc.fplib
                0x00003e5c        0xa /usr/lib/gcc/avr/4.9.2/../../../avr/lib/avr5/libm.a(cmpsf2.o)
                0x00003e5c                __lesf2
                0x00003e5c                __nesf2
                0x00003e5c                __eqsf2
                0x00003e5c                __cmpsf2
                0x00003e5c                __ltsf2
 .text.avr-libc.fplib
                0x00003e66        0x8 /usr/lib/gcc/avr/4.9.2/../../../avr/lib/avr5/libm.a(divsf3.o)
                0x00003e66                __divsf3
 .text.avr-libc.fplib
                0x00003e6e       0xdc /usr/lib/gcc/avr/4.9.2/../../../avr/lib/avr5/libm.a(divsf3x.o)
                0x00003e8e                __divsf3x
                0x00003e94                __divsf3_pse
 .text.avr-libc.fplib
                0x00003f4a        0xe /usr/lib/gcc/avr/4.9.2/../../../avr/lib/avr5/libm.a(fixsfsi.o)
                0x00003f4a                __fixsfsi
 .text.avr-libc.fplib
                0x00003f58       0x5e /usr/lib/gcc/avr/4.9.2/../../../avr/lib/avr5/libm.a(fixunssfsi.o)
                0x00003f58                __fixunssfsi
 .text.avr-libc.fplib
                0x00003fb6       0x7a /usr/lib/gcc/avr/4.9.2/../../../avr/lib/avr5/libm.a(floatsisf.o)
                0x00003fb6                __floatunsisf
                0x00003fba                __floatsisf
 .text.avr-libc.fplib
                0x00004030       0x48 /usr/lib/gcc/avr/4.9.2/../../../avr/lib/avr5/libm.a(fp_cmp.o)
                0x00004030                __fp_cmp
 .text.avr-libc.fplib
                0x00004078        0xc /usr/lib/gcc/avr/4.9.2/../../../avr/lib/avr5/libm.a(fp_inf.o)
                0x00004078                __fp_inf
 .text.avr-libc.fplib
                0x00004084        0x6 /usr/lib/gcc/avr/4.9.2/../../../avr/lib/avr5/libm.a(fp_nan.o)
                0x00004084                __fp_nan
 .text.avr-libc.fplib
                0x0000408a        0xe /usr/lib/gcc/avr/4.9.2/../../../avr/lib/avr5/libm.a(fp_pscA.o)
                0x0000408a                __fp_pscA
 .text.avr-libc.fplib
                0x00004098        0xe /usr/lib/gcc/avr/4.9.2/../../../avr/lib/avr5/libm.a(fp_pscB.o)
                0x00004098                __fp_pscB
 .text.avr-libc.fplib
                0x000040a6       0x22 /usr/lib/gcc/avr/4.9.2/../../../avr/lib/avr5/libm.a(fp_round.o)
                0x000040a6                __fp_round
 .text.avr-libc.fplib
                0x000040c8       0x44 /usr/lib/gcc/avr/4.9.2/../../../avr/lib/avr5/libm.a(fp_split3.o)
                0x000040c8                __fp_split3
                0x000040d8                __fp_splitA
 .text.avr-libc.fplib
                0x0000410c        0xe /usr/lib/gcc/avr/4.9.2/../../../avr/lib/avr5/libm.a(fp_zero.o)
                0x0000410c                __fp_zero
                0x0000410e                __fp_szero
 .text.avr-libc.fplib
                0x0000411a        0xa /usr/lib/gcc/avr/4.9.2/../../../avr/lib/avr5/libm.a(gesf2.o)
                0x0000411a                __gtsf2
                0x0000411a                __gesf2
 .text.avr-libc.fplib
                0x00004124       0xa0 /usr/lib/gcc/avr/4.9.2/../../../avr/lib/avr5/libm.a(log.o)
                0x00004134                log
 .text.avr-libc.fplib
                0x000041c4        0x8 /usr/lib/gcc/avr/4.9.2/../../../avr/lib/avr5/libm.a(mulsf3.o)
                0x000041c4                __mulsf3
 .text.avr-libc.fplib
                0x000041cc       0xd2 /usr/lib/gcc/avr/4.9.2/../../../avr/lib/avr5/libm.a(mulsf3x.o)
                0x000041ea                __mulsf3x
                0x000041f0                __mulsf3_pse
 .text.avr-libc.fplib
                0x0000429e       0x1c /usr/lib/gcc/avr/4.9.2/../../../avr/lib/avr5/libm.a(fp_mpack.o)
                0x0000429e                __fp_mpack
                0x000042a2                __fp_mpack_finite
 .text.avr-libc.fplib
                0x000042ba       0x4e /usr/lib/gcc/avr/4.9.2/../../../avr/lib/avr5/libm.a(fp_powser.o)
                0x000042ba                __fp_powser
 .text.avr-libc
                0x00004308      0x25a /usr/lib/gcc/avr/4.9.2/../../../avr/lib/avr5/libc.a(malloc.o)
                0x00004308                malloc
                0x00004432                free
 .text.avr-libc
                0x00004562      0x222 /usr/lib/gcc/avr/4.9.2/../../../avr/lib/avr5/libc.a(strtol.o)
                0x00004562                strtol
 .text.avr-libc
                0x00004784        0xa /usr/lib/gcc/avr/4.9.2/../../../avr/lib/avr5/libc.a(abort.o)
                0x00004784                abort
 .text.avr-libc
                0x0000478e      0x1b0 /usr/lib/gcc/avr/4.9.2/../../../avr/lib/avr5/libc.a(ftoa_engine.o)
                0x0000478e                __ftoa_engine
 .text.avr-libc
                0x0000493e       0x12 /usr/lib/gcc/avr/4.9.2/../../../avr/lib/avr5/libc.a(isprint.o)
                0x0000493e                isgraph
                0x00004942                isprint
 .text.avr-libc
                0x00004950       0x12 /usr/lib/gcc/avr/4.9.2/../../../avr/lib/avr5/libc.a(isspace.o)
                0x00004950                isspace
 .text.avr-libc
                0x00004962       0x16 /usr/lib/gcc/avr/4.9.2/../../../avr/lib/avr5/libc.a(strnlen_P.o)
                0x00004962                strnlen_P
 .text.avr-libc
                0x00004978       0x12 /usr/lib/gcc/avr/4.9.2/../../../avr/lib/avr5/libc.a(strcmp.o)
                0x00004978                strcmp
 .text.avr-libc
                0x0000498a       0x16 /usr/lib/gcc/avr/4.9.2/../../../avr/lib/avr5/libc.a(strnlen.o)
                0x0000498a                strnlen
 .text.avr-libc
                0x000049a0       0x96 /usr/lib/gcc/avr/4.9.2/../../../avr/lib/avr5/libc.a(fdevopen.o)
                0x000049a0                fdevopen
 .text.avr-libc
                0x00004a36       0x70 /usr/lib/gcc/avr/4.9.2/../../../avr/lib/avr5/libc.a(fputc.o)
                0x00004a36                fputc
 .text.avr-libc
                0x00004aa6       0x2c /usr/lib/gcc/avr/4.9.2/../../../avr/lib/avr5/libc.a(printf.o)
                0x00004aa6                printf
 .text.avr-libc
                0x00004ad2       0x60 /usr/lib/gcc/avr/4.9.2/../../../avr/lib/avr5/libc.a(puts.o)
                0x00004ad2                puts
 .text.avr-libc
                0x00004b32       0xbc /usr/lib/gcc/avr/4.9.2/../../../avr/lib/avr5/libc.a(ultoa_invert.o)
                0x00004b32                __ultoa_invert
 .text.avr-libc
                0x00004bee       0x38 /usr/lib/gcc/avr/4.9.2/../../../avr/lib/avr5/libc.a(calloc.o)
                0x00004bee                calloc
 .text.avr-libc
                0x00004c26        0x6 /usr/lib/gcc/avr/4.9.2/../../../avr/lib/avr5/libc.a(cty_isfalse.o)
                0x00004c26                __ctype_isfalse
                0x00004c2a                __ctype_istrue
 .text.avr-libc
                0x00004c2c        0xe /usr/lib/gcc/avr/4.9.2/../../../avr/lib/avr5/libc.a(memset.o)
                0x00004c2c                memset
 .text.libgcc.mul
                0x00004c3a       0x20 /usr/lib/gcc/avr/4.9.2/avr5/libgcc.a(_mulsi3.o)
                0x00004c3a                __mulsi3
 .text.libgcc.div
                0x00004c5a        0x0 /usr/lib/gcc/avr/4.9.2/avr5/libgcc.a(_mulsi3.o)
 .text.libgcc   0x00004c5a        0x0 /usr/lib/gcc/avr/4.9.2/avr5/libgcc.a(_mulsi3.o)
 .text.libgcc.prologue
                0x00004c5a        0x0 /usr/lib/gcc/avr/4.9.2/avr5/libgcc.a(_mulsi3.o)
 .text.libgcc.builtins
                0x00004c5a        0x0 /usr/lib/gcc/avr/4.9.2/avr5/libgcc.a(_mulsi3.o)
 .text.libgcc.fmul
                0x00004c5a        0x0 /usr/lib/gcc/avr/4.9.2/avr5/libgcc.a(_mulsi3.o)
 .text.libgcc.fixed
                0x00004c5a        0x0 /usr/lib/gcc/avr/4.9.2/avr5/libgcc.a(_mulsi3.o)
                0x00004c5a                . = ALIGN (0x2)
 *(.fini9)
 .fini9         0x00004c5a        0x0 /usr/lib/gcc/avr/4.9.2/avr5/libgcc.a(_exit.o)
                0x00004c5a                exit
                0x00004c5a                _exit
 *(.fini9)
 *(.fini8)
 *(.fini8)
 *(.fini7)
 *(.fini7)
 *(.fini6)
 *(.fini6)
 *(.fini5)
 *(.fini5)
 *(.fini4)
 *(.fini4)
 *(.fini3)
 *(.fini3)
 *(.fini2)
 *(.fini2)
 *(.fini1)
 *(.fini1)
 *(.fini0)
 .fini0         0x00004c5a        0x4 /usr/lib/gcc/avr/4.9.2/avr5/libgcc.a(_exit.o)
 *(.fini0)
                0x00004c5e                _etext = .

.data           0x00800100      0x314 load address 0x00004c5e
                0x00800100                PROVIDE (__data_start, .)
 *(.data)
 .data          0x00800100        0x0 /usr/lib/gcc/avr/4.9.2/../../../avr/lib/avr5/crtatmega328p.o
 .data          0x00800100        0x0 /usr/lib/gcc/avr/4.9.2/../../../avr/lib/avr5/libprintf_flt.a(vfprintf_flt.o)
 .data          0x00800100        0x0 ./src/deployment_control.o
 .data          0x00800100        0x0 ./src/main.o
 .data          0x00800100        0x0 ./src/motor_control.o
 .data          0x00800100        0x0 ./src/nRF24L01.o
 .data          0x00800100        0x0 ./src/radio-module.o
 .data          0x00800100        0x0 ./librscs-master/rscs/_source/stdext/stdio.o
 .data          0x00800100        0x0 ./librscs-master/rscs/_source/bmp280.o
 .data          0x00800100        0x0 ./librscs-master/rscs/_source/crc.o
 .data          0x00800100        0x0 ./librscs-master/rscs/_source/i2c.o
 .data          0x00800100        0x0 ./librscs-master/rscs/_source/ringbuf.o
 .data          0x00800100        0x0 ./librscs-master/rscs/_source/spi.o
 .data          0x00800100        0x0 ./librscs-master/rscs/_source/timeservice.o
 .data          0x00800100        0x0 ./librscs-master/rscs/_source/uart.o
 .data          0x00800100        0x0 ./librscs-master/rscs/3rd_party/minmea/minmea.o
 .data          0x00800100        0x0 /usr/lib/gcc/avr/4.9.2/avr5/libgcc.a(_udivmodhi4.o)
 .data          0x00800100        0x0 /usr/lib/gcc/avr/4.9.2/avr5/libgcc.a(_udivmodsi4.o)
 .data          0x00800100        0x0 /usr/lib/gcc/avr/4.9.2/avr5/libgcc.a(_divmodsi4.o)
 .data          0x00800100        0x0 /usr/lib/gcc/avr/4.9.2/avr5/libgcc.a(_negsi2.o)
 .data          0x00800100        0x0 /usr/lib/gcc/avr/4.9.2/avr5/libgcc.a(_exit.o)
 .data          0x00800100        0x0 /usr/lib/gcc/avr/4.9.2/avr5/libgcc.a(_copy_data.o)
 .data          0x00800100        0x0 /usr/lib/gcc/avr/4.9.2/avr5/libgcc.a(_clear_bss.o)
 .data          0x00800100        0x0 /usr/lib/gcc/avr/4.9.2/avr5/libgcc.a(_muluhisi3.o)
 .data          0x00800100        0x0 /usr/lib/gcc/avr/4.9.2/avr5/libgcc.a(_mulshisi3.o)
 .data          0x00800100        0x0 /usr/lib/gcc/avr/4.9.2/avr5/libgcc.a(_prologue.o)
 .data          0x00800100        0x0 /usr/lib/gcc/avr/4.9.2/avr5/libgcc.a(_epilogue.o)
 .data          0x00800100        0x0 /usr/lib/gcc/avr/4.9.2/avr5/libgcc.a(_umulhisi3.o)
 .data          0x00800100        0x0 /usr/lib/gcc/avr/4.9.2/../../../avr/lib/avr5/libm.a(addsf3.o)
 .data          0x00800100        0x0 /usr/lib/gcc/avr/4.9.2/../../../avr/lib/avr5/libm.a(addsf3x.o)
 .data          0x00800100        0x0 /usr/lib/gcc/avr/4.9.2/../../../avr/lib/avr5/libm.a(cmpsf2.o)
 .data          0x00800100        0x0 /usr/lib/gcc/avr/4.9.2/../../../avr/lib/avr5/libm.a(divsf3.o)
 .data          0x00800100        0x0 /usr/lib/gcc/avr/4.9.2/../../../avr/lib/avr5/libm.a(divsf3x.o)
 .data          0x00800100        0x0 /usr/lib/gcc/avr/4.9.2/../../../avr/lib/avr5/libm.a(fixsfsi.o)
 .data          0x00800100        0x0 /usr/lib/gcc/avr/4.9.2/../../../avr/lib/avr5/libm.a(fixunssfsi.o)
 .data          0x00800100        0x0 /usr/lib/gcc/avr/4.9.2/../../../avr/lib/avr5/libm.a(floatsisf.o)
 .data          0x00800100        0x0 /usr/lib/gcc/avr/4.9.2/../../../avr/lib/avr5/libm.a(fp_cmp.o)
 .data          0x00800100        0x0 /usr/lib/gcc/avr/4.9.2/../../../avr/lib/avr5/libm.a(fp_inf.o)
 .data          0x00800100        0x0 /usr/lib/gcc/avr/4.9.2/../../../avr/lib/avr5/libm.a(fp_nan.o)
 .data          0x00800100        0x0 /usr/lib/gcc/avr/4.9.2/../../../avr/lib/avr5/libm.a(fp_pscA.o)
 .data          0x00800100        0x0 /usr/lib/gcc/avr/4.9.2/../../../avr/lib/avr5/libm.a(fp_pscB.o)
 .data          0x00800100        0x0 /usr/lib/gcc/avr/4.9.2/../../../avr/lib/avr5/libm.a(fp_round.o)
 .data          0x00800100        0x0 /usr/lib/gcc/avr/4.9.2/../../../avr/lib/avr5/libm.a(fp_split3.o)
 .data          0x00800100        0x0 /usr/lib/gcc/avr/4.9.2/../../../avr/lib/avr5/libm.a(fp_zero.o)
 .data          0x00800100        0x0 /usr/lib/gcc/avr/4.9.2/../../../avr/lib/avr5/libm.a(gesf2.o)
 .data          0x00800100        0x0 /usr/lib/gcc/avr/4.9.2/../../../avr/lib/avr5/libm.a(log.o)
 .data          0x00800100        0x0 /usr/lib/gcc/avr/4.9.2/../../../avr/lib/avr5/libm.a(mulsf3.o)
 .data          0x00800100        0x0 /usr/lib/gcc/avr/4.9.2/../../../avr/lib/avr5/libm.a(mulsf3x.o)
 .data          0x00800100        0x0 /usr/lib/gcc/avr/4.9.2/../../../avr/lib/avr5/libm.a(fp_mpack.o)
 .data          0x00800100        0x0 /usr/lib/gcc/avr/4.9.2/../../../avr/lib/avr5/libm.a(fp_powser.o)
 .data          0x00800100        0x6 /usr/lib/gcc/avr/4.9.2/../../../avr/lib/avr5/libc.a(malloc.o)
                0x00800100                __malloc_heap_end
                0x00800102                __malloc_heap_start
                0x00800104                __malloc_margin
 .data          0x00800106        0x0 /usr/lib/gcc/avr/4.9.2/../../../avr/lib/avr5/libc.a(strtol.o)
 .data          0x00800106        0x0 /usr/lib/gcc/avr/4.9.2/../../../avr/lib/avr5/libc.a(abort.o)
 .data          0x00800106        0x0 /usr/lib/gcc/avr/4.9.2/../../../avr/lib/avr5/libc.a(ftoa_engine.o)
 .data          0x00800106        0x0 /usr/lib/gcc/avr/4.9.2/../../../avr/lib/avr5/libc.a(isprint.o)
 .data          0x00800106        0x0 /usr/lib/gcc/avr/4.9.2/../../../avr/lib/avr5/libc.a(isspace.o)
 .data          0x00800106        0x0 /usr/lib/gcc/avr/4.9.2/../../../avr/lib/avr5/libc.a(strnlen_P.o)
 .data          0x00800106        0x0 /usr/lib/gcc/avr/4.9.2/../../../avr/lib/avr5/libc.a(strcmp.o)
 .data          0x00800106        0x0 /usr/lib/gcc/avr/4.9.2/../../../avr/lib/avr5/libc.a(strnlen.o)
 .data          0x00800106        0x0 /usr/lib/gcc/avr/4.9.2/../../../avr/lib/avr5/libc.a(fdevopen.o)
 .data          0x00800106        0x0 /usr/lib/gcc/avr/4.9.2/../../../avr/lib/avr5/libc.a(fputc.o)
 .data          0x00800106        0x0 /usr/lib/gcc/avr/4.9.2/../../../avr/lib/avr5/libc.a(iob.o)
 .data          0x00800106        0x0 /usr/lib/gcc/avr/4.9.2/../../../avr/lib/avr5/libc.a(printf.o)
 .data          0x00800106        0x0 /usr/lib/gcc/avr/4.9.2/../../../avr/lib/avr5/libc.a(puts.o)
 .data          0x00800106        0x0 /usr/lib/gcc/avr/4.9.2/../../../avr/lib/avr5/libc.a(ultoa_invert.o)
 .data          0x00800106        0x0 /usr/lib/gcc/avr/4.9.2/../../../avr/lib/avr5/libc.a(calloc.o)
 .data          0x00800106        0x0 /usr/lib/gcc/avr/4.9.2/../../../avr/lib/avr5/libc.a(errno.o)
 .data          0x00800106        0x0 /usr/lib/gcc/avr/4.9.2/../../../avr/lib/avr5/libc.a(cty_isfalse.o)
 .data          0x00800106        0x0 /usr/lib/gcc/avr/4.9.2/../../../avr/lib/avr5/libc.a(memset.o)
 .data          0x00800106        0x0 /usr/lib/gcc/avr/4.9.2/avr5/libgcc.a(_mulsi3.o)
 *(.data*)
 .data.message  0x00800106        0x6 ./src/main.o
                0x00800106                message
 .data._i2c_internal_needinit
                0x0080010c        0x1 ./librscs-master/rscs/_source/i2c.o
 .data._rscs_time_needinit
                0x0080010d        0x1 ./librscs-master/rscs/_source/timeservice.o
                0x0080010d                _rscs_time_needinit
 *(.rodata)
 .rodata        0x0080010e        0x5 ./src/nRF24L01.o
 *(.rodata*)
 .rodata.str1.1
                0x00800113      0x169 ./src/main.o
                                0x176 (size before relaxing)
 .rodata.str1.1
                0x0080027c       0xd1 ./src/nRF24L01.o
 .rodata.str1.1
                0x0080034d       0x40 ./src/radio-module.o
 .rodata.str1.1
                0x0080038d       0x87 ./librscs-master/rscs/3rd_party/minmea/minmea.o
                                 0x89 (size before relaxing)
 *(.gnu.linkonce.d*)
                0x00800414                . = ALIGN (0x2)
                0x00800414                _edata = .
                0x00800414                PROVIDE (__data_end, .)

.bss            0x00800414       0xa4
                0x00800414                PROVIDE (__bss_start, .)
 *(.bss)
 .bss           0x00800414        0x0 /usr/lib/gcc/avr/4.9.2/../../../avr/lib/avr5/crtatmega328p.o
 .bss           0x00800414        0x0 /usr/lib/gcc/avr/4.9.2/../../../avr/lib/avr5/libprintf_flt.a(vfprintf_flt.o)
 .bss           0x00800414        0x0 ./src/deployment_control.o
 .bss           0x00800414        0x0 ./src/main.o
 .bss           0x00800414        0x0 ./src/motor_control.o
 .bss           0x00800414        0x0 ./src/nRF24L01.o
 .bss           0x00800414        0x0 ./src/radio-module.o
 .bss           0x00800414        0x0 ./librscs-master/rscs/_source/stdext/stdio.o
 .bss           0x00800414        0x0 ./librscs-master/rscs/_source/bmp280.o
 .bss           0x00800414        0x0 ./librscs-master/rscs/_source/crc.o
 .bss           0x00800414        0x0 ./librscs-master/rscs/_source/i2c.o
 .bss           0x00800414        0x0 ./librscs-master/rscs/_source/ringbuf.o
 .bss           0x00800414        0x0 ./librscs-master/rscs/_source/spi.o
 .bss           0x00800414        0x0 ./librscs-master/rscs/_source/timeservice.o
 .bss           0x00800414        0x0 ./librscs-master/rscs/_source/uart.o
 .bss           0x00800414        0x0 ./librscs-master/rscs/3rd_party/minmea/minmea.o
 .bss           0x00800414        0x0 /usr/lib/gcc/avr/4.9.2/avr5/libgcc.a(_udivmodhi4.o)
 .bss           0x00800414        0x0 /usr/lib/gcc/avr/4.9.2/avr5/libgcc.a(_udivmodsi4.o)
 .bss           0x00800414        0x0 /usr/lib/gcc/avr/4.9.2/avr5/libgcc.a(_divmodsi4.o)
 .bss           0x00800414        0x0 /usr/lib/gcc/avr/4.9.2/avr5/libgcc.a(_negsi2.o)
 .bss           0x00800414        0x0 /usr/lib/gcc/avr/4.9.2/avr5/libgcc.a(_exit.o)
 .bss           0x00800414        0x0 /usr/lib/gcc/avr/4.9.2/avr5/libgcc.a(_copy_data.o)
 .bss           0x00800414        0x0 /usr/lib/gcc/avr/4.9.2/avr5/libgcc.a(_clear_bss.o)
 .bss           0x00800414        0x0 /usr/lib/gcc/avr/4.9.2/avr5/libgcc.a(_muluhisi3.o)
 .bss           0x00800414        0x0 /usr/lib/gcc/avr/4.9.2/avr5/libgcc.a(_mulshisi3.o)
 .bss           0x00800414        0x0 /usr/lib/gcc/avr/4.9.2/avr5/libgcc.a(_prologue.o)
 .bss           0x00800414        0x0 /usr/lib/gcc/avr/4.9.2/avr5/libgcc.a(_epilogue.o)
 .bss           0x00800414        0x0 /usr/lib/gcc/avr/4.9.2/avr5/libgcc.a(_umulhisi3.o)
 .bss           0x00800414        0x0 /usr/lib/gcc/avr/4.9.2/../../../avr/lib/avr5/libm.a(addsf3.o)
 .bss           0x00800414        0x0 /usr/lib/gcc/avr/4.9.2/../../../avr/lib/avr5/libm.a(addsf3x.o)
 .bss           0x00800414        0x0 /usr/lib/gcc/avr/4.9.2/../../../avr/lib/avr5/libm.a(cmpsf2.o)
 .bss           0x00800414        0x0 /usr/lib/gcc/avr/4.9.2/../../../avr/lib/avr5/libm.a(divsf3.o)
 .bss           0x00800414        0x0 /usr/lib/gcc/avr/4.9.2/../../../avr/lib/avr5/libm.a(divsf3x.o)
 .bss           0x00800414        0x0 /usr/lib/gcc/avr/4.9.2/../../../avr/lib/avr5/libm.a(fixsfsi.o)
 .bss           0x00800414        0x0 /usr/lib/gcc/avr/4.9.2/../../../avr/lib/avr5/libm.a(fixunssfsi.o)
 .bss           0x00800414        0x0 /usr/lib/gcc/avr/4.9.2/../../../avr/lib/avr5/libm.a(floatsisf.o)
 .bss           0x00800414        0x0 /usr/lib/gcc/avr/4.9.2/../../../avr/lib/avr5/libm.a(fp_cmp.o)
 .bss           0x00800414        0x0 /usr/lib/gcc/avr/4.9.2/../../../avr/lib/avr5/libm.a(fp_inf.o)
 .bss           0x00800414        0x0 /usr/lib/gcc/avr/4.9.2/../../../avr/lib/avr5/libm.a(fp_nan.o)
 .bss           0x00800414        0x0 /usr/lib/gcc/avr/4.9.2/../../../avr/lib/avr5/libm.a(fp_pscA.o)
 .bss           0x00800414        0x0 /usr/lib/gcc/avr/4.9.2/../../../avr/lib/avr5/libm.a(fp_pscB.o)
 .bss           0x00800414        0x0 /usr/lib/gcc/avr/4.9.2/../../../avr/lib/avr5/libm.a(fp_round.o)
 .bss           0x00800414        0x0 /usr/lib/gcc/avr/4.9.2/../../../avr/lib/avr5/libm.a(fp_split3.o)
 .bss           0x00800414        0x0 /usr/lib/gcc/avr/4.9.2/../../../avr/lib/avr5/libm.a(fp_zero.o)
 .bss           0x00800414        0x0 /usr/lib/gcc/avr/4.9.2/../../../avr/lib/avr5/libm.a(gesf2.o)
 .bss           0x00800414        0x0 /usr/lib/gcc/avr/4.9.2/../../../avr/lib/avr5/libm.a(log.o)
 .bss           0x00800414        0x0 /usr/lib/gcc/avr/4.9.2/../../../avr/lib/avr5/libm.a(mulsf3.o)
 .bss           0x00800414        0x0 /usr/lib/gcc/avr/4.9.2/../../../avr/lib/avr5/libm.a(mulsf3x.o)
 .bss           0x00800414        0x0 /usr/lib/gcc/avr/4.9.2/../../../avr/lib/avr5/libm.a(fp_mpack.o)
 .bss           0x00800414        0x0 /usr/lib/gcc/avr/4.9.2/../../../avr/lib/avr5/libm.a(fp_powser.o)
 .bss           0x00800414        0x0 /usr/lib/gcc/avr/4.9.2/../../../avr/lib/avr5/libc.a(malloc.o)
 .bss           0x00800414        0x0 /usr/lib/gcc/avr/4.9.2/../../../avr/lib/avr5/libc.a(strtol.o)
 .bss           0x00800414        0x0 /usr/lib/gcc/avr/4.9.2/../../../avr/lib/avr5/libc.a(abort.o)
 .bss           0x00800414        0x0 /usr/lib/gcc/avr/4.9.2/../../../avr/lib/avr5/libc.a(ftoa_engine.o)
 .bss           0x00800414        0x0 /usr/lib/gcc/avr/4.9.2/../../../avr/lib/avr5/libc.a(isprint.o)
 .bss           0x00800414        0x0 /usr/lib/gcc/avr/4.9.2/../../../avr/lib/avr5/libc.a(isspace.o)
 .bss           0x00800414        0x0 /usr/lib/gcc/avr/4.9.2/../../../avr/lib/avr5/libc.a(strnlen_P.o)
 .bss           0x00800414        0x0 /usr/lib/gcc/avr/4.9.2/../../../avr/lib/avr5/libc.a(strcmp.o)
 .bss           0x00800414        0x0 /usr/lib/gcc/avr/4.9.2/../../../avr/lib/avr5/libc.a(strnlen.o)
 .bss           0x00800414        0x0 /usr/lib/gcc/avr/4.9.2/../../../avr/lib/avr5/libc.a(fdevopen.o)
 .bss           0x00800414        0x0 /usr/lib/gcc/avr/4.9.2/../../../avr/lib/avr5/libc.a(fputc.o)
 .bss           0x00800414        0x0 /usr/lib/gcc/avr/4.9.2/../../../avr/lib/avr5/libc.a(iob.o)
 .bss           0x00800414        0x0 /usr/lib/gcc/avr/4.9.2/../../../avr/lib/avr5/libc.a(printf.o)
 .bss           0x00800414        0x0 /usr/lib/gcc/avr/4.9.2/../../../avr/lib/avr5/libc.a(puts.o)
 .bss           0x00800414        0x0 /usr/lib/gcc/avr/4.9.2/../../../avr/lib/avr5/libc.a(ultoa_invert.o)
 .bss           0x00800414        0x0 /usr/lib/gcc/avr/4.9.2/../../../avr/lib/avr5/libc.a(calloc.o)
 .bss           0x00800414        0x0 /usr/lib/gcc/avr/4.9.2/../../../avr/lib/avr5/libc.a(errno.o)
 .bss           0x00800414        0x0 /usr/lib/gcc/avr/4.9.2/../../../avr/lib/avr5/libc.a(cty_isfalse.o)
 .bss           0x00800414        0x0 /usr/lib/gcc/avr/4.9.2/../../../avr/lib/avr5/libc.a(memset.o)
 .bss           0x00800414        0x0 /usr/lib/gcc/avr/4.9.2/avr5/libgcc.a(_mulsi3.o)
 *(.bss*)
 .bss.new_h     0x00800414        0x1 ./src/deployment_control.o
                0x00800414                new_h
 .bss.RX_buffer
                0x00800415       0x20 ./src/main.o
                0x00800415                RX_buffer
 .bss.RX_get    0x00800435        0x1 ./src/main.o
                0x00800435                RX_get
 .bss.step      0x00800436        0x4 ./src/main.o
                0x00800436                step
 .bss.TM_package
                0x0080043a       0x15 ./src/main.o
                0x0080043a                TM_package
 .bss._m_seconds
                0x0080044f        0x4 ./librscs-master/rscs/_source/timeservice.o
                0x0080044f                _m_seconds
 .bss._uart0_bus
                0x00800453        0x2 ./librscs-master/rscs/_source/uart.o
 *(COMMON)
 COMMON         0x00800455        0x2 ./src/deployment_control.o
                0x00800455                bmp280
 COMMON         0x00800457       0x55 ./src/main.o
                0x00800457                RM_input_data
                0x00800477                raw_data
                0x0080047f                device_address
                0x00800484                nRF24L01_RX_BUFFER
                0x008004a4                bmp280_calibration_values
                0x008004a6                RM_input_data_len
                0x008004a7                data_register
                0x008004a8                initial_params
 COMMON         0x008004ac        0x4 /usr/lib/gcc/avr/4.9.2/../../../avr/lib/avr5/libc.a(malloc.o)
                0x008004ac                __brkval
                0x008004ae                __flp
 COMMON         0x008004b0        0x6 /usr/lib/gcc/avr/4.9.2/../../../avr/lib/avr5/libc.a(iob.o)
                0x008004b0                __iob
 COMMON         0x008004b6        0x2 /usr/lib/gcc/avr/4.9.2/../../../avr/lib/avr5/libc.a(errno.o)
                0x008004b6                errno
                0x008004b8                PROVIDE (__bss_end, .)
                0x00004c5e                __data_load_start = LOADADDR (.data)
                0x00004f72                __data_load_end = (__data_load_start + SIZEOF (.data))

.noinit         0x008004b8        0x0
                [!provide]                PROVIDE (__noinit_start, .)
 *(.noinit*)
                [!provide]                PROVIDE (__noinit_end, .)
                0x008004b8                _end = .
                0x008004b8                PROVIDE (__heap_start, .)

.eeprom         0x00810000        0x0
 *(.eeprom*)
                0x00810000                __eeprom_end = .

.fuse
 *(.fuse)
 *(.lfuse)
 *(.hfuse)
 *(.efuse)

.lock
 *(.lock*)

.signature
 *(.signature*)

.user_signatures
 *(.user_signatures*)

.stab
 *(.stab)

.stabstr
 *(.stabstr)

.stab.excl
 *(.stab.excl)

.stab.exclstr
 *(.stab.exclstr)

.stab.index
 *(.stab.index)

.stab.indexstr
 *(.stab.indexstr)

.comment        0x00000000       0x11
 *(.comment)
 .comment       0x00000000       0x11 /usr/lib/gcc/avr/4.9.2/../../../avr/lib/avr5/libprintf_flt.a(vfprintf_flt.o)
                                 0x12 (size before relaxing)
 .comment       0x00000011       0x12 ./src/deployment_control.o
 .comment       0x00000011       0x12 ./src/main.o
 .comment       0x00000011       0x12 ./src/motor_control.o
 .comment       0x00000011       0x12 ./src/nRF24L01.o
 .comment       0x00000011       0x12 ./src/radio-module.o
 .comment       0x00000011       0x12 ./librscs-master/rscs/_source/stdext/stdio.o
 .comment       0x00000011       0x12 ./librscs-master/rscs/_source/bmp280.o
 .comment       0x00000011       0x12 ./librscs-master/rscs/_source/crc.o
 .comment       0x00000011       0x12 ./librscs-master/rscs/_source/i2c.o
 .comment       0x00000011       0x12 ./librscs-master/rscs/_source/ringbuf.o
 .comment       0x00000011       0x12 ./librscs-master/rscs/_source/spi.o
 .comment       0x00000011       0x12 ./librscs-master/rscs/_source/timeservice.o
 .comment       0x00000011       0x12 ./librscs-master/rscs/_source/uart.o
 .comment       0x00000011       0x12 ./librscs-master/rscs/3rd_party/minmea/minmea.o
 .comment       0x00000011       0x12 /usr/lib/gcc/avr/4.9.2/../../../avr/lib/avr5/libc.a(malloc.o)
 .comment       0x00000011       0x12 /usr/lib/gcc/avr/4.9.2/../../../avr/lib/avr5/libc.a(strtol.o)
 .comment       0x00000011       0x12 /usr/lib/gcc/avr/4.9.2/../../../avr/lib/avr5/libc.a(fdevopen.o)
 .comment       0x00000011       0x12 /usr/lib/gcc/avr/4.9.2/../../../avr/lib/avr5/libc.a(fputc.o)
 .comment       0x00000011       0x12 /usr/lib/gcc/avr/4.9.2/../../../avr/lib/avr5/libc.a(iob.o)
 .comment       0x00000011       0x12 /usr/lib/gcc/avr/4.9.2/../../../avr/lib/avr5/libc.a(printf.o)
 .comment       0x00000011       0x12 /usr/lib/gcc/avr/4.9.2/../../../avr/lib/avr5/libc.a(puts.o)
 .comment       0x00000011       0x12 /usr/lib/gcc/avr/4.9.2/../../../avr/lib/avr5/libc.a(calloc.o)
 .comment       0x00000011       0x12 /usr/lib/gcc/avr/4.9.2/../../../avr/lib/avr5/libc.a(errno.o)

.note.gnu.avr.deviceinfo
                0x00000000       0x40
 .note.gnu.avr.deviceinfo
                0x00000000       0x40 /usr/lib/gcc/avr/4.9.2/../../../avr/lib/avr5/crtatmega328p.o

.note.gnu.build-id
 *(.note.gnu.build-id)

.debug
 *(.debug)

.line
 *(.line)

.debug_srcinfo
 *(.debug_srcinfo)

.debug_sfnames
 *(.debug_sfnames)

.debug_aranges
 *(.debug_aranges)

.debug_pubnames
 *(.debug_pubnames)

.debug_info
 *(.debug_info .gnu.linkonce.wi.*)

.debug_abbrev
 *(.debug_abbrev)

.debug_line
 *(.debug_line .debug_line.* .debug_line_end)

.debug_frame
 *(.debug_frame)

.debug_str
 *(.debug_str)

.debug_loc
 *(.debug_loc)

.debug_macinfo
 *(.debug_macinfo)

.debug_weaknames
 *(.debug_weaknames)

.debug_funcnames
 *(.debug_funcnames)

.debug_typenames
 *(.debug_typenames)

.debug_varnames
 *(.debug_varnames)

.debug_pubtypes
 *(.debug_pubtypes)

.debug_ranges
 *(.debug_ranges)

.debug_macro
 *(.debug_macro)
OUTPUT(Unica_2018_ATmega328P.elf elf32-avr)
LOAD linker stubs
