Archive member included to satisfy reference by file (symbol)

/usr/lib/gcc/avr/4.9.2/../../../avr/lib/avr5/libprintf_flt.a(vfprintf_flt.o)
                              (vfprintf)
/usr/lib/gcc/avr/4.9.2/avr5/libgcc.a(_udivmodhi4.o)
                              ./librscs-master/rscs/_source/uart.o (__udivmodhi4)
/usr/lib/gcc/avr/4.9.2/avr5/libgcc.a(_udivmodsi4.o)
                              ./librscs-master/rscs/_source/i2c.o (__udivmodsi4)
/usr/lib/gcc/avr/4.9.2/avr5/libgcc.a(_divmodsi4.o)
                              ./librscs-master/rscs/3rd_party/minmea/minmea.o (__divmodsi4)
/usr/lib/gcc/avr/4.9.2/avr5/libgcc.a(_negsi2.o)
                              /usr/lib/gcc/avr/4.9.2/avr5/libgcc.a(_divmodsi4.o) (__negsi2)
/usr/lib/gcc/avr/4.9.2/avr5/libgcc.a(_exit.o)
                              /usr/lib/gcc/avr/4.9.2/../../../avr/lib/avr5/crtatmega328p.o (exit)
/usr/lib/gcc/avr/4.9.2/avr5/libgcc.a(_copy_data.o)
                              ./src/main.o (__do_copy_data)
/usr/lib/gcc/avr/4.9.2/avr5/libgcc.a(_clear_bss.o)
                              ./src/deployment_control.o (__do_clear_bss)
/usr/lib/gcc/avr/4.9.2/avr5/libgcc.a(_muluhisi3.o)
                              ./librscs-master/rscs/_source/i2c.o (__muluhisi3)
/usr/lib/gcc/avr/4.9.2/avr5/libgcc.a(_mulshisi3.o)
                              ./librscs-master/rscs/3rd_party/minmea/minmea.o (__mulshisi3)
/usr/lib/gcc/avr/4.9.2/avr5/libgcc.a(_prologue.o)
                              /usr/lib/gcc/avr/4.9.2/../../../avr/lib/avr5/libprintf_flt.a(vfprintf_flt.o) (__prologue_saves__)
/usr/lib/gcc/avr/4.9.2/avr5/libgcc.a(_epilogue.o)
                              /usr/lib/gcc/avr/4.9.2/../../../avr/lib/avr5/libprintf_flt.a(vfprintf_flt.o) (__epilogue_restores__)
/usr/lib/gcc/avr/4.9.2/avr5/libgcc.a(_umulhisi3.o)
                              /usr/lib/gcc/avr/4.9.2/avr5/libgcc.a(_muluhisi3.o) (__umulhisi3)
/usr/lib/gcc/avr/4.9.2/../../../avr/lib/avr5/libm.a(addsf3.o)
                              ./src/deployment_control.o (__subsf3)
/usr/lib/gcc/avr/4.9.2/../../../avr/lib/avr5/libm.a(addsf3x.o)
                              /usr/lib/gcc/avr/4.9.2/../../../avr/lib/avr5/libm.a(addsf3.o) (__addsf3x)
/usr/lib/gcc/avr/4.9.2/../../../avr/lib/avr5/libm.a(cmpsf2.o)
                              ./librscs-master/rscs/_source/bmp280.o (__eqsf2)
/usr/lib/gcc/avr/4.9.2/../../../avr/lib/avr5/libm.a(divsf3.o)
                              ./src/deployment_control.o (__divsf3)
/usr/lib/gcc/avr/4.9.2/../../../avr/lib/avr5/libm.a(divsf3x.o)
                              /usr/lib/gcc/avr/4.9.2/../../../avr/lib/avr5/libm.a(divsf3.o) (__divsf3x)
/usr/lib/gcc/avr/4.9.2/../../../avr/lib/avr5/libm.a(fixsfsi.o)
                              ./librscs-master/rscs/_source/bmp280.o (__fixsfsi)
/usr/lib/gcc/avr/4.9.2/../../../avr/lib/avr5/libm.a(fixunssfsi.o)
                              ./librscs-master/rscs/_source/uart.o (__fixunssfsi)
/usr/lib/gcc/avr/4.9.2/../../../avr/lib/avr5/libm.a(floatsisf.o)
                              ./librscs-master/rscs/_source/bmp280.o (__floatunsisf)
/usr/lib/gcc/avr/4.9.2/../../../avr/lib/avr5/libm.a(fp_cmp.o)
                              /usr/lib/gcc/avr/4.9.2/../../../avr/lib/avr5/libm.a(cmpsf2.o) (__fp_cmp)
/usr/lib/gcc/avr/4.9.2/../../../avr/lib/avr5/libm.a(fp_inf.o)
                              /usr/lib/gcc/avr/4.9.2/../../../avr/lib/avr5/libm.a(addsf3x.o) (__fp_inf)
/usr/lib/gcc/avr/4.9.2/../../../avr/lib/avr5/libm.a(fp_nan.o)
                              /usr/lib/gcc/avr/4.9.2/../../../avr/lib/avr5/libm.a(addsf3x.o) (__fp_nan)
/usr/lib/gcc/avr/4.9.2/../../../avr/lib/avr5/libm.a(fp_pscA.o)
                              /usr/lib/gcc/avr/4.9.2/../../../avr/lib/avr5/libm.a(addsf3x.o) (__fp_pscA)
/usr/lib/gcc/avr/4.9.2/../../../avr/lib/avr5/libm.a(fp_pscB.o)
                              /usr/lib/gcc/avr/4.9.2/../../../avr/lib/avr5/libm.a(addsf3x.o) (__fp_pscB)
/usr/lib/gcc/avr/4.9.2/../../../avr/lib/avr5/libm.a(fp_round.o)
                              /usr/lib/gcc/avr/4.9.2/../../../avr/lib/avr5/libm.a(addsf3.o) (__fp_round)
/usr/lib/gcc/avr/4.9.2/../../../avr/lib/avr5/libm.a(fp_split3.o)
                              /usr/lib/gcc/avr/4.9.2/../../../avr/lib/avr5/libm.a(addsf3x.o) (__fp_split3)
/usr/lib/gcc/avr/4.9.2/../../../avr/lib/avr5/libm.a(fp_zero.o)
                              /usr/lib/gcc/avr/4.9.2/../../../avr/lib/avr5/libm.a(addsf3x.o) (__fp_zero)
/usr/lib/gcc/avr/4.9.2/../../../avr/lib/avr5/libm.a(gesf2.o)
                              ./src/deployment_control.o (__gtsf2)
/usr/lib/gcc/avr/4.9.2/../../../avr/lib/avr5/libm.a(log.o)
                              ./src/deployment_control.o (log)
/usr/lib/gcc/avr/4.9.2/../../../avr/lib/avr5/libm.a(mulsf3.o)
                              ./src/deployment_control.o (__mulsf3)
/usr/lib/gcc/avr/4.9.2/../../../avr/lib/avr5/libm.a(mulsf3x.o)
                              /usr/lib/gcc/avr/4.9.2/../../../avr/lib/avr5/libm.a(log.o) (__mulsf3x)
/usr/lib/gcc/avr/4.9.2/../../../avr/lib/avr5/libm.a(fp_mpack.o)
                              /usr/lib/gcc/avr/4.9.2/../../../avr/lib/avr5/libm.a(log.o) (__fp_mpack)
/usr/lib/gcc/avr/4.9.2/../../../avr/lib/avr5/libm.a(fp_powser.o)
                              /usr/lib/gcc/avr/4.9.2/../../../avr/lib/avr5/libm.a(log.o) (__fp_powser)
/usr/lib/gcc/avr/4.9.2/../../../avr/lib/avr5/libc.a(malloc.o)
                              ./librscs-master/rscs/_source/bmp280.o (malloc)
/usr/lib/gcc/avr/4.9.2/../../../avr/lib/avr5/libc.a(strtol.o)
                              ./librscs-master/rscs/3rd_party/minmea/minmea.o (strtol)
/usr/lib/gcc/avr/4.9.2/../../../avr/lib/avr5/libc.a(abort.o)
                              ./librscs-master/rscs/_source/spi.o (abort)
/usr/lib/gcc/avr/4.9.2/../../../avr/lib/avr5/libc.a(ftoa_engine.o)
                              /usr/lib/gcc/avr/4.9.2/../../../avr/lib/avr5/libprintf_flt.a(vfprintf_flt.o) (__ftoa_engine)
/usr/lib/gcc/avr/4.9.2/../../../avr/lib/avr5/libc.a(isprint.o)
                              ./librscs-master/rscs/3rd_party/minmea/minmea.o (isprint)
/usr/lib/gcc/avr/4.9.2/../../../avr/lib/avr5/libc.a(isspace.o)
                              /usr/lib/gcc/avr/4.9.2/../../../avr/lib/avr5/libc.a(strtol.o) (isspace)
/usr/lib/gcc/avr/4.9.2/../../../avr/lib/avr5/libc.a(strnlen_P.o)
                              /usr/lib/gcc/avr/4.9.2/../../../avr/lib/avr5/libprintf_flt.a(vfprintf_flt.o) (strnlen_P)
/usr/lib/gcc/avr/4.9.2/../../../avr/lib/avr5/libc.a(strcmp.o)
                              ./librscs-master/rscs/3rd_party/minmea/minmea.o (strcmp)
/usr/lib/gcc/avr/4.9.2/../../../avr/lib/avr5/libc.a(strnlen.o)
                              /usr/lib/gcc/avr/4.9.2/../../../avr/lib/avr5/libprintf_flt.a(vfprintf_flt.o) (strnlen)
/usr/lib/gcc/avr/4.9.2/../../../avr/lib/avr5/libc.a(fdevopen.o)
                              ./librscs-master/rscs/_source/stdext/stdio.o (fdevopen)
/usr/lib/gcc/avr/4.9.2/../../../avr/lib/avr5/libc.a(fputc.o)
                              /usr/lib/gcc/avr/4.9.2/../../../avr/lib/avr5/libprintf_flt.a(vfprintf_flt.o) (fputc)
/usr/lib/gcc/avr/4.9.2/../../../avr/lib/avr5/libc.a(iob.o)
                              ./src/main.o (__iob)
/usr/lib/gcc/avr/4.9.2/../../../avr/lib/avr5/libc.a(puts.o)
                              ./src/main.o (puts)
/usr/lib/gcc/avr/4.9.2/../../../avr/lib/avr5/libc.a(ultoa_invert.o)
                              /usr/lib/gcc/avr/4.9.2/../../../avr/lib/avr5/libprintf_flt.a(vfprintf_flt.o) (__ultoa_invert)
/usr/lib/gcc/avr/4.9.2/../../../avr/lib/avr5/libc.a(calloc.o)
                              /usr/lib/gcc/avr/4.9.2/../../../avr/lib/avr5/libc.a(fdevopen.o) (calloc)
/usr/lib/gcc/avr/4.9.2/../../../avr/lib/avr5/libc.a(errno.o)
                              /usr/lib/gcc/avr/4.9.2/../../../avr/lib/avr5/libc.a(strtol.o) (errno)
/usr/lib/gcc/avr/4.9.2/../../../avr/lib/avr5/libc.a(cty_isfalse.o)
                              /usr/lib/gcc/avr/4.9.2/../../../avr/lib/avr5/libc.a(isprint.o) (__ctype_isfalse)
/usr/lib/gcc/avr/4.9.2/../../../avr/lib/avr5/libc.a(memset.o)
                              /usr/lib/gcc/avr/4.9.2/../../../avr/lib/avr5/libc.a(calloc.o) (memset)
/usr/lib/gcc/avr/4.9.2/avr5/libgcc.a(_mulsi3.o)
                              /usr/lib/gcc/avr/4.9.2/../../../avr/lib/avr5/libc.a(strtol.o) (__mulsi3)

Allocating common symbols
Common symbol       size              file

raw_data            0x8               ./src/main.o
errno               0x2               /usr/lib/gcc/avr/4.9.2/../../../avr/lib/avr5/libc.a(errno.o)
device_address      0x5               ./src/main.o
__brkval            0x2               /usr/lib/gcc/avr/4.9.2/../../../avr/lib/avr5/libc.a(malloc.o)
nRF24L01_RX_BUFFER  0x20              ./src/main.o
bmp280_calibration_values
                    0x2               ./src/main.o
data_register       0x1               ./src/main.o
initial_params      0x4               ./src/main.o
bmp280              0x2               ./src/deployment_control.o
__flp               0x2               /usr/lib/gcc/avr/4.9.2/../../../avr/lib/avr5/libc.a(malloc.o)
__iob               0x6               /usr/lib/gcc/avr/4.9.2/../../../avr/lib/avr5/libc.a(iob.o)

Memory Configuration

Name             Origin             Length             Attributes
text             0x00000000         0x00020000         xr
data             0x00800060         0x0000ffa0         rw !x
eeprom           0x00810000         0x00010000         rw !x
fuse             0x00820000         0x00000400         rw !x
lock             0x00830000         0x00000400         rw !x
signature        0x00840000         0x00000400         rw !x
user_signatures  0x00850000         0x00000400         rw !x
*default*        0x00000000         0xffffffff

Linker script and memory map

Address of section .data set to 0x800100
LOAD /usr/lib/gcc/avr/4.9.2/../../../avr/lib/avr5/crtatmega328p.o
LOAD /usr/lib/gcc/avr/4.9.2/../../../avr/lib/avr5/libprintf_flt.a
LOAD /usr/lib/gcc/avr/4.9.2/../../../avr/lib/avr5/libm.a
LOAD ./src/deployment_control.o
LOAD ./src/main.o
LOAD ./src/motor_control.o
LOAD ./src/nRF24L01.o
LOAD ./src/radio-module.o
LOAD ./librscs-master/rscs/_source/stdext/stdio.o
LOAD ./librscs-master/rscs/_source/bmp280.o
LOAD ./librscs-master/rscs/_source/crc.o
LOAD ./librscs-master/rscs/_source/i2c.o
LOAD ./librscs-master/rscs/_source/ringbuf.o
LOAD ./librscs-master/rscs/_source/spi.o
LOAD ./librscs-master/rscs/_source/timeservice.o
LOAD ./librscs-master/rscs/_source/uart.o
LOAD ./librscs-master/rscs/3rd_party/minmea/minmea.o
START GROUP
LOAD /usr/lib/gcc/avr/4.9.2/avr5/libgcc.a
LOAD /usr/lib/gcc/avr/4.9.2/../../../avr/lib/avr5/libm.a
LOAD /usr/lib/gcc/avr/4.9.2/../../../avr/lib/avr5/libc.a
LOAD /usr/lib/gcc/avr/4.9.2/../../../avr/lib/avr5/libatmega328p.a
END GROUP
                0x00020000                __TEXT_REGION_LENGTH__ = DEFINED (__TEXT_REGION_LENGTH__)?__TEXT_REGION_LENGTH__:0x20000
                0x0000ffa0                __DATA_REGION_LENGTH__ = DEFINED (__DATA_REGION_LENGTH__)?__DATA_REGION_LENGTH__:0xffa0
                0x00010000                __EEPROM_REGION_LENGTH__ = DEFINED (__EEPROM_REGION_LENGTH__)?__EEPROM_REGION_LENGTH__:0x10000
                0x00000400                __FUSE_REGION_LENGTH__ = DEFINED (__FUSE_REGION_LENGTH__)?__FUSE_REGION_LENGTH__:0x400
                0x00000400                __LOCK_REGION_LENGTH__ = DEFINED (__LOCK_REGION_LENGTH__)?__LOCK_REGION_LENGTH__:0x400
                0x00000400                __SIGNATURE_REGION_LENGTH__ = DEFINED (__SIGNATURE_REGION_LENGTH__)?__SIGNATURE_REGION_LENGTH__:0x400
                0x00000400                __USER_SIGNATURE_REGION_LENGTH__ = DEFINED (__USER_SIGNATURE_REGION_LENGTH__)?__USER_SIGNATURE_REGION_LENGTH__:0x400

.hash
 *(.hash)

.dynsym
 *(.dynsym)

.dynstr
 *(.dynstr)

.gnu.version
 *(.gnu.version)

.gnu.version_d
 *(.gnu.version_d)

.gnu.version_r
 *(.gnu.version_r)

.rel.init
 *(.rel.init)

.rela.init
 *(.rela.init)

.rel.text
 *(.rel.text)
 *(.rel.text.*)
 *(.rel.gnu.linkonce.t*)

.rela.text
 *(.rela.text)
 *(.rela.text.*)
 *(.rela.gnu.linkonce.t*)

.rel.fini
 *(.rel.fini)

.rela.fini
 *(.rela.fini)

.rel.rodata
 *(.rel.rodata)
 *(.rel.rodata.*)
 *(.rel.gnu.linkonce.r*)

.rela.rodata
 *(.rela.rodata)
 *(.rela.rodata.*)
 *(.rela.gnu.linkonce.r*)

.rel.data
 *(.rel.data)
 *(.rel.data.*)
 *(.rel.gnu.linkonce.d*)

.rela.data
 *(.rela.data)
 *(.rela.data.*)
 *(.rela.gnu.linkonce.d*)

.rel.ctors
 *(.rel.ctors)

.rela.ctors
 *(.rela.ctors)

.rel.dtors
 *(.rel.dtors)

.rela.dtors
 *(.rela.dtors)

.rel.got
 *(.rel.got)

.rela.got
 *(.rela.got)

.rel.bss
 *(.rel.bss)

.rela.bss
 *(.rela.bss)

.rel.plt
 *(.rel.plt)

.rela.plt
 *(.rela.plt)

.text           0x00000000     0x4652
 *(.vectors)
 .vectors       0x00000000       0x68 /usr/lib/gcc/avr/4.9.2/../../../avr/lib/avr5/crtatmega328p.o
                0x00000000                __vectors
                0x00000000                __vector_default
 *(.vectors)
 *(.progmem.gcc*)
 .progmem.gcc_fplib
                0x00000068       0x5a /usr/lib/gcc/avr/4.9.2/../../../avr/lib/avr5/libm.a(log.o)
                0x000000c2                . = ALIGN (0x2)
                0x000000c2                __trampolines_start = .
 *(.trampolines)
 .trampolines   0x000000c2        0x0 linker stubs
 *(.trampolines*)
                0x000000c2                __trampolines_end = .
 *libprintf_flt.a:*(.progmem.data)
 .progmem.data  0x000000c2        0x8 /usr/lib/gcc/avr/4.9.2/../../../avr/lib/avr5/libprintf_flt.a(vfprintf_flt.o)
 *libc.a:*(.progmem.data)
 .progmem.data  0x000000ca       0xfa /usr/lib/gcc/avr/4.9.2/../../../avr/lib/avr5/libc.a(ftoa_engine.o)
 *(.progmem*)
 .progmem.data.crc8_table
                0x000001c4      0x100 ./librscs-master/rscs/_source/crc.o
                0x000001c4                crc8_table
                0x000002c4                . = ALIGN (0x2)
 *(.jumptables)
 *(.jumptables*)
 *(.lowtext)
 *(.lowtext*)
                0x000002c4                __ctors_start = .
 *(.ctors)
                0x000002c4                __ctors_end = .
                0x000002c4                __dtors_start = .
 *(.dtors)
                0x000002c4                __dtors_end = .
 SORT(*)(.ctors)
 SORT(*)(.dtors)
 *(.init0)
 .init0         0x000002c4        0x0 /usr/lib/gcc/avr/4.9.2/../../../avr/lib/avr5/crtatmega328p.o
                0x000002c4                __init
 *(.init0)
 *(.init1)
 *(.init1)
 *(.init2)
 .init2         0x000002c4        0xc /usr/lib/gcc/avr/4.9.2/../../../avr/lib/avr5/crtatmega328p.o
 *(.init2)
 *(.init3)
 *(.init3)
 *(.init4)
 .init4         0x000002d0       0x16 /usr/lib/gcc/avr/4.9.2/avr5/libgcc.a(_copy_data.o)
                0x000002d0                __do_copy_data
 .init4         0x000002e6       0x10 /usr/lib/gcc/avr/4.9.2/avr5/libgcc.a(_clear_bss.o)
                0x000002e6                __do_clear_bss
 *(.init4)
 *(.init5)
 *(.init5)
 *(.init6)
 *(.init6)
 *(.init7)
 *(.init7)
 *(.init8)
 *(.init8)
 *(.init9)
 .init9         0x000002f6        0x8 /usr/lib/gcc/avr/4.9.2/../../../avr/lib/avr5/crtatmega328p.o
 *(.init9)
 *(.text)
 .text          0x000002fe        0x4 /usr/lib/gcc/avr/4.9.2/../../../avr/lib/avr5/crtatmega328p.o
                0x000002fe                __vector_22
                0x000002fe                __vector_24
                0x000002fe                __vector_12
                0x000002fe                __bad_interrupt
                0x000002fe                __vector_6
                0x000002fe                __vector_3
                0x000002fe                __vector_23
                0x000002fe                __vector_25
                0x000002fe                __vector_11
                0x000002fe                __vector_13
                0x000002fe                __vector_17
                0x000002fe                __vector_7
                0x000002fe                __vector_5
                0x000002fe                __vector_4
                0x000002fe                __vector_9
                0x000002fe                __vector_2
                0x000002fe                __vector_21
                0x000002fe                __vector_15
                0x000002fe                __vector_8
                0x000002fe                __vector_10
                0x000002fe                __vector_16
                0x000002fe                __vector_20
 .text          0x00000302        0x0 /usr/lib/gcc/avr/4.9.2/../../../avr/lib/avr5/libprintf_flt.a(vfprintf_flt.o)
 .text          0x00000302        0x0 ./src/deployment_control.o
 .text          0x00000302        0x0 ./src/main.o
 .text          0x00000302        0x0 ./src/motor_control.o
 .text          0x00000302        0x0 ./src/nRF24L01.o
 .text          0x00000302        0x0 ./src/radio-module.o
 .text          0x00000302        0x0 ./librscs-master/rscs/_source/stdext/stdio.o
 .text          0x00000302        0x0 ./librscs-master/rscs/_source/bmp280.o
 .text          0x00000302        0x0 ./librscs-master/rscs/_source/crc.o
 .text          0x00000302        0x0 ./librscs-master/rscs/_source/i2c.o
 .text          0x00000302        0x0 ./librscs-master/rscs/_source/ringbuf.o
 .text          0x00000302        0x0 ./librscs-master/rscs/_source/spi.o
 .text          0x00000302        0x0 ./librscs-master/rscs/_source/timeservice.o
 .text          0x00000302        0x0 ./librscs-master/rscs/_source/uart.o
 .text          0x00000302        0x0 ./librscs-master/rscs/3rd_party/minmea/minmea.o
 .text          0x00000302        0x0 /usr/lib/gcc/avr/4.9.2/avr5/libgcc.a(_udivmodhi4.o)
 .text          0x00000302        0x0 /usr/lib/gcc/avr/4.9.2/avr5/libgcc.a(_udivmodsi4.o)
 .text          0x00000302        0x0 /usr/lib/gcc/avr/4.9.2/avr5/libgcc.a(_divmodsi4.o)
 .text          0x00000302        0x0 /usr/lib/gcc/avr/4.9.2/avr5/libgcc.a(_negsi2.o)
 .text          0x00000302        0x0 /usr/lib/gcc/avr/4.9.2/avr5/libgcc.a(_exit.o)
 .text          0x00000302        0x0 /usr/lib/gcc/avr/4.9.2/avr5/libgcc.a(_copy_data.o)
 .text          0x00000302        0x0 /usr/lib/gcc/avr/4.9.2/avr5/libgcc.a(_clear_bss.o)
 .text          0x00000302        0x0 /usr/lib/gcc/avr/4.9.2/avr5/libgcc.a(_muluhisi3.o)
 .text          0x00000302        0x0 /usr/lib/gcc/avr/4.9.2/avr5/libgcc.a(_mulshisi3.o)
 .text          0x00000302        0x0 /usr/lib/gcc/avr/4.9.2/avr5/libgcc.a(_prologue.o)
 .text          0x00000302        0x0 /usr/lib/gcc/avr/4.9.2/avr5/libgcc.a(_epilogue.o)
 .text          0x00000302        0x0 /usr/lib/gcc/avr/4.9.2/avr5/libgcc.a(_umulhisi3.o)
 .text          0x00000302        0x0 /usr/lib/gcc/avr/4.9.2/../../../avr/lib/avr5/libm.a(addsf3.o)
 .text          0x00000302        0x0 /usr/lib/gcc/avr/4.9.2/../../../avr/lib/avr5/libm.a(addsf3x.o)
 .text          0x00000302        0x0 /usr/lib/gcc/avr/4.9.2/../../../avr/lib/avr5/libm.a(cmpsf2.o)
 .text          0x00000302        0x0 /usr/lib/gcc/avr/4.9.2/../../../avr/lib/avr5/libm.a(divsf3.o)
 .text          0x00000302        0x0 /usr/lib/gcc/avr/4.9.2/../../../avr/lib/avr5/libm.a(divsf3x.o)
 .text          0x00000302        0x0 /usr/lib/gcc/avr/4.9.2/../../../avr/lib/avr5/libm.a(fixsfsi.o)
 .text          0x00000302        0x0 /usr/lib/gcc/avr/4.9.2/../../../avr/lib/avr5/libm.a(fixunssfsi.o)
 .text          0x00000302        0x0 /usr/lib/gcc/avr/4.9.2/../../../avr/lib/avr5/libm.a(floatsisf.o)
 .text          0x00000302        0x0 /usr/lib/gcc/avr/4.9.2/../../../avr/lib/avr5/libm.a(fp_cmp.o)
 .text          0x00000302        0x0 /usr/lib/gcc/avr/4.9.2/../../../avr/lib/avr5/libm.a(fp_inf.o)
 .text          0x00000302        0x0 /usr/lib/gcc/avr/4.9.2/../../../avr/lib/avr5/libm.a(fp_nan.o)
 .text          0x00000302        0x0 /usr/lib/gcc/avr/4.9.2/../../../avr/lib/avr5/libm.a(fp_pscA.o)
 .text          0x00000302        0x0 /usr/lib/gcc/avr/4.9.2/../../../avr/lib/avr5/libm.a(fp_pscB.o)
 .text          0x00000302        0x0 /usr/lib/gcc/avr/4.9.2/../../../avr/lib/avr5/libm.a(fp_round.o)
 .text          0x00000302        0x0 /usr/lib/gcc/avr/4.9.2/../../../avr/lib/avr5/libm.a(fp_split3.o)
 .text          0x00000302        0x0 /usr/lib/gcc/avr/4.9.2/../../../avr/lib/avr5/libm.a(fp_zero.o)
 .text          0x00000302        0x0 /usr/lib/gcc/avr/4.9.2/../../../avr/lib/avr5/libm.a(gesf2.o)
 .text          0x00000302        0x0 /usr/lib/gcc/avr/4.9.2/../../../avr/lib/avr5/libm.a(log.o)
 .text          0x00000302        0x0 /usr/lib/gcc/avr/4.9.2/../../../avr/lib/avr5/libm.a(mulsf3.o)
 .text          0x00000302        0x0 /usr/lib/gcc/avr/4.9.2/../../../avr/lib/avr5/libm.a(mulsf3x.o)
 .text          0x00000302        0x0 /usr/lib/gcc/avr/4.9.2/../../../avr/lib/avr5/libm.a(fp_mpack.o)
 .text          0x00000302        0x0 /usr/lib/gcc/avr/4.9.2/../../../avr/lib/avr5/libm.a(fp_powser.o)
 .text          0x00000302        0x0 /usr/lib/gcc/avr/4.9.2/../../../avr/lib/avr5/libc.a(malloc.o)
 .text          0x00000302        0x0 /usr/lib/gcc/avr/4.9.2/../../../avr/lib/avr5/libc.a(strtol.o)
 .text          0x00000302        0x0 /usr/lib/gcc/avr/4.9.2/../../../avr/lib/avr5/libc.a(abort.o)
 .text          0x00000302        0x0 /usr/lib/gcc/avr/4.9.2/../../../avr/lib/avr5/libc.a(ftoa_engine.o)
 .text          0x00000302        0x0 /usr/lib/gcc/avr/4.9.2/../../../avr/lib/avr5/libc.a(isprint.o)
 .text          0x00000302        0x0 /usr/lib/gcc/avr/4.9.2/../../../avr/lib/avr5/libc.a(isspace.o)
 .text          0x00000302        0x0 /usr/lib/gcc/avr/4.9.2/../../../avr/lib/avr5/libc.a(strnlen_P.o)
 .text          0x00000302        0x0 /usr/lib/gcc/avr/4.9.2/../../../avr/lib/avr5/libc.a(strcmp.o)
 .text          0x00000302        0x0 /usr/lib/gcc/avr/4.9.2/../../../avr/lib/avr5/libc.a(strnlen.o)
 .text          0x00000302        0x0 /usr/lib/gcc/avr/4.9.2/../../../avr/lib/avr5/libc.a(fdevopen.o)
 .text          0x00000302        0x0 /usr/lib/gcc/avr/4.9.2/../../../avr/lib/avr5/libc.a(fputc.o)
 .text          0x00000302        0x0 /usr/lib/gcc/avr/4.9.2/../../../avr/lib/avr5/libc.a(iob.o)
 .text          0x00000302        0x0 /usr/lib/gcc/avr/4.9.2/../../../avr/lib/avr5/libc.a(puts.o)
 .text          0x00000302        0x0 /usr/lib/gcc/avr/4.9.2/../../../avr/lib/avr5/libc.a(ultoa_invert.o)
 .text          0x00000302        0x0 /usr/lib/gcc/avr/4.9.2/../../../avr/lib/avr5/libc.a(calloc.o)
 .text          0x00000302        0x0 /usr/lib/gcc/avr/4.9.2/../../../avr/lib/avr5/libc.a(errno.o)
 .text          0x00000302        0x0 /usr/lib/gcc/avr/4.9.2/../../../avr/lib/avr5/libc.a(cty_isfalse.o)
 .text          0x00000302        0x0 /usr/lib/gcc/avr/4.9.2/../../../avr/lib/avr5/libc.a(memset.o)
 .text          0x00000302        0x0 /usr/lib/gcc/avr/4.9.2/avr5/libgcc.a(_mulsi3.o)
                0x00000302                . = ALIGN (0x2)
 *(.text.*)
 .text.avr-libc
                0x00000302      0x6f8 /usr/lib/gcc/avr/4.9.2/../../../avr/lib/avr5/libprintf_flt.a(vfprintf_flt.o)
                0x00000302                vfprintf
 .text.set_zero_pressure
                0x000009fa       0x88 ./src/deployment_control.o
                0x000009fa                set_zero_pressure
 .text.calculate_height
                0x00000a82       0x32 ./src/deployment_control.o
                0x00000a82                calculate_height
 .text.check_height
                0x00000ab4       0x1a ./src/deployment_control.o
                0x00000ab4                check_height
 .text.check_command
                0x00000ace        0xe ./src/deployment_control.o
                0x00000ace                check_command
 .text.deploy_parashute
                0x00000adc        0x8 ./src/deployment_control.o
                0x00000adc                deploy_parashute
 .text.check_down_height
                0x00000ae4      0x118 ./src/deployment_control.o
                0x00000ae4                check_down_height
 .text.check_invariable_height
                0x00000bfc      0x118 ./src/deployment_control.o
                0x00000bfc                check_invariable_height
 .text.__vector_1
                0x00000d14       0x2a ./src/deployment_control.o
                0x00000d14                __vector_1
 .text.startup.main
                0x00000d3e       0x72 ./src/main.o
                0x00000d3e                main
 .text._cs_enable
                0x00000db0        0x4 ./src/nRF24L01.o
 .text._cs_disable
                0x00000db4        0x4 ./src/nRF24L01.o
 .text.nRF24L01_send_command
                0x00000db8       0x44 ./src/nRF24L01.o
                0x00000db8                nRF24L01_send_command
 .text.nRF24L01_write
                0x00000dfc       0x54 ./src/nRF24L01.o
                0x00000dfc                nRF24L01_write
 .text.nRF24L01_write_register_address
                0x00000e50       0x90 ./src/nRF24L01.o
                0x00000e50                nRF24L01_write_register_address
 .text.nRF24L01_write_register
                0x00000ee0       0x3c ./src/nRF24L01.o
                0x00000ee0                nRF24L01_write_register
 .text.nRF24L01_init
                0x00000f1c       0xe0 ./src/nRF24L01.o
                0x00000f1c                nRF24L01_init
 .text.nRF24L01_read_register
                0x00000ffc       0x42 ./src/nRF24L01.o
                0x00000ffc                nRF24L01_read_register
 .text.nRF24L01_read_register_address
                0x0000103e       0x4c ./src/nRF24L01.o
                0x0000103e                nRF24L01_read_register_address
 .text.nRF24L01_read_status
                0x0000108a       0x24 ./src/nRF24L01.o
                0x0000108a                nRF24L01_read_status
 .text.nRF24L01_RX_mode_on
                0x000010ae       0x26 ./src/nRF24L01.o
                0x000010ae                nRF24L01_RX_mode_on
 .text.nRF24L01_clear_status
                0x000010d4       0x60 ./src/nRF24L01.o
                0x000010d4                nRF24L01_clear_status
 .text.nRF24L01_read
                0x00001134       0x72 ./src/nRF24L01.o
                0x00001134                nRF24L01_read
 .text.nRF24L01_clear_TX_FIFO
                0x000011a6       0x2a ./src/nRF24L01.o
                0x000011a6                nRF24L01_clear_TX_FIFO
 .text.nRF24L01_clear_RX_FIFO
                0x000011d0       0x2a ./src/nRF24L01.o
                0x000011d0                nRF24L01_clear_RX_FIFO
 .text.send_package
                0x000011fa       0x4a ./src/radio-module.o
                0x000011fa                send_package
 .text.get_package
                0x00001244       0x3e ./src/radio-module.o
                0x00001244                get_package
 .text._rscs_uart_stream_read
                0x00001282       0x2a ./librscs-master/rscs/_source/stdext/stdio.o
 .text.rscs_uart_stream_write
                0x000012ac       0x2c ./librscs-master/rscs/_source/stdext/stdio.o
 .text.rscs_make_uart_stream
                0x000012d8       0x1e ./librscs-master/rscs/_source/stdext/stdio.o
                0x000012d8                rscs_make_uart_stream
 .text._write_reg_i2c
                0x000012f6       0x66 ./librscs-master/rscs/_source/bmp280.o
 .text._read_reg_i2c
                0x0000135c       0x7e ./librscs-master/rscs/_source/bmp280.o
 .text._write_reg_spi
                0x000013da       0x78 ./librscs-master/rscs/_source/bmp280.o
 .text._read_reg_spi
                0x00001452       0x7a ./librscs-master/rscs/_source/bmp280.o
 .text.rscs_bmp280_initi2c
                0x000014cc       0x2a ./librscs-master/rscs/_source/bmp280.o
                0x000014cc                rscs_bmp280_initi2c
 .text.rscs_bmp280_initspi
                0x000014f6       0x86 ./librscs-master/rscs/_source/bmp280.o
                0x000014f6                rscs_bmp280_initspi
 .text.rscs_bmp280_deinit
                0x0000157c        0x4 ./librscs-master/rscs/_source/bmp280.o
                0x0000157c                rscs_bmp280_deinit
 .text.rscs_bmp280_setup
                0x00001580      0x12e ./librscs-master/rscs/_source/bmp280.o
                0x00001580                rscs_bmp280_setup
 .text.rscs_bmp280_get_config
                0x000016ae        0x2 ./librscs-master/rscs/_source/bmp280.o
                0x000016ae                rscs_bmp280_get_config
 .text.rscs_bmp280_set_config
                0x000016b0       0x96 ./librscs-master/rscs/_source/bmp280.o
                0x000016b0                rscs_bmp280_set_config
 .text.rscs_bmp280_get_calibration_values
                0x00001746        0x4 ./librscs-master/rscs/_source/bmp280.o
                0x00001746                rscs_bmp280_get_calibration_values
 .text.rscs_bmp280_changemode
                0x0000174a       0x4a ./librscs-master/rscs/_source/bmp280.o
                0x0000174a                rscs_bmp280_changemode
 .text.rscs_bmp280_read
                0x00001794       0xf4 ./librscs-master/rscs/_source/bmp280.o
                0x00001794                rscs_bmp280_read
 .text.rscs_bmp280_read_status
                0x00001888       0x30 ./librscs-master/rscs/_source/bmp280.o
                0x00001888                rscs_bmp280_read_status
 .text.rscs_bmp280_calculate
                0x000018b8      0x414 ./librscs-master/rscs/_source/bmp280.o
                0x000018b8                rscs_bmp280_calculate
 .text.rscs_crc8
                0x00001ccc       0x20 ./librscs-master/rscs/_source/crc.o
                0x00001ccc                rscs_crc8
 .text.rscs_crc7
                0x00001cec       0x2e ./librscs-master/rscs/_source/crc.o
                0x00001cec                rscs_crc7
 .text._i2c_status_to_error
                0x00001d1a       0x24 ./librscs-master/rscs/_source/i2c.o
 .text.rscs_i2c_init
                0x00001d3e       0x14 ./librscs-master/rscs/_source/i2c.o
                0x00001d3e                rscs_i2c_init
 .text.rscs_i2c_set_scl_rate
                0x00001d52       0x34 ./librscs-master/rscs/_source/i2c.o
                0x00001d52                rscs_i2c_set_scl_rate
 .text.rscs_i2c_start
                0x00001d86       0x3c ./librscs-master/rscs/_source/i2c.o
                0x00001d86                rscs_i2c_start
 .text.rscs_i2c_stop
                0x00001dc2        0x8 ./librscs-master/rscs/_source/i2c.o
                0x00001dc2                rscs_i2c_stop
 .text.rscs_i2c_send_slaw
                0x00001dca       0x50 ./librscs-master/rscs/_source/i2c.o
                0x00001dca                rscs_i2c_send_slaw
 .text.rscs_i2c_write
                0x00001e1a       0x4a ./librscs-master/rscs/_source/i2c.o
                0x00001e1a                rscs_i2c_write
 .text.rscs_i2c_write_byte
                0x00001e64       0x20 ./librscs-master/rscs/_source/i2c.o
                0x00001e64                rscs_i2c_write_byte
 .text.rscs_i2c_read
                0x00001e84       0x7c ./librscs-master/rscs/_source/i2c.o
                0x00001e84                rscs_i2c_read
 .text.rscs_ringbuf_init
                0x00001f00       0x24 ./librscs-master/rscs/_source/ringbuf.o
                0x00001f00                rscs_ringbuf_init
 .text.rscs_ringbuf_deinit
                0x00001f24        0x4 ./librscs-master/rscs/_source/ringbuf.o
                0x00001f24                rscs_ringbuf_deinit
 .text.rscs_ringbuf_push
                0x00001f28       0x46 ./librscs-master/rscs/_source/ringbuf.o
                0x00001f28                rscs_ringbuf_push
 .text.rscs_ringbuf_pop
                0x00001f6e       0x4a ./librscs-master/rscs/_source/ringbuf.o
                0x00001f6e                rscs_ringbuf_pop
 .text.rscs_ringbuf_getsize
                0x00001fb8        0xe ./librscs-master/rscs/_source/ringbuf.o
                0x00001fb8                rscs_ringbuf_getsize
 .text._spi_do_inline
                0x00001fc6        0xc ./librscs-master/rscs/_source/spi.o
 .text.rscs_spi_set_clk
                0x00001fd2       0x7c ./librscs-master/rscs/_source/spi.o
                0x00001fd2                rscs_spi_set_clk
 .text.rscs_spi_init
                0x0000204e       0x1c ./librscs-master/rscs/_source/spi.o
                0x0000204e                rscs_spi_init
 .text.rscs_spi_set_pol
                0x0000206a       0x30 ./librscs-master/rscs/_source/spi.o
                0x0000206a                rscs_spi_set_pol
 .text.rscs_spi_set_order
                0x0000209a       0x1e ./librscs-master/rscs/_source/spi.o
                0x0000209a                rscs_spi_set_order
 .text.rscs_spi_do
                0x000020b8        0x4 ./librscs-master/rscs/_source/spi.o
                0x000020b8                rscs_spi_do
 .text.rscs_spi_read
                0x000020bc       0x42 ./librscs-master/rscs/_source/spi.o
                0x000020bc                rscs_spi_read
 .text.rscs_spi_write
                0x000020fe       0x28 ./librscs-master/rscs/_source/spi.o
                0x000020fe                rscs_spi_write
 .text.rscs_spi_exchange
                0x00002126       0x38 ./librscs-master/rscs/_source/spi.o
                0x00002126                rscs_spi_exchange
 .text.__vector_14
                0x0000215e       0x4a ./librscs-master/rscs/_source/timeservice.o
                0x0000215e                __vector_14
 .text.rscs_time_init
                0x000021a8       0x30 ./librscs-master/rscs/_source/timeservice.o
                0x000021a8                rscs_time_init
 .text.rscs_time_deinit
                0x000021d8       0x20 ./librscs-master/rscs/_source/timeservice.o
                0x000021d8                rscs_time_deinit
 .text.rscs_time_get
                0x000021f8       0x18 ./librscs-master/rscs/_source/timeservice.o
                0x000021f8                rscs_time_get
 .text.rscs_uart_init
                0x00002210       0xe6 ./librscs-master/rscs/_source/uart.o
                0x00002210                rscs_uart_init
 .text.rscs_uart_deinit
                0x000022f6       0x4c ./librscs-master/rscs/_source/uart.o
                0x000022f6                rscs_uart_deinit
 .text.rscs_uart_set_character_size
                0x00002342       0x5e ./librscs-master/rscs/_source/uart.o
                0x00002342                rscs_uart_set_character_size
 .text.rscs_uart_set_baudrate
                0x000023a0       0x56 ./librscs-master/rscs/_source/uart.o
                0x000023a0                rscs_uart_set_baudrate
 .text.rscs_uart_set_parity
                0x000023f6       0x36 ./librscs-master/rscs/_source/uart.o
                0x000023f6                rscs_uart_set_parity
 .text.rscs_uart_set_stop_bits
                0x0000242c       0x28 ./librscs-master/rscs/_source/uart.o
                0x0000242c                rscs_uart_set_stop_bits
 .text.rscs_uart_write_some
                0x00002454       0x66 ./librscs-master/rscs/_source/uart.o
                0x00002454                rscs_uart_write_some
 .text.rscs_uart_write
                0x000024ba       0x7e ./librscs-master/rscs/_source/uart.o
                0x000024ba                rscs_uart_write
 .text.rscs_uart_read_some
                0x00002538       0x50 ./librscs-master/rscs/_source/uart.o
                0x00002538                rscs_uart_read_some
 .text.rscs_uart_read
                0x00002588       0x7e ./librscs-master/rscs/_source/uart.o
                0x00002588                rscs_uart_read
 .text.__vector_18
                0x00002606       0x5a ./librscs-master/rscs/_source/uart.o
                0x00002606                __vector_18
 .text.__vector_19
                0x00002660       0x94 ./librscs-master/rscs/_source/uart.o
                0x00002660                __vector_19
 .text.minmea_isfield
                0x000026f4       0x28 ./librscs-master/rscs/3rd_party/minmea/minmea.o
 .text.hex2int  0x0000271c       0x32 ./librscs-master/rscs/3rd_party/minmea/minmea.o
 .text.minmea_checksum
                0x0000274e       0x1e ./librscs-master/rscs/3rd_party/minmea/minmea.o
                0x0000274e                minmea_checksum
 .text.minmea_check
                0x0000276c       0xd2 ./librscs-master/rscs/3rd_party/minmea/minmea.o
                0x0000276c                minmea_check
 .text.minmea_scan
                0x0000283e      0x69c ./librscs-master/rscs/3rd_party/minmea/minmea.o
                0x0000283e                minmea_scan
 .text.minmea_talker_id
                0x00002eda       0x5e ./librscs-master/rscs/3rd_party/minmea/minmea.o
                0x00002eda                minmea_talker_id
 .text.minmea_sentence_id
                0x00002f38       0xee ./librscs-master/rscs/3rd_party/minmea/minmea.o
                0x00002f38                minmea_sentence_id
 .text.minmea_parse_rmc
                0x00003026      0x114 ./librscs-master/rscs/3rd_party/minmea/minmea.o
                0x00003026                minmea_parse_rmc
 .text.minmea_parse_gga
                0x0000313a       0xf8 ./librscs-master/rscs/3rd_party/minmea/minmea.o
                0x0000313a                minmea_parse_gga
 .text.minmea_parse_gsa
                0x00003232       0xe4 ./librscs-master/rscs/3rd_party/minmea/minmea.o
                0x00003232                minmea_parse_gsa
 .text.minmea_parse_gll
                0x00003316       0xd0 ./librscs-master/rscs/3rd_party/minmea/minmea.o
                0x00003316                minmea_parse_gll
 .text.minmea_parse_gst
                0x000033e6       0x9c ./librscs-master/rscs/3rd_party/minmea/minmea.o
                0x000033e6                minmea_parse_gst
 .text.minmea_parse_gsv
                0x00003482       0xf4 ./librscs-master/rscs/3rd_party/minmea/minmea.o
                0x00003482                minmea_parse_gsv
 .text.minmea_parse_vtg
                0x00003576       0xd0 ./librscs-master/rscs/3rd_party/minmea/minmea.o
                0x00003576                minmea_parse_vtg
 .text.libgcc.mul
                0x00003646        0x0 /usr/lib/gcc/avr/4.9.2/avr5/libgcc.a(_udivmodhi4.o)
 .text.libgcc.div
                0x00003646       0x28 /usr/lib/gcc/avr/4.9.2/avr5/libgcc.a(_udivmodhi4.o)
                0x00003646                __udivmodhi4
 .text.libgcc   0x0000366e        0x0 /usr/lib/gcc/avr/4.9.2/avr5/libgcc.a(_udivmodhi4.o)
 .text.libgcc.prologue
                0x0000366e        0x0 /usr/lib/gcc/avr/4.9.2/avr5/libgcc.a(_udivmodhi4.o)
 .text.libgcc.builtins
                0x0000366e        0x0 /usr/lib/gcc/avr/4.9.2/avr5/libgcc.a(_udivmodhi4.o)
 .text.libgcc.fmul
                0x0000366e        0x0 /usr/lib/gcc/avr/4.9.2/avr5/libgcc.a(_udivmodhi4.o)
 .text.libgcc.fixed
                0x0000366e        0x0 /usr/lib/gcc/avr/4.9.2/avr5/libgcc.a(_udivmodhi4.o)
 .text.libgcc.mul
                0x0000366e        0x0 /usr/lib/gcc/avr/4.9.2/avr5/libgcc.a(_udivmodsi4.o)
 .text.libgcc.div
                0x0000366e       0x44 /usr/lib/gcc/avr/4.9.2/avr5/libgcc.a(_udivmodsi4.o)
                0x0000366e                __udivmodsi4
 .text.libgcc   0x000036b2        0x0 /usr/lib/gcc/avr/4.9.2/avr5/libgcc.a(_udivmodsi4.o)
 .text.libgcc.prologue
                0x000036b2        0x0 /usr/lib/gcc/avr/4.9.2/avr5/libgcc.a(_udivmodsi4.o)
 .text.libgcc.builtins
                0x000036b2        0x0 /usr/lib/gcc/avr/4.9.2/avr5/libgcc.a(_udivmodsi4.o)
 .text.libgcc.fmul
                0x000036b2        0x0 /usr/lib/gcc/avr/4.9.2/avr5/libgcc.a(_udivmodsi4.o)
 .text.libgcc.fixed
                0x000036b2        0x0 /usr/lib/gcc/avr/4.9.2/avr5/libgcc.a(_udivmodsi4.o)
 .text.libgcc.mul
                0x000036b2        0x0 /usr/lib/gcc/avr/4.9.2/avr5/libgcc.a(_divmodsi4.o)
 .text.libgcc.div
                0x000036b2       0x2e /usr/lib/gcc/avr/4.9.2/avr5/libgcc.a(_divmodsi4.o)
                0x000036b2                __divmodsi4
 .text.libgcc   0x000036e0        0x0 /usr/lib/gcc/avr/4.9.2/avr5/libgcc.a(_divmodsi4.o)
 .text.libgcc.prologue
                0x000036e0        0x0 /usr/lib/gcc/avr/4.9.2/avr5/libgcc.a(_divmodsi4.o)
 .text.libgcc.builtins
                0x000036e0        0x0 /usr/lib/gcc/avr/4.9.2/avr5/libgcc.a(_divmodsi4.o)
 .text.libgcc.fmul
                0x000036e0        0x0 /usr/lib/gcc/avr/4.9.2/avr5/libgcc.a(_divmodsi4.o)
 .text.libgcc.fixed
                0x000036e0        0x0 /usr/lib/gcc/avr/4.9.2/avr5/libgcc.a(_divmodsi4.o)
 .text.libgcc.mul
                0x000036e0        0x0 /usr/lib/gcc/avr/4.9.2/avr5/libgcc.a(_negsi2.o)
 .text.libgcc.div
                0x000036e0       0x10 /usr/lib/gcc/avr/4.9.2/avr5/libgcc.a(_negsi2.o)
                0x000036e0                __negsi2
 .text.libgcc   0x000036f0        0x0 /usr/lib/gcc/avr/4.9.2/avr5/libgcc.a(_negsi2.o)
 .text.libgcc.prologue
                0x000036f0        0x0 /usr/lib/gcc/avr/4.9.2/avr5/libgcc.a(_negsi2.o)
 .text.libgcc.builtins
                0x000036f0        0x0 /usr/lib/gcc/avr/4.9.2/avr5/libgcc.a(_negsi2.o)
 .text.libgcc.fmul
                0x000036f0        0x0 /usr/lib/gcc/avr/4.9.2/avr5/libgcc.a(_negsi2.o)
 .text.libgcc.fixed
                0x000036f0        0x0 /usr/lib/gcc/avr/4.9.2/avr5/libgcc.a(_negsi2.o)
 .text.libgcc.mul
                0x000036f0        0x0 /usr/lib/gcc/avr/4.9.2/avr5/libgcc.a(_exit.o)
 .text.libgcc.div
                0x000036f0        0x0 /usr/lib/gcc/avr/4.9.2/avr5/libgcc.a(_exit.o)
 .text.libgcc   0x000036f0        0x0 /usr/lib/gcc/avr/4.9.2/avr5/libgcc.a(_exit.o)
 .text.libgcc.prologue
                0x000036f0        0x0 /usr/lib/gcc/avr/4.9.2/avr5/libgcc.a(_exit.o)
 .text.libgcc.builtins
                0x000036f0        0x0 /usr/lib/gcc/avr/4.9.2/avr5/libgcc.a(_exit.o)
 .text.libgcc.fmul
                0x000036f0        0x0 /usr/lib/gcc/avr/4.9.2/avr5/libgcc.a(_exit.o)
 .text.libgcc.fixed
                0x000036f0        0x0 /usr/lib/gcc/avr/4.9.2/avr5/libgcc.a(_exit.o)
 .text.libgcc.mul
                0x000036f0        0x0 /usr/lib/gcc/avr/4.9.2/avr5/libgcc.a(_copy_data.o)
 .text.libgcc.div
                0x000036f0        0x0 /usr/lib/gcc/avr/4.9.2/avr5/libgcc.a(_copy_data.o)
 .text.libgcc   0x000036f0        0x0 /usr/lib/gcc/avr/4.9.2/avr5/libgcc.a(_copy_data.o)
 .text.libgcc.prologue
                0x000036f0        0x0 /usr/lib/gcc/avr/4.9.2/avr5/libgcc.a(_copy_data.o)
 .text.libgcc.builtins
                0x000036f0        0x0 /usr/lib/gcc/avr/4.9.2/avr5/libgcc.a(_copy_data.o)
 .text.libgcc.fmul
                0x000036f0        0x0 /usr/lib/gcc/avr/4.9.2/avr5/libgcc.a(_copy_data.o)
 .text.libgcc.fixed
                0x000036f0        0x0 /usr/lib/gcc/avr/4.9.2/avr5/libgcc.a(_copy_data.o)
 .text.libgcc.mul
                0x000036f0        0x0 /usr/lib/gcc/avr/4.9.2/avr5/libgcc.a(_clear_bss.o)
 .text.libgcc.div
                0x000036f0        0x0 /usr/lib/gcc/avr/4.9.2/avr5/libgcc.a(_clear_bss.o)
 .text.libgcc   0x000036f0        0x0 /usr/lib/gcc/avr/4.9.2/avr5/libgcc.a(_clear_bss.o)
 .text.libgcc.prologue
                0x000036f0        0x0 /usr/lib/gcc/avr/4.9.2/avr5/libgcc.a(_clear_bss.o)
 .text.libgcc.builtins
                0x000036f0        0x0 /usr/lib/gcc/avr/4.9.2/avr5/libgcc.a(_clear_bss.o)
 .text.libgcc.fmul
                0x000036f0        0x0 /usr/lib/gcc/avr/4.9.2/avr5/libgcc.a(_clear_bss.o)
 .text.libgcc.fixed
                0x000036f0        0x0 /usr/lib/gcc/avr/4.9.2/avr5/libgcc.a(_clear_bss.o)
 .text.libgcc.mul
                0x000036f0       0x16 /usr/lib/gcc/avr/4.9.2/avr5/libgcc.a(_muluhisi3.o)
                0x000036f0                __muluhisi3
 .text.libgcc.div
                0x00003706        0x0 /usr/lib/gcc/avr/4.9.2/avr5/libgcc.a(_muluhisi3.o)
 .text.libgcc   0x00003706        0x0 /usr/lib/gcc/avr/4.9.2/avr5/libgcc.a(_muluhisi3.o)
 .text.libgcc.prologue
                0x00003706        0x0 /usr/lib/gcc/avr/4.9.2/avr5/libgcc.a(_muluhisi3.o)
 .text.libgcc.builtins
                0x00003706        0x0 /usr/lib/gcc/avr/4.9.2/avr5/libgcc.a(_muluhisi3.o)
 .text.libgcc.fmul
                0x00003706        0x0 /usr/lib/gcc/avr/4.9.2/avr5/libgcc.a(_muluhisi3.o)
 .text.libgcc.fixed
                0x00003706        0x0 /usr/lib/gcc/avr/4.9.2/avr5/libgcc.a(_muluhisi3.o)
 .text.libgcc.mul
                0x00003706       0x10 /usr/lib/gcc/avr/4.9.2/avr5/libgcc.a(_mulshisi3.o)
                0x00003706                __mulshisi3
                0x0000370c                __mulohisi3
 .text.libgcc.div
                0x00003716        0x0 /usr/lib/gcc/avr/4.9.2/avr5/libgcc.a(_mulshisi3.o)
 .text.libgcc   0x00003716        0x0 /usr/lib/gcc/avr/4.9.2/avr5/libgcc.a(_mulshisi3.o)
 .text.libgcc.prologue
                0x00003716        0x0 /usr/lib/gcc/avr/4.9.2/avr5/libgcc.a(_mulshisi3.o)
 .text.libgcc.builtins
                0x00003716        0x0 /usr/lib/gcc/avr/4.9.2/avr5/libgcc.a(_mulshisi3.o)
 .text.libgcc.fmul
                0x00003716        0x0 /usr/lib/gcc/avr/4.9.2/avr5/libgcc.a(_mulshisi3.o)
 .text.libgcc.fixed
                0x00003716        0x0 /usr/lib/gcc/avr/4.9.2/avr5/libgcc.a(_mulshisi3.o)
 .text.libgcc.mul
                0x00003716        0x0 /usr/lib/gcc/avr/4.9.2/avr5/libgcc.a(_prologue.o)
 .text.libgcc.div
                0x00003716        0x0 /usr/lib/gcc/avr/4.9.2/avr5/libgcc.a(_prologue.o)
 .text.libgcc   0x00003716        0x0 /usr/lib/gcc/avr/4.9.2/avr5/libgcc.a(_prologue.o)
 .text.libgcc.prologue
                0x00003716       0x38 /usr/lib/gcc/avr/4.9.2/avr5/libgcc.a(_prologue.o)
                0x00003716                __prologue_saves__
 .text.libgcc.builtins
                0x0000374e        0x0 /usr/lib/gcc/avr/4.9.2/avr5/libgcc.a(_prologue.o)
 .text.libgcc.fmul
                0x0000374e        0x0 /usr/lib/gcc/avr/4.9.2/avr5/libgcc.a(_prologue.o)
 .text.libgcc.fixed
                0x0000374e        0x0 /usr/lib/gcc/avr/4.9.2/avr5/libgcc.a(_prologue.o)
 .text.libgcc.mul
                0x0000374e        0x0 /usr/lib/gcc/avr/4.9.2/avr5/libgcc.a(_epilogue.o)
 .text.libgcc.div
                0x0000374e        0x0 /usr/lib/gcc/avr/4.9.2/avr5/libgcc.a(_epilogue.o)
 .text.libgcc   0x0000374e        0x0 /usr/lib/gcc/avr/4.9.2/avr5/libgcc.a(_epilogue.o)
 .text.libgcc.prologue
                0x0000374e       0x36 /usr/lib/gcc/avr/4.9.2/avr5/libgcc.a(_epilogue.o)
                0x0000374e                __epilogue_restores__
 .text.libgcc.builtins
                0x00003784        0x0 /usr/lib/gcc/avr/4.9.2/avr5/libgcc.a(_epilogue.o)
 .text.libgcc.fmul
                0x00003784        0x0 /usr/lib/gcc/avr/4.9.2/avr5/libgcc.a(_epilogue.o)
 .text.libgcc.fixed
                0x00003784        0x0 /usr/lib/gcc/avr/4.9.2/avr5/libgcc.a(_epilogue.o)
 .text.libgcc.mul
                0x00003784       0x1e /usr/lib/gcc/avr/4.9.2/avr5/libgcc.a(_umulhisi3.o)
                0x00003784                __umulhisi3
 .text.libgcc.div
                0x000037a2        0x0 /usr/lib/gcc/avr/4.9.2/avr5/libgcc.a(_umulhisi3.o)
 .text.libgcc   0x000037a2        0x0 /usr/lib/gcc/avr/4.9.2/avr5/libgcc.a(_umulhisi3.o)
 .text.libgcc.prologue
                0x000037a2        0x0 /usr/lib/gcc/avr/4.9.2/avr5/libgcc.a(_umulhisi3.o)
 .text.libgcc.builtins
                0x000037a2        0x0 /usr/lib/gcc/avr/4.9.2/avr5/libgcc.a(_umulhisi3.o)
 .text.libgcc.fmul
                0x000037a2        0x0 /usr/lib/gcc/avr/4.9.2/avr5/libgcc.a(_umulhisi3.o)
 .text.libgcc.fixed
                0x000037a2        0x0 /usr/lib/gcc/avr/4.9.2/avr5/libgcc.a(_umulhisi3.o)
 .text.avr-libc.fplib
                0x000037a2        0xe /usr/lib/gcc/avr/4.9.2/../../../avr/lib/avr5/libm.a(addsf3.o)
                0x000037a2                __subsf3
                0x000037a4                __addsf3
 .text.avr-libc.fplib
                0x000037b0       0xcc /usr/lib/gcc/avr/4.9.2/../../../avr/lib/avr5/libm.a(addsf3x.o)
                0x000037d2                __addsf3x
 .text.avr-libc.fplib
                0x0000387c        0xa /usr/lib/gcc/avr/4.9.2/../../../avr/lib/avr5/libm.a(cmpsf2.o)
                0x0000387c                __lesf2
                0x0000387c                __nesf2
                0x0000387c                __eqsf2
                0x0000387c                __cmpsf2
                0x0000387c                __ltsf2
 .text.avr-libc.fplib
                0x00003886        0x8 /usr/lib/gcc/avr/4.9.2/../../../avr/lib/avr5/libm.a(divsf3.o)
                0x00003886                __divsf3
 .text.avr-libc.fplib
                0x0000388e       0xdc /usr/lib/gcc/avr/4.9.2/../../../avr/lib/avr5/libm.a(divsf3x.o)
                0x000038ae                __divsf3x
                0x000038b4                __divsf3_pse
 .text.avr-libc.fplib
                0x0000396a        0xe /usr/lib/gcc/avr/4.9.2/../../../avr/lib/avr5/libm.a(fixsfsi.o)
                0x0000396a                __fixsfsi
 .text.avr-libc.fplib
                0x00003978       0x5e /usr/lib/gcc/avr/4.9.2/../../../avr/lib/avr5/libm.a(fixunssfsi.o)
                0x00003978                __fixunssfsi
 .text.avr-libc.fplib
                0x000039d6       0x7a /usr/lib/gcc/avr/4.9.2/../../../avr/lib/avr5/libm.a(floatsisf.o)
                0x000039d6                __floatunsisf
                0x000039da                __floatsisf
 .text.avr-libc.fplib
                0x00003a50       0x48 /usr/lib/gcc/avr/4.9.2/../../../avr/lib/avr5/libm.a(fp_cmp.o)
                0x00003a50                __fp_cmp
 .text.avr-libc.fplib
                0x00003a98        0xc /usr/lib/gcc/avr/4.9.2/../../../avr/lib/avr5/libm.a(fp_inf.o)
                0x00003a98                __fp_inf
 .text.avr-libc.fplib
                0x00003aa4        0x6 /usr/lib/gcc/avr/4.9.2/../../../avr/lib/avr5/libm.a(fp_nan.o)
                0x00003aa4                __fp_nan
 .text.avr-libc.fplib
                0x00003aaa        0xe /usr/lib/gcc/avr/4.9.2/../../../avr/lib/avr5/libm.a(fp_pscA.o)
                0x00003aaa                __fp_pscA
 .text.avr-libc.fplib
                0x00003ab8        0xe /usr/lib/gcc/avr/4.9.2/../../../avr/lib/avr5/libm.a(fp_pscB.o)
                0x00003ab8                __fp_pscB
 .text.avr-libc.fplib
                0x00003ac6       0x22 /usr/lib/gcc/avr/4.9.2/../../../avr/lib/avr5/libm.a(fp_round.o)
                0x00003ac6                __fp_round
 .text.avr-libc.fplib
                0x00003ae8       0x44 /usr/lib/gcc/avr/4.9.2/../../../avr/lib/avr5/libm.a(fp_split3.o)
                0x00003ae8                __fp_split3
                0x00003af8                __fp_splitA
 .text.avr-libc.fplib
                0x00003b2c        0xe /usr/lib/gcc/avr/4.9.2/../../../avr/lib/avr5/libm.a(fp_zero.o)
                0x00003b2c                __fp_zero
                0x00003b2e                __fp_szero
 .text.avr-libc.fplib
                0x00003b3a        0xa /usr/lib/gcc/avr/4.9.2/../../../avr/lib/avr5/libm.a(gesf2.o)
                0x00003b3a                __gtsf2
                0x00003b3a                __gesf2
 .text.avr-libc.fplib
                0x00003b44       0xa0 /usr/lib/gcc/avr/4.9.2/../../../avr/lib/avr5/libm.a(log.o)
                0x00003b54                log
 .text.avr-libc.fplib
                0x00003be4        0x8 /usr/lib/gcc/avr/4.9.2/../../../avr/lib/avr5/libm.a(mulsf3.o)
                0x00003be4                __mulsf3
 .text.avr-libc.fplib
                0x00003bec       0xd2 /usr/lib/gcc/avr/4.9.2/../../../avr/lib/avr5/libm.a(mulsf3x.o)
                0x00003c0a                __mulsf3x
                0x00003c10                __mulsf3_pse
 .text.avr-libc.fplib
                0x00003cbe       0x1c /usr/lib/gcc/avr/4.9.2/../../../avr/lib/avr5/libm.a(fp_mpack.o)
                0x00003cbe                __fp_mpack
                0x00003cc2                __fp_mpack_finite
 .text.avr-libc.fplib
                0x00003cda       0x4e /usr/lib/gcc/avr/4.9.2/../../../avr/lib/avr5/libm.a(fp_powser.o)
                0x00003cda                __fp_powser
 .text.avr-libc
                0x00003d28      0x25a /usr/lib/gcc/avr/4.9.2/../../../avr/lib/avr5/libc.a(malloc.o)
                0x00003d28                malloc
                0x00003e52                free
 .text.avr-libc
                0x00003f82      0x222 /usr/lib/gcc/avr/4.9.2/../../../avr/lib/avr5/libc.a(strtol.o)
                0x00003f82                strtol
 .text.avr-libc
                0x000041a4        0xa /usr/lib/gcc/avr/4.9.2/../../../avr/lib/avr5/libc.a(abort.o)
                0x000041a4                abort
 .text.avr-libc
                0x000041ae      0x1b0 /usr/lib/gcc/avr/4.9.2/../../../avr/lib/avr5/libc.a(ftoa_engine.o)
                0x000041ae                __ftoa_engine
 .text.avr-libc
                0x0000435e       0x12 /usr/lib/gcc/avr/4.9.2/../../../avr/lib/avr5/libc.a(isprint.o)
                0x0000435e                isgraph
                0x00004362                isprint
 .text.avr-libc
                0x00004370       0x12 /usr/lib/gcc/avr/4.9.2/../../../avr/lib/avr5/libc.a(isspace.o)
                0x00004370                isspace
 .text.avr-libc
                0x00004382       0x16 /usr/lib/gcc/avr/4.9.2/../../../avr/lib/avr5/libc.a(strnlen_P.o)
                0x00004382                strnlen_P
 .text.avr-libc
                0x00004398       0x12 /usr/lib/gcc/avr/4.9.2/../../../avr/lib/avr5/libc.a(strcmp.o)
                0x00004398                strcmp
 .text.avr-libc
                0x000043aa       0x16 /usr/lib/gcc/avr/4.9.2/../../../avr/lib/avr5/libc.a(strnlen.o)
                0x000043aa                strnlen
 .text.avr-libc
                0x000043c0       0x96 /usr/lib/gcc/avr/4.9.2/../../../avr/lib/avr5/libc.a(fdevopen.o)
                0x000043c0                fdevopen
 .text.avr-libc
                0x00004456       0x70 /usr/lib/gcc/avr/4.9.2/../../../avr/lib/avr5/libc.a(fputc.o)
                0x00004456                fputc
 .text.avr-libc
                0x000044c6       0x60 /usr/lib/gcc/avr/4.9.2/../../../avr/lib/avr5/libc.a(puts.o)
                0x000044c6                puts
 .text.avr-libc
                0x00004526       0xbc /usr/lib/gcc/avr/4.9.2/../../../avr/lib/avr5/libc.a(ultoa_invert.o)
                0x00004526                __ultoa_invert
 .text.avr-libc
                0x000045e2       0x38 /usr/lib/gcc/avr/4.9.2/../../../avr/lib/avr5/libc.a(calloc.o)
                0x000045e2                calloc
 .text.avr-libc
                0x0000461a        0x6 /usr/lib/gcc/avr/4.9.2/../../../avr/lib/avr5/libc.a(cty_isfalse.o)
                0x0000461a                __ctype_isfalse
                0x0000461e                __ctype_istrue
 .text.avr-libc
                0x00004620        0xe /usr/lib/gcc/avr/4.9.2/../../../avr/lib/avr5/libc.a(memset.o)
                0x00004620                memset
 .text.libgcc.mul
                0x0000462e       0x20 /usr/lib/gcc/avr/4.9.2/avr5/libgcc.a(_mulsi3.o)
                0x0000462e                __mulsi3
 .text.libgcc.div
                0x0000464e        0x0 /usr/lib/gcc/avr/4.9.2/avr5/libgcc.a(_mulsi3.o)
 .text.libgcc   0x0000464e        0x0 /usr/lib/gcc/avr/4.9.2/avr5/libgcc.a(_mulsi3.o)
 .text.libgcc.prologue
                0x0000464e        0x0 /usr/lib/gcc/avr/4.9.2/avr5/libgcc.a(_mulsi3.o)
 .text.libgcc.builtins
                0x0000464e        0x0 /usr/lib/gcc/avr/4.9.2/avr5/libgcc.a(_mulsi3.o)
 .text.libgcc.fmul
                0x0000464e        0x0 /usr/lib/gcc/avr/4.9.2/avr5/libgcc.a(_mulsi3.o)
 .text.libgcc.fixed
                0x0000464e        0x0 /usr/lib/gcc/avr/4.9.2/avr5/libgcc.a(_mulsi3.o)
                0x0000464e                . = ALIGN (0x2)
 *(.fini9)
 .fini9         0x0000464e        0x0 /usr/lib/gcc/avr/4.9.2/avr5/libgcc.a(_exit.o)
                0x0000464e                exit
                0x0000464e                _exit
 *(.fini9)
 *(.fini8)
 *(.fini8)
 *(.fini7)
 *(.fini7)
 *(.fini6)
 *(.fini6)
 *(.fini5)
 *(.fini5)
 *(.fini4)
 *(.fini4)
 *(.fini3)
 *(.fini3)
 *(.fini2)
 *(.fini2)
 *(.fini1)
 *(.fini1)
 *(.fini0)
 .fini0         0x0000464e        0x4 /usr/lib/gcc/avr/4.9.2/avr5/libgcc.a(_exit.o)
 *(.fini0)
                0x00004652                _etext = .

.data           0x00800100       0xb0 load address 0x00004652
                0x00800100                PROVIDE (__data_start, .)
 *(.data)
 .data          0x00800100        0x0 /usr/lib/gcc/avr/4.9.2/../../../avr/lib/avr5/crtatmega328p.o
 .data          0x00800100        0x0 /usr/lib/gcc/avr/4.9.2/../../../avr/lib/avr5/libprintf_flt.a(vfprintf_flt.o)
 .data          0x00800100        0x0 ./src/deployment_control.o
 .data          0x00800100        0x0 ./src/main.o
 .data          0x00800100        0x0 ./src/motor_control.o
 .data          0x00800100        0x0 ./src/nRF24L01.o
 .data          0x00800100        0x0 ./src/radio-module.o
 .data          0x00800100        0x0 ./librscs-master/rscs/_source/stdext/stdio.o
 .data          0x00800100        0x0 ./librscs-master/rscs/_source/bmp280.o
 .data          0x00800100        0x0 ./librscs-master/rscs/_source/crc.o
 .data          0x00800100        0x0 ./librscs-master/rscs/_source/i2c.o
 .data          0x00800100        0x0 ./librscs-master/rscs/_source/ringbuf.o
 .data          0x00800100        0x0 ./librscs-master/rscs/_source/spi.o
 .data          0x00800100        0x0 ./librscs-master/rscs/_source/timeservice.o
 .data          0x00800100        0x0 ./librscs-master/rscs/_source/uart.o
 .data          0x00800100        0x0 ./librscs-master/rscs/3rd_party/minmea/minmea.o
 .data          0x00800100        0x0 /usr/lib/gcc/avr/4.9.2/avr5/libgcc.a(_udivmodhi4.o)
 .data          0x00800100        0x0 /usr/lib/gcc/avr/4.9.2/avr5/libgcc.a(_udivmodsi4.o)
 .data          0x00800100        0x0 /usr/lib/gcc/avr/4.9.2/avr5/libgcc.a(_divmodsi4.o)
 .data          0x00800100        0x0 /usr/lib/gcc/avr/4.9.2/avr5/libgcc.a(_negsi2.o)
 .data          0x00800100        0x0 /usr/lib/gcc/avr/4.9.2/avr5/libgcc.a(_exit.o)
 .data          0x00800100        0x0 /usr/lib/gcc/avr/4.9.2/avr5/libgcc.a(_copy_data.o)
 .data          0x00800100        0x0 /usr/lib/gcc/avr/4.9.2/avr5/libgcc.a(_clear_bss.o)
 .data          0x00800100        0x0 /usr/lib/gcc/avr/4.9.2/avr5/libgcc.a(_muluhisi3.o)
 .data          0x00800100        0x0 /usr/lib/gcc/avr/4.9.2/avr5/libgcc.a(_mulshisi3.o)
 .data          0x00800100        0x0 /usr/lib/gcc/avr/4.9.2/avr5/libgcc.a(_prologue.o)
 .data          0x00800100        0x0 /usr/lib/gcc/avr/4.9.2/avr5/libgcc.a(_epilogue.o)
 .data          0x00800100        0x0 /usr/lib/gcc/avr/4.9.2/avr5/libgcc.a(_umulhisi3.o)
 .data          0x00800100        0x0 /usr/lib/gcc/avr/4.9.2/../../../avr/lib/avr5/libm.a(addsf3.o)
 .data          0x00800100        0x0 /usr/lib/gcc/avr/4.9.2/../../../avr/lib/avr5/libm.a(addsf3x.o)
 .data          0x00800100        0x0 /usr/lib/gcc/avr/4.9.2/../../../avr/lib/avr5/libm.a(cmpsf2.o)
 .data          0x00800100        0x0 /usr/lib/gcc/avr/4.9.2/../../../avr/lib/avr5/libm.a(divsf3.o)
 .data          0x00800100        0x0 /usr/lib/gcc/avr/4.9.2/../../../avr/lib/avr5/libm.a(divsf3x.o)
 .data          0x00800100        0x0 /usr/lib/gcc/avr/4.9.2/../../../avr/lib/avr5/libm.a(fixsfsi.o)
 .data          0x00800100        0x0 /usr/lib/gcc/avr/4.9.2/../../../avr/lib/avr5/libm.a(fixunssfsi.o)
 .data          0x00800100        0x0 /usr/lib/gcc/avr/4.9.2/../../../avr/lib/avr5/libm.a(floatsisf.o)
 .data          0x00800100        0x0 /usr/lib/gcc/avr/4.9.2/../../../avr/lib/avr5/libm.a(fp_cmp.o)
 .data          0x00800100        0x0 /usr/lib/gcc/avr/4.9.2/../../../avr/lib/avr5/libm.a(fp_inf.o)
 .data          0x00800100        0x0 /usr/lib/gcc/avr/4.9.2/../../../avr/lib/avr5/libm.a(fp_nan.o)
 .data          0x00800100        0x0 /usr/lib/gcc/avr/4.9.2/../../../avr/lib/avr5/libm.a(fp_pscA.o)
 .data          0x00800100        0x0 /usr/lib/gcc/avr/4.9.2/../../../avr/lib/avr5/libm.a(fp_pscB.o)
 .data          0x00800100        0x0 /usr/lib/gcc/avr/4.9.2/../../../avr/lib/avr5/libm.a(fp_round.o)
 .data          0x00800100        0x0 /usr/lib/gcc/avr/4.9.2/../../../avr/lib/avr5/libm.a(fp_split3.o)
 .data          0x00800100        0x0 /usr/lib/gcc/avr/4.9.2/../../../avr/lib/avr5/libm.a(fp_zero.o)
 .data          0x00800100        0x0 /usr/lib/gcc/avr/4.9.2/../../../avr/lib/avr5/libm.a(gesf2.o)
 .data          0x00800100        0x0 /usr/lib/gcc/avr/4.9.2/../../../avr/lib/avr5/libm.a(log.o)
 .data          0x00800100        0x0 /usr/lib/gcc/avr/4.9.2/../../../avr/lib/avr5/libm.a(mulsf3.o)
 .data          0x00800100        0x0 /usr/lib/gcc/avr/4.9.2/../../../avr/lib/avr5/libm.a(mulsf3x.o)
 .data          0x00800100        0x0 /usr/lib/gcc/avr/4.9.2/../../../avr/lib/avr5/libm.a(fp_mpack.o)
 .data          0x00800100        0x0 /usr/lib/gcc/avr/4.9.2/../../../avr/lib/avr5/libm.a(fp_powser.o)
 .data          0x00800100        0x6 /usr/lib/gcc/avr/4.9.2/../../../avr/lib/avr5/libc.a(malloc.o)
                0x00800100                __malloc_heap_end
                0x00800102                __malloc_heap_start
                0x00800104                __malloc_margin
 .data          0x00800106        0x0 /usr/lib/gcc/avr/4.9.2/../../../avr/lib/avr5/libc.a(strtol.o)
 .data          0x00800106        0x0 /usr/lib/gcc/avr/4.9.2/../../../avr/lib/avr5/libc.a(abort.o)
 .data          0x00800106        0x0 /usr/lib/gcc/avr/4.9.2/../../../avr/lib/avr5/libc.a(ftoa_engine.o)
 .data          0x00800106        0x0 /usr/lib/gcc/avr/4.9.2/../../../avr/lib/avr5/libc.a(isprint.o)
 .data          0x00800106        0x0 /usr/lib/gcc/avr/4.9.2/../../../avr/lib/avr5/libc.a(isspace.o)
 .data          0x00800106        0x0 /usr/lib/gcc/avr/4.9.2/../../../avr/lib/avr5/libc.a(strnlen_P.o)
 .data          0x00800106        0x0 /usr/lib/gcc/avr/4.9.2/../../../avr/lib/avr5/libc.a(strcmp.o)
 .data          0x00800106        0x0 /usr/lib/gcc/avr/4.9.2/../../../avr/lib/avr5/libc.a(strnlen.o)
 .data          0x00800106        0x0 /usr/lib/gcc/avr/4.9.2/../../../avr/lib/avr5/libc.a(fdevopen.o)
 .data          0x00800106        0x0 /usr/lib/gcc/avr/4.9.2/../../../avr/lib/avr5/libc.a(fputc.o)
 .data          0x00800106        0x0 /usr/lib/gcc/avr/4.9.2/../../../avr/lib/avr5/libc.a(iob.o)
 .data          0x00800106        0x0 /usr/lib/gcc/avr/4.9.2/../../../avr/lib/avr5/libc.a(puts.o)
 .data          0x00800106        0x0 /usr/lib/gcc/avr/4.9.2/../../../avr/lib/avr5/libc.a(ultoa_invert.o)
 .data          0x00800106        0x0 /usr/lib/gcc/avr/4.9.2/../../../avr/lib/avr5/libc.a(calloc.o)
 .data          0x00800106        0x0 /usr/lib/gcc/avr/4.9.2/../../../avr/lib/avr5/libc.a(errno.o)
 .data          0x00800106        0x0 /usr/lib/gcc/avr/4.9.2/../../../avr/lib/avr5/libc.a(cty_isfalse.o)
 .data          0x00800106        0x0 /usr/lib/gcc/avr/4.9.2/../../../avr/lib/avr5/libc.a(memset.o)
 .data          0x00800106        0x0 /usr/lib/gcc/avr/4.9.2/avr5/libgcc.a(_mulsi3.o)
 *(.data*)
 .data.message  0x00800106        0x6 ./src/main.o
                0x00800106                message
 .data._i2c_internal_needinit
                0x0080010c        0x1 ./librscs-master/rscs/_source/i2c.o
 .data._rscs_time_needinit
                0x0080010d        0x1 ./librscs-master/rscs/_source/timeservice.o
                0x0080010d                _rscs_time_needinit
 *(.rodata)
 .rodata        0x0080010e        0x5 ./src/nRF24L01.o
 *(.rodata*)
 .rodata.str1.1
                0x00800113       0x15 ./src/main.o
 .rodata.str1.1
                0x00800128       0x87 ./librscs-master/rscs/3rd_party/minmea/minmea.o
                                 0x89 (size before relaxing)
 *(.gnu.linkonce.d*)
                0x008001b0                . = ALIGN (0x2)
 *fill*         0x008001af        0x1 
                0x008001b0                _edata = .
                0x008001b0                PROVIDE (__data_end, .)

.bss            0x008001b0       0x83
                0x008001b0                PROVIDE (__bss_start, .)
 *(.bss)
 .bss           0x008001b0        0x0 /usr/lib/gcc/avr/4.9.2/../../../avr/lib/avr5/crtatmega328p.o
 .bss           0x008001b0        0x0 /usr/lib/gcc/avr/4.9.2/../../../avr/lib/avr5/libprintf_flt.a(vfprintf_flt.o)
 .bss           0x008001b0        0x0 ./src/deployment_control.o
 .bss           0x008001b0        0x0 ./src/main.o
 .bss           0x008001b0        0x0 ./src/motor_control.o
 .bss           0x008001b0        0x0 ./src/nRF24L01.o
 .bss           0x008001b0        0x0 ./src/radio-module.o
 .bss           0x008001b0        0x0 ./librscs-master/rscs/_source/stdext/stdio.o
 .bss           0x008001b0        0x0 ./librscs-master/rscs/_source/bmp280.o
 .bss           0x008001b0        0x0 ./librscs-master/rscs/_source/crc.o
 .bss           0x008001b0        0x0 ./librscs-master/rscs/_source/i2c.o
 .bss           0x008001b0        0x0 ./librscs-master/rscs/_source/ringbuf.o
 .bss           0x008001b0        0x0 ./librscs-master/rscs/_source/spi.o
 .bss           0x008001b0        0x0 ./librscs-master/rscs/_source/timeservice.o
 .bss           0x008001b0        0x0 ./librscs-master/rscs/_source/uart.o
 .bss           0x008001b0        0x0 ./librscs-master/rscs/3rd_party/minmea/minmea.o
 .bss           0x008001b0        0x0 /usr/lib/gcc/avr/4.9.2/avr5/libgcc.a(_udivmodhi4.o)
 .bss           0x008001b0        0x0 /usr/lib/gcc/avr/4.9.2/avr5/libgcc.a(_udivmodsi4.o)
 .bss           0x008001b0        0x0 /usr/lib/gcc/avr/4.9.2/avr5/libgcc.a(_divmodsi4.o)
 .bss           0x008001b0        0x0 /usr/lib/gcc/avr/4.9.2/avr5/libgcc.a(_negsi2.o)
 .bss           0x008001b0        0x0 /usr/lib/gcc/avr/4.9.2/avr5/libgcc.a(_exit.o)
 .bss           0x008001b0        0x0 /usr/lib/gcc/avr/4.9.2/avr5/libgcc.a(_copy_data.o)
 .bss           0x008001b0        0x0 /usr/lib/gcc/avr/4.9.2/avr5/libgcc.a(_clear_bss.o)
 .bss           0x008001b0        0x0 /usr/lib/gcc/avr/4.9.2/avr5/libgcc.a(_muluhisi3.o)
 .bss           0x008001b0        0x0 /usr/lib/gcc/avr/4.9.2/avr5/libgcc.a(_mulshisi3.o)
 .bss           0x008001b0        0x0 /usr/lib/gcc/avr/4.9.2/avr5/libgcc.a(_prologue.o)
 .bss           0x008001b0        0x0 /usr/lib/gcc/avr/4.9.2/avr5/libgcc.a(_epilogue.o)
 .bss           0x008001b0        0x0 /usr/lib/gcc/avr/4.9.2/avr5/libgcc.a(_umulhisi3.o)
 .bss           0x008001b0        0x0 /usr/lib/gcc/avr/4.9.2/../../../avr/lib/avr5/libm.a(addsf3.o)
 .bss           0x008001b0        0x0 /usr/lib/gcc/avr/4.9.2/../../../avr/lib/avr5/libm.a(addsf3x.o)
 .bss           0x008001b0        0x0 /usr/lib/gcc/avr/4.9.2/../../../avr/lib/avr5/libm.a(cmpsf2.o)
 .bss           0x008001b0        0x0 /usr/lib/gcc/avr/4.9.2/../../../avr/lib/avr5/libm.a(divsf3.o)
 .bss           0x008001b0        0x0 /usr/lib/gcc/avr/4.9.2/../../../avr/lib/avr5/libm.a(divsf3x.o)
 .bss           0x008001b0        0x0 /usr/lib/gcc/avr/4.9.2/../../../avr/lib/avr5/libm.a(fixsfsi.o)
 .bss           0x008001b0        0x0 /usr/lib/gcc/avr/4.9.2/../../../avr/lib/avr5/libm.a(fixunssfsi.o)
 .bss           0x008001b0        0x0 /usr/lib/gcc/avr/4.9.2/../../../avr/lib/avr5/libm.a(floatsisf.o)
 .bss           0x008001b0        0x0 /usr/lib/gcc/avr/4.9.2/../../../avr/lib/avr5/libm.a(fp_cmp.o)
 .bss           0x008001b0        0x0 /usr/lib/gcc/avr/4.9.2/../../../avr/lib/avr5/libm.a(fp_inf.o)
 .bss           0x008001b0        0x0 /usr/lib/gcc/avr/4.9.2/../../../avr/lib/avr5/libm.a(fp_nan.o)
 .bss           0x008001b0        0x0 /usr/lib/gcc/avr/4.9.2/../../../avr/lib/avr5/libm.a(fp_pscA.o)
 .bss           0x008001b0        0x0 /usr/lib/gcc/avr/4.9.2/../../../avr/lib/avr5/libm.a(fp_pscB.o)
 .bss           0x008001b0        0x0 /usr/lib/gcc/avr/4.9.2/../../../avr/lib/avr5/libm.a(fp_round.o)
 .bss           0x008001b0        0x0 /usr/lib/gcc/avr/4.9.2/../../../avr/lib/avr5/libm.a(fp_split3.o)
 .bss           0x008001b0        0x0 /usr/lib/gcc/avr/4.9.2/../../../avr/lib/avr5/libm.a(fp_zero.o)
 .bss           0x008001b0        0x0 /usr/lib/gcc/avr/4.9.2/../../../avr/lib/avr5/libm.a(gesf2.o)
 .bss           0x008001b0        0x0 /usr/lib/gcc/avr/4.9.2/../../../avr/lib/avr5/libm.a(log.o)
 .bss           0x008001b0        0x0 /usr/lib/gcc/avr/4.9.2/../../../avr/lib/avr5/libm.a(mulsf3.o)
 .bss           0x008001b0        0x0 /usr/lib/gcc/avr/4.9.2/../../../avr/lib/avr5/libm.a(mulsf3x.o)
 .bss           0x008001b0        0x0 /usr/lib/gcc/avr/4.9.2/../../../avr/lib/avr5/libm.a(fp_mpack.o)
 .bss           0x008001b0        0x0 /usr/lib/gcc/avr/4.9.2/../../../avr/lib/avr5/libm.a(fp_powser.o)
 .bss           0x008001b0        0x0 /usr/lib/gcc/avr/4.9.2/../../../avr/lib/avr5/libc.a(malloc.o)
 .bss           0x008001b0        0x0 /usr/lib/gcc/avr/4.9.2/../../../avr/lib/avr5/libc.a(strtol.o)
 .bss           0x008001b0        0x0 /usr/lib/gcc/avr/4.9.2/../../../avr/lib/avr5/libc.a(abort.o)
 .bss           0x008001b0        0x0 /usr/lib/gcc/avr/4.9.2/../../../avr/lib/avr5/libc.a(ftoa_engine.o)
 .bss           0x008001b0        0x0 /usr/lib/gcc/avr/4.9.2/../../../avr/lib/avr5/libc.a(isprint.o)
 .bss           0x008001b0        0x0 /usr/lib/gcc/avr/4.9.2/../../../avr/lib/avr5/libc.a(isspace.o)
 .bss           0x008001b0        0x0 /usr/lib/gcc/avr/4.9.2/../../../avr/lib/avr5/libc.a(strnlen_P.o)
 .bss           0x008001b0        0x0 /usr/lib/gcc/avr/4.9.2/../../../avr/lib/avr5/libc.a(strcmp.o)
 .bss           0x008001b0        0x0 /usr/lib/gcc/avr/4.9.2/../../../avr/lib/avr5/libc.a(strnlen.o)
 .bss           0x008001b0        0x0 /usr/lib/gcc/avr/4.9.2/../../../avr/lib/avr5/libc.a(fdevopen.o)
 .bss           0x008001b0        0x0 /usr/lib/gcc/avr/4.9.2/../../../avr/lib/avr5/libc.a(fputc.o)
 .bss           0x008001b0        0x0 /usr/lib/gcc/avr/4.9.2/../../../avr/lib/avr5/libc.a(iob.o)
 .bss           0x008001b0        0x0 /usr/lib/gcc/avr/4.9.2/../../../avr/lib/avr5/libc.a(puts.o)
 .bss           0x008001b0        0x0 /usr/lib/gcc/avr/4.9.2/../../../avr/lib/avr5/libc.a(ultoa_invert.o)
 .bss           0x008001b0        0x0 /usr/lib/gcc/avr/4.9.2/../../../avr/lib/avr5/libc.a(calloc.o)
 .bss           0x008001b0        0x0 /usr/lib/gcc/avr/4.9.2/../../../avr/lib/avr5/libc.a(errno.o)
 .bss           0x008001b0        0x0 /usr/lib/gcc/avr/4.9.2/../../../avr/lib/avr5/libc.a(cty_isfalse.o)
 .bss           0x008001b0        0x0 /usr/lib/gcc/avr/4.9.2/../../../avr/lib/avr5/libc.a(memset.o)
 .bss           0x008001b0        0x0 /usr/lib/gcc/avr/4.9.2/avr5/libgcc.a(_mulsi3.o)
 *(.bss*)
 .bss.new_h     0x008001b0        0x1 ./src/deployment_control.o
                0x008001b0                new_h
 .bss.RX_buffer
                0x008001b1       0x20 ./src/main.o
                0x008001b1                RX_buffer
 .bss.RX_get    0x008001d1        0x1 ./src/main.o
                0x008001d1                RX_get
 .bss.step      0x008001d2        0x4 ./src/main.o
                0x008001d2                step
 .bss.TM_package
                0x008001d6       0x15 ./src/main.o
                0x008001d6                TM_package
 .bss._m_seconds
                0x008001eb        0x4 ./librscs-master/rscs/_source/timeservice.o
                0x008001eb                _m_seconds
 .bss._uart0_bus
                0x008001ef        0x2 ./librscs-master/rscs/_source/uart.o
 *(COMMON)
 COMMON         0x008001f1        0x2 ./src/deployment_control.o
                0x008001f1                bmp280
 COMMON         0x008001f3       0x34 ./src/main.o
                0x008001f3                raw_data
                0x008001fb                device_address
                0x00800200                nRF24L01_RX_BUFFER
                0x00800220                bmp280_calibration_values
                0x00800222                data_register
                0x00800223                initial_params
 COMMON         0x00800227        0x4 /usr/lib/gcc/avr/4.9.2/../../../avr/lib/avr5/libc.a(malloc.o)
                0x00800227                __brkval
                0x00800229                __flp
 COMMON         0x0080022b        0x6 /usr/lib/gcc/avr/4.9.2/../../../avr/lib/avr5/libc.a(iob.o)
                0x0080022b                __iob
 COMMON         0x00800231        0x2 /usr/lib/gcc/avr/4.9.2/../../../avr/lib/avr5/libc.a(errno.o)
                0x00800231                errno
                0x00800233                PROVIDE (__bss_end, .)
                0x00004652                __data_load_start = LOADADDR (.data)
                0x00004702                __data_load_end = (__data_load_start + SIZEOF (.data))

.noinit         0x00800233        0x0
                [!provide]                PROVIDE (__noinit_start, .)
 *(.noinit*)
                [!provide]                PROVIDE (__noinit_end, .)
                0x00800233                _end = .
                0x00800233                PROVIDE (__heap_start, .)

.eeprom         0x00810000        0x0
 *(.eeprom*)
                0x00810000                __eeprom_end = .

.fuse
 *(.fuse)
 *(.lfuse)
 *(.hfuse)
 *(.efuse)

.lock
 *(.lock*)

.signature
 *(.signature*)

.user_signatures
 *(.user_signatures*)

.stab
 *(.stab)

.stabstr
 *(.stabstr)

.stab.excl
 *(.stab.excl)

.stab.exclstr
 *(.stab.exclstr)

.stab.index
 *(.stab.index)

.stab.indexstr
 *(.stab.indexstr)

.comment        0x00000000       0x11
 *(.comment)
 .comment       0x00000000       0x11 /usr/lib/gcc/avr/4.9.2/../../../avr/lib/avr5/libprintf_flt.a(vfprintf_flt.o)
                                 0x12 (size before relaxing)
 .comment       0x00000011       0x12 ./src/deployment_control.o
 .comment       0x00000011       0x12 ./src/main.o
 .comment       0x00000011       0x12 ./src/motor_control.o
 .comment       0x00000011       0x12 ./src/nRF24L01.o
 .comment       0x00000011       0x12 ./src/radio-module.o
 .comment       0x00000011       0x12 ./librscs-master/rscs/_source/stdext/stdio.o
 .comment       0x00000011       0x12 ./librscs-master/rscs/_source/bmp280.o
 .comment       0x00000011       0x12 ./librscs-master/rscs/_source/crc.o
 .comment       0x00000011       0x12 ./librscs-master/rscs/_source/i2c.o
 .comment       0x00000011       0x12 ./librscs-master/rscs/_source/ringbuf.o
 .comment       0x00000011       0x12 ./librscs-master/rscs/_source/spi.o
 .comment       0x00000011       0x12 ./librscs-master/rscs/_source/timeservice.o
 .comment       0x00000011       0x12 ./librscs-master/rscs/_source/uart.o
 .comment       0x00000011       0x12 ./librscs-master/rscs/3rd_party/minmea/minmea.o
 .comment       0x00000011       0x12 /usr/lib/gcc/avr/4.9.2/../../../avr/lib/avr5/libc.a(malloc.o)
 .comment       0x00000011       0x12 /usr/lib/gcc/avr/4.9.2/../../../avr/lib/avr5/libc.a(strtol.o)
 .comment       0x00000011       0x12 /usr/lib/gcc/avr/4.9.2/../../../avr/lib/avr5/libc.a(fdevopen.o)
 .comment       0x00000011       0x12 /usr/lib/gcc/avr/4.9.2/../../../avr/lib/avr5/libc.a(fputc.o)
 .comment       0x00000011       0x12 /usr/lib/gcc/avr/4.9.2/../../../avr/lib/avr5/libc.a(iob.o)
 .comment       0x00000011       0x12 /usr/lib/gcc/avr/4.9.2/../../../avr/lib/avr5/libc.a(puts.o)
 .comment       0x00000011       0x12 /usr/lib/gcc/avr/4.9.2/../../../avr/lib/avr5/libc.a(calloc.o)
 .comment       0x00000011       0x12 /usr/lib/gcc/avr/4.9.2/../../../avr/lib/avr5/libc.a(errno.o)

.note.gnu.avr.deviceinfo
                0x00000000       0x40
 .note.gnu.avr.deviceinfo
                0x00000000       0x40 /usr/lib/gcc/avr/4.9.2/../../../avr/lib/avr5/crtatmega328p.o

.note.gnu.build-id
 *(.note.gnu.build-id)

.debug
 *(.debug)

.line
 *(.line)

.debug_srcinfo
 *(.debug_srcinfo)

.debug_sfnames
 *(.debug_sfnames)

.debug_aranges
 *(.debug_aranges)

.debug_pubnames
 *(.debug_pubnames)

.debug_info
 *(.debug_info .gnu.linkonce.wi.*)

.debug_abbrev
 *(.debug_abbrev)

.debug_line
 *(.debug_line .debug_line.* .debug_line_end)

.debug_frame
 *(.debug_frame)

.debug_str
 *(.debug_str)

.debug_loc
 *(.debug_loc)

.debug_macinfo
 *(.debug_macinfo)

.debug_weaknames
 *(.debug_weaknames)

.debug_funcnames
 *(.debug_funcnames)

.debug_typenames
 *(.debug_typenames)

.debug_varnames
 *(.debug_varnames)

.debug_pubtypes
 *(.debug_pubtypes)

.debug_ranges
 *(.debug_ranges)

.debug_macro
 *(.debug_macro)
OUTPUT(Unica_2018_ATmega328P.elf elf32-avr)
LOAD linker stubs
