Archive member included to satisfy reference by file (symbol)

/usr/lib/gcc/arm-none-eabi/5.4.1/../../../arm-none-eabi/lib/armv7e-m/fpu/libm.a(lib_a-s_atan.o)
                              ./src/modules/dynamic_unit.o (atan)
/usr/lib/gcc/arm-none-eabi/5.4.1/../../../arm-none-eabi/lib/armv7e-m/fpu/libm.a(lib_a-s_fabs.o)
                              /usr/lib/gcc/arm-none-eabi/5.4.1/../../../arm-none-eabi/lib/armv7e-m/fpu/libm.a(lib_a-s_atan.o) (fabs)
/usr/lib/gcc/arm-none-eabi/5.4.1/../../../arm-none-eabi/lib/armv7e-m/fpu/libm.a(lib_a-s_round.o)
                              ./src/modules/dynamic_unit.o (round)
/usr/lib/gcc/arm-none-eabi/5.4.1/../../../arm-none-eabi/lib/armv7e-m/fpu/libm.a(lib_a-w_pow.o)
                              ./src/modules/dynamic_unit.o (pow)
/usr/lib/gcc/arm-none-eabi/5.4.1/../../../arm-none-eabi/lib/armv7e-m/fpu/libm.a(lib_a-w_sqrt.o)
                              ./src/modules/dynamic_unit.o (sqrt)
/usr/lib/gcc/arm-none-eabi/5.4.1/../../../arm-none-eabi/lib/armv7e-m/fpu/libm.a(lib_a-e_pow.o)
                              /usr/lib/gcc/arm-none-eabi/5.4.1/../../../arm-none-eabi/lib/armv7e-m/fpu/libm.a(lib_a-w_pow.o) (__ieee754_pow)
/usr/lib/gcc/arm-none-eabi/5.4.1/../../../arm-none-eabi/lib/armv7e-m/fpu/libm.a(lib_a-e_sqrt.o)
                              /usr/lib/gcc/arm-none-eabi/5.4.1/../../../arm-none-eabi/lib/armv7e-m/fpu/libm.a(lib_a-w_sqrt.o) (__ieee754_sqrt)
/usr/lib/gcc/arm-none-eabi/5.4.1/../../../arm-none-eabi/lib/armv7e-m/fpu/libm.a(lib_a-s_finite.o)
                              /usr/lib/gcc/arm-none-eabi/5.4.1/../../../arm-none-eabi/lib/armv7e-m/fpu/libm.a(lib_a-w_pow.o) (finite)
/usr/lib/gcc/arm-none-eabi/5.4.1/../../../arm-none-eabi/lib/armv7e-m/fpu/libm.a(lib_a-s_lib_ver.o)
                              /usr/lib/gcc/arm-none-eabi/5.4.1/../../../arm-none-eabi/lib/armv7e-m/fpu/libm.a(lib_a-w_pow.o) (__fdlib_version)
/usr/lib/gcc/arm-none-eabi/5.4.1/../../../arm-none-eabi/lib/armv7e-m/fpu/libm.a(lib_a-s_matherr.o)
                              /usr/lib/gcc/arm-none-eabi/5.4.1/../../../arm-none-eabi/lib/armv7e-m/fpu/libm.a(lib_a-w_pow.o) (matherr)
/usr/lib/gcc/arm-none-eabi/5.4.1/../../../arm-none-eabi/lib/armv7e-m/fpu/libm.a(lib_a-s_nan.o)
                              /usr/lib/gcc/arm-none-eabi/5.4.1/../../../arm-none-eabi/lib/armv7e-m/fpu/libm.a(lib_a-e_pow.o) (nan)
/usr/lib/gcc/arm-none-eabi/5.4.1/../../../arm-none-eabi/lib/armv7e-m/fpu/libm.a(lib_a-s_rint.o)
                              /usr/lib/gcc/arm-none-eabi/5.4.1/../../../arm-none-eabi/lib/armv7e-m/fpu/libm.a(lib_a-w_pow.o) (rint)
/usr/lib/gcc/arm-none-eabi/5.4.1/../../../arm-none-eabi/lib/armv7e-m/fpu/libm.a(lib_a-s_scalbn.o)
                              /usr/lib/gcc/arm-none-eabi/5.4.1/../../../arm-none-eabi/lib/armv7e-m/fpu/libm.a(lib_a-e_pow.o) (scalbn)
/usr/lib/gcc/arm-none-eabi/5.4.1/../../../arm-none-eabi/lib/armv7e-m/fpu/libm.a(lib_a-s_copysign.o)
                              /usr/lib/gcc/arm-none-eabi/5.4.1/../../../arm-none-eabi/lib/armv7e-m/fpu/libm.a(lib_a-s_scalbn.o) (copysign)
/usr/lib/gcc/arm-none-eabi/5.4.1/armv7e-m/fpu/libgcc.a(_arm_addsubdf3.o)
                              /usr/lib/gcc/arm-none-eabi/5.4.1/../../../arm-none-eabi/lib/armv7e-m/fpu/libm.a(lib_a-s_atan.o) (__aeabi_dsub)
/usr/lib/gcc/arm-none-eabi/5.4.1/armv7e-m/fpu/libgcc.a(_arm_muldivdf3.o)
                              ./src/modules/dynamic_unit.o (__aeabi_dmul)
/usr/lib/gcc/arm-none-eabi/5.4.1/armv7e-m/fpu/libgcc.a(_arm_cmpdf2.o)
                              /usr/lib/gcc/arm-none-eabi/5.4.1/../../../arm-none-eabi/lib/armv7e-m/fpu/libm.a(lib_a-w_pow.o) (__aeabi_dcmpeq)
/usr/lib/gcc/arm-none-eabi/5.4.1/armv7e-m/fpu/libgcc.a(_arm_unorddf2.o)
                              /usr/lib/gcc/arm-none-eabi/5.4.1/../../../arm-none-eabi/lib/armv7e-m/fpu/libm.a(lib_a-w_pow.o) (__aeabi_dcmpun)
/usr/lib/gcc/arm-none-eabi/5.4.1/armv7e-m/fpu/libgcc.a(_arm_truncdfsf2.o)
                              ./src/modules/dynamic_unit.o (__aeabi_d2f)
/usr/lib/gcc/arm-none-eabi/5.4.1/../../../arm-none-eabi/lib/armv7e-m/fpu/libg_nano.a(lib_a-ctype_.o)
                              ./src/drivers/minmea.o (__ctype_ptr__)
/usr/lib/gcc/arm-none-eabi/5.4.1/../../../arm-none-eabi/lib/armv7e-m/fpu/libg_nano.a(lib_a-errno.o)
                              ./system/src/newlib/_sbrk.o (__errno)
/usr/lib/gcc/arm-none-eabi/5.4.1/../../../arm-none-eabi/lib/armv7e-m/fpu/libg_nano.a(lib_a-impure.o)
                              /usr/lib/gcc/arm-none-eabi/5.4.1/../../../arm-none-eabi/lib/armv7e-m/fpu/libg_nano.a(lib_a-errno.o) (_impure_ptr)
/usr/lib/gcc/arm-none-eabi/5.4.1/../../../arm-none-eabi/lib/armv7e-m/fpu/libg_nano.a(lib_a-memcpy.o)
                              ./FreeRTOS/queue.o (memcpy)
/usr/lib/gcc/arm-none-eabi/5.4.1/../../../arm-none-eabi/lib/armv7e-m/fpu/libg_nano.a(lib_a-memset.o)
                              ./src/drivers/gps_nmea.o (memset)
[...]
Memory Configuration

Name             Origin             Length             Attributes
RAM              0x20000000         0x00020000         xrw
CCMRAM           0x10000000         0x00010000         xrw
FLASH            0x08000000         0x00100000         xr
FLASHB1          0x00000000         0x00000000         xr
EXTMEMB0         0x00000000         0x00000000         xr
EXTMEMB1         0x00000000         0x00000000         xr
EXTMEMB2         0x00000000         0x00000000         xr
EXTMEMB3         0x00000000         0x00000000         xr
MEMORY_ARRAY     0x20002000         0x00000020         xrw
*default*        0x00000000         0xffffffff

Linker script and memory map

LOAD ./system/src/stm32f4-hal/stm32f4xx_hal.o
LOAD ./system/src/stm32f4-hal/stm32f4xx_hal_cortex.o
LOAD ./system/src/stm32f4-hal/stm32f4xx_hal_dfsdm.o
LOAD ./system/src/stm32f4-hal/stm32f4xx_hal_dma.o
LOAD ./system/src/stm32f4-hal/stm32f4xx_hal_dma_ex.o
LOAD ./system/src/stm32f4-hal/stm32f4xx_hal_flash.o
LOAD ./system/src/stm32f4-hal/stm32f4xx_hal_gpio.o
LOAD ./system/src/stm32f4-hal/stm32f4xx_hal_i2c.o
LOAD ./system/src/stm32f4-hal/stm32f4xx_hal_i2c_ex.o
LOAD ./system/src/stm32f4-hal/stm32f4xx_hal_iwdg.o
LOAD ./system/src/stm32f4-hal/stm32f4xx_hal_pwr.o
LOAD ./system/src/stm32f4-hal/stm32f4xx_hal_rcc.o
LOAD ./system/src/stm32f4-hal/stm32f4xx_hal_spi.o
LOAD ./system/src/stm32f4-hal/stm32f4xx_hal_tim.o
LOAD ./system/src/stm32f4-hal/stm32f4xx_hal_tim_ex.o
LOAD ./system/src/stm32f4-hal/stm32f4xx_hal_uart.o
LOAD ./system/src/stm32f4-hal/stm32f4xx_hal_usart.o
LOAD ./system/src/newlib/_cxx.o
LOAD ./system/src/newlib/_exit.o
LOAD ./system/src/newlib/_sbrk.o
LOAD ./system/src/newlib/_startup.o
LOAD ./system/src/newlib/_syscalls.o
LOAD ./system/src/newlib/assert.o
LOAD ./system/src/diag/Trace.o
LOAD ./system/src/diag/trace_impl.o
LOAD ./system/src/cortexm/_initialize_hardware.o
LOAD ./system/src/cortexm/_reset_hardware.o
LOAD ./system/src/cortexm/exception_handlers.o
LOAD ./system/src/cmsis/system_stm32f4xx.o
LOAD ./system/src/cmsis/vectors_stm32f405xx.o
LOAD ./system-usr/src_/stm32f4xx_hal_timebase_tim.o
LOAD ./src/modules/dynamic_unit.o
LOAD ./src/modules/kinematic_unit.o
LOAD ./src/modules/telemetry.o
LOAD ./src/library/MadgwickAHRS.o
LOAD ./src/library/quaternion.o
LOAD ./src/drivers/Bluetooth_HC-05.o
LOAD ./src/drivers/MPU9255.o
LOAD ./src/drivers/gps_nmea.o
LOAD ./src/drivers/minmea.o
LOAD ./src/drivers/nRF24L01.o
LOAD ./src/_initialize_hardware.o
LOAD ./src/_write.o
LOAD ./src/main.o
LOAD ./src/stm32f4xx_hal_msp.o
LOAD ./sofa/cp.o
LOAD ./sofa/pmp.o
LOAD ./sofa/rxp.o
LOAD ./FreeRTOS/portable/GCC/ARM_CM4F/port.o
LOAD ./FreeRTOS-usr/hooks.o
LOAD ./FreeRTOS/croutine.o
LOAD ./FreeRTOS/event_groups.o
LOAD ./FreeRTOS/list.o
LOAD ./FreeRTOS/queue.o
LOAD ./FreeRTOS/stream_buffer.o
LOAD ./FreeRTOS/tasks.o
LOAD ./FreeRTOS/timers.o
LOAD /usr/lib/gcc/arm-none-eabi/5.4.1/../../../arm-none-eabi/lib/armv7e-m/fpu/libstdc++_nano.a
LOAD /usr/lib/gcc/arm-none-eabi/5.4.1/../../../arm-none-eabi/lib/armv7e-m/fpu/libm.a
START GROUP
LOAD /usr/lib/gcc/arm-none-eabi/5.4.1/armv7e-m/fpu/libgcc.a
LOAD /usr/lib/gcc/arm-none-eabi/5.4.1/../../../arm-none-eabi/lib/armv7e-m/fpu/libg_nano.a
LOAD /usr/lib/gcc/arm-none-eabi/5.4.1/../../../arm-none-eabi/lib/armv7e-m/fpu/libc_nano.a
END GROUP
START GROUP
LOAD /usr/lib/gcc/arm-none-eabi/5.4.1/armv7e-m/fpu/libgcc.a
LOAD /usr/lib/gcc/arm-none-eabi/5.4.1/../../../arm-none-eabi/lib/armv7e-m/fpu/libc_nano.a
END GROUP
                0x20020000                __stack = (ORIGIN (RAM) + LENGTH (RAM))
                0x20020000                _estack = __stack
                0x00000400                __Main_Stack_Size = 0x400
                [!provide]                PROVIDE (_Main_Stack_Size, __Main_Stack_Size)
                0x2001fc00                __Main_Stack_Limit = (__stack - __Main_Stack_Size)
                [!provide]                PROVIDE (_Main_Stack_Limit, __Main_Stack_Limit)
                0x00000100                _Minimum_Stack_Size = 0x100
                0x200028bc                PROVIDE (_Heap_Begin, _end_noinit)
                0x2001fc00                PROVIDE (_Heap_Limit, (__stack - __Main_Stack_Size))

.isr_vector     0x08000000      0x3ec
 FILL mask 0xff
                0x08000000                __vectors_start = ABSOLUTE (.)
                0x08000000                __vectors_start__ = ABSOLUTE (.)
 *(.isr_vector)
 .isr_vector    0x08000000      0x188 ./system/src/cmsis/vectors_stm32f405xx.o
                0x08000000                __isr_vectors
 *(.cfmconfig)
 *(.after_vectors .after_vectors.*)
 .after_vectors
                0x08000188      0x130 ./system/src/newlib/_startup.o
                0x08000188                _start
 .after_vectors
                0x080002b8      0x130 ./system/src/cortexm/exception_handlers.o
                0x080002b8                Reset_Handler
                0x080002c0                NMI_Handler
                0x080002c4                HardFault_Handler
                0x080002d8                HardFault_Handler_C
                0x08000338                MemManage_Handler
                0x0800033c                BusFault_Handler
                0x08000350                BusFault_Handler_C
                0x08000384                UsageFault_Handler
                0x08000398                UsageFault_Handler_C
                0x080003d0                DebugMon_Handler
 .after_vectors
                0x080003e8        0x4 ./system/src/cmsis/vectors_stm32f405xx.o
                0x080003e8                RTC_Alarm_IRQHandler
                0x080003e8                HASH_RNG_IRQHandler
                0x080003e8                EXTI2_IRQHandler
                0x080003e8                TIM8_CC_IRQHandler
                0x080003e8                TIM1_CC_IRQHandler
                0x080003e8                DMA2_Stream5_IRQHandler
                0x080003e8                DMA1_Stream5_IRQHandler
                0x080003e8                PVD_IRQHandler
                0x080003e8                SDIO_IRQHandler
                0x080003e8                TAMP_STAMP_IRQHandler
                0x080003e8                CAN2_RX1_IRQHandler
                0x080003e8                EXTI3_IRQHandler
                0x080003e8                TIM8_TRG_COM_TIM14_IRQHandler
                0x080003e8                TIM1_UP_TIM10_IRQHandler
                0x080003e8                TIM8_UP_TIM13_IRQHandler
                0x080003e8                I2C3_ER_IRQHandler
                0x080003e8                EXTI0_IRQHandler
                0x080003e8                I2C2_EV_IRQHandler
                0x080003e8                DMA1_Stream2_IRQHandler
                0x080003e8                CAN1_RX0_IRQHandler
                0x080003e8                FPU_IRQHandler
                0x080003e8                OTG_HS_WKUP_IRQHandler
                0x080003e8                CAN2_SCE_IRQHandler
                0x080003e8                DMA2_Stream2_IRQHandler
                0x080003e8                SPI1_IRQHandler
                0x080003e8                TIM1_BRK_TIM9_IRQHandler
                0x080003e8                CAN2_RX0_IRQHandler
                0x080003e8                DMA2_Stream3_IRQHandler
                0x080003e8                USART6_IRQHandler
                0x080003e8                USART3_IRQHandler
                0x080003e8                CAN1_RX1_IRQHandler
                0x080003e8                UART5_IRQHandler
                0x080003e8                DMA2_Stream0_IRQHandler
                0x080003e8                TIM4_IRQHandler
                0x080003e8                I2C1_EV_IRQHandler
                0x080003e8                DMA1_Stream6_IRQHandler
                0x080003e8                DMA1_Stream1_IRQHandler
                0x080003e8                UART4_IRQHandler
                0x080003e8                TIM3_IRQHandler
                0x080003e8                RCC_IRQHandler
                0x080003e8                TIM8_BRK_TIM12_IRQHandler
                0x080003e8                Default_Handler
                0x080003e8                EXTI15_10_IRQHandler
                0x080003e8                ADC_IRQHandler
                0x080003e8                DMA1_Stream7_IRQHandler
                0x080003e8                TIM7_IRQHandler
                0x080003e8                CAN2_TX_IRQHandler
                0x080003e8                TIM5_IRQHandler
                0x080003e8                DMA2_Stream7_IRQHandler
                0x080003e8                I2C3_EV_IRQHandler
                0x080003e8                EXTI9_5_IRQHandler
                0x080003e8                RTC_WKUP_IRQHandler
                0x080003e8                SPI2_IRQHandler
                0x080003e8                OTG_HS_EP1_IN_IRQHandler
                0x080003e8                DMA1_Stream0_IRQHandler
                0x080003e8                CAN1_TX_IRQHandler
                0x080003e8                EXTI4_IRQHandler
                0x080003e8                OTG_HS_EP1_OUT_IRQHandler
                0x080003e8                WWDG_IRQHandler
                0x080003e8                TIM2_IRQHandler
                0x080003e8                OTG_FS_WKUP_IRQHandler
                0x080003e8                TIM1_TRG_COM_TIM11_IRQHandler
                0x080003e8                OTG_HS_IRQHandler
                0x080003e8                EXTI1_IRQHandler
                0x080003e8                USART2_IRQHandler
                0x080003e8                I2C2_ER_IRQHandler
                0x080003e8                DMA2_Stream1_IRQHandler
                0x080003e8                CAN1_SCE_IRQHandler
                0x080003e8                FLASH_IRQHandler
                0x080003e8                DMA2_Stream4_IRQHandler
                0x080003e8                USART1_IRQHandler
                0x080003e8                OTG_FS_IRQHandler
                0x080003e8                SPI3_IRQHandler
                0x080003e8                DMA1_Stream4_IRQHandler
                0x080003e8                I2C1_ER_IRQHandler
                0x080003e8                FMC_IRQHandler
                0x080003e8                DMA2_Stream6_IRQHandler
                0x080003e8                DMA1_Stream3_IRQHandler

.inits          0x080003ec       0x28
                0x080003ec                __data_regions_array_start = .
                0x080003ec        0x4 LONG 0x80080f4 LOADADDR (.data)
                0x080003f0        0x4 LONG 0x20000000 ADDR (.data)
                0x080003f4        0x4 LONG 0x200000f8 (ADDR (.data) + SIZEOF (.data))
                0x080003f8        0x4 LONG 0x80080f4 LOADADDR (.data_CCMRAM)
                0x080003fc        0x4 LONG 0x10000000 ADDR (.data_CCMRAM)
                0x08000400        0x4 LONG 0x10000000 (ADDR (.data_CCMRAM) + SIZEOF (.data_CCMRAM))
                0x08000404                __data_regions_array_end = .
                0x08000404                __bss_regions_array_start = .
                0x08000404        0x4 LONG 0x200000f8 ADDR (.bss)
                0x08000408        0x4 LONG 0x200028bc (ADDR (.bss) + SIZEOF (.bss))
                0x0800040c        0x4 LONG 0x10000000 ADDR (.bss_CCMRAM)
                0x08000410        0x4 LONG 0x10000000 (ADDR (.bss_CCMRAM) + SIZEOF (.bss_CCMRAM))
                0x08000414                __bss_regions_array_end = .
 *(.init)
 *(.fini)
                0x08000414                . = ALIGN (0x4)
                0x08000414                PROVIDE (__preinit_array_start, .)
 *(.preinit_array_sysinit .preinit_array_sysinit.*)
 *(.preinit_array_platform .preinit_array_platform.*)
 *(.preinit_array .preinit_array.*)
                0x08000414                PROVIDE (__preinit_array_end, .)
                0x08000414                . = ALIGN (0x4)
                0x08000414                PROVIDE (__init_array_start, .)
 *(SORT(.init_array.*))
 *(.init_array)
                0x08000414                PROVIDE (__init_array_end, .)
                0x08000414                . = ALIGN (0x4)
                0x08000414                PROVIDE (__fini_array_start, .)
 *(SORT(.fini_array.*))
 *(.fini_array)
                0x08000414                PROVIDE (__fini_array_end, .)

.flashtext
 *(.flashtext .flashtext.*)

.text           0x08000440     0x7cb4
 *(.text .text.*)
 .text.HAL_Init
                0x08000440       0x34 ./system/src/stm32f4-hal/stm32f4xx_hal.o
                0x08000440                HAL_Init
 .text.HAL_IncTick
                0x08000474       0x10 ./system/src/stm32f4-hal/stm32f4xx_hal.o
                0x08000474                HAL_IncTick
 .text.HAL_GetTick
                0x08000484        0xc ./system/src/stm32f4-hal/stm32f4xx_hal.o
                0x08000484                HAL_GetTick
 .text.HAL_NVIC_SetPriorityGrouping
                0x08000490       0x3c ./system/src/stm32f4-hal/stm32f4xx_hal_cortex.o
                0x08000490                HAL_NVIC_SetPriorityGrouping
 .text.HAL_NVIC_SetPriority
                0x080004cc       0x84 ./system/src/stm32f4-hal/stm32f4xx_hal_cortex.o
                0x080004cc                HAL_NVIC_SetPriority
 .text.HAL_NVIC_EnableIRQ
                0x08000550       0x2c ./system/src/stm32f4-hal/stm32f4xx_hal_cortex.o
                0x08000550                HAL_NVIC_EnableIRQ
 .text.HAL_SYSTICK_Config
                0x0800057c       0x2c ./system/src/stm32f4-hal/stm32f4xx_hal_cortex.o
                0x0800057c                HAL_SYSTICK_Config
 .text.HAL_SYSTICK_CLKSourceConfig
                0x080005a8       0x38 ./system/src/stm32f4-hal/stm32f4xx_hal_cortex.o
                0x080005a8                HAL_SYSTICK_CLKSourceConfig
 .text.HAL_GPIO_Init
                0x080005e0      0x324 ./system/src/stm32f4-hal/stm32f4xx_hal_gpio.o
                0x080005e0                HAL_GPIO_Init
 .text.HAL_RCC_OscConfig
                0x08000904      0x448 ./system/src/stm32f4-hal/stm32f4xx_hal_rcc.o
                0x08000904                HAL_RCC_OscConfig
 .text.HAL_RCC_GetSysClockFreq
                0x08000d4c       0xa4 ./system/src/stm32f4-hal/stm32f4xx_hal_rcc.o
                0x08000d4c                HAL_RCC_GetSysClockFreq
 .text.HAL_RCC_ClockConfig
                0x08000df0      0x264 ./system/src/stm32f4-hal/stm32f4xx_hal_rcc.o
                0x08000df0                HAL_RCC_ClockConfig
 .text.HAL_RCC_GetHCLKFreq
                0x08001054        0xc ./system/src/stm32f4-hal/stm32f4xx_hal_rcc.o
                0x08001054                HAL_RCC_GetHCLKFreq
 .text.HAL_RCC_GetPCLK1Freq
                0x08001060       0x30 ./system/src/stm32f4-hal/stm32f4xx_hal_rcc.o
                0x08001060                HAL_RCC_GetPCLK1Freq
 .text.HAL_RCC_GetPCLK2Freq
                0x08001090       0x30 ./system/src/stm32f4-hal/stm32f4xx_hal_rcc.o
                0x08001090                HAL_RCC_GetPCLK2Freq
 .text.HAL_RCC_GetClockConfig
                0x080010c0       0x3c ./system/src/stm32f4-hal/stm32f4xx_hal_rcc.o
                0x080010c0                HAL_RCC_GetClockConfig
 .text.HAL_TIM_Base_MspInit
                0x080010fc        0x4 ./system/src/stm32f4-hal/stm32f4xx_hal_tim.o
                0x080010fc                HAL_TIM_Base_MspInit
 .text.HAL_TIM_Base_Start_IT
                0x08001100       0x9c ./system/src/stm32f4-hal/stm32f4xx_hal_tim.o
                0x08001100                HAL_TIM_Base_Start_IT
 .text.HAL_TIM_OC_DelayElapsedCallback
                0x0800119c        0x4 ./system/src/stm32f4-hal/stm32f4xx_hal_tim.o
                0x0800119c                HAL_TIM_OC_DelayElapsedCallback
 .text.HAL_TIM_IC_CaptureCallback
                0x080011a0        0x4 ./system/src/stm32f4-hal/stm32f4xx_hal_tim.o
                0x080011a0                HAL_TIM_IC_CaptureCallback
 .text.HAL_TIM_PWM_PulseFinishedCallback
                0x080011a4        0x4 ./system/src/stm32f4-hal/stm32f4xx_hal_tim.o
                0x080011a4                HAL_TIM_PWM_PulseFinishedCallback
 .text.HAL_TIM_TriggerCallback
                0x080011a8        0x4 ./system/src/stm32f4-hal/stm32f4xx_hal_tim.o
                0x080011a8                HAL_TIM_TriggerCallback
 .text.HAL_TIM_IRQHandler
                0x080011ac      0x174 ./system/src/stm32f4-hal/stm32f4xx_hal_tim.o
                0x080011ac                HAL_TIM_IRQHandler
 .text.TIM_Base_SetConfig
                0x08001320      0x11c ./system/src/stm32f4-hal/stm32f4xx_hal_tim.o
                0x08001320                TIM_Base_SetConfig
 .text.HAL_TIM_Base_Init
                0x0800143c       0xec ./system/src/stm32f4-hal/stm32f4xx_hal_tim.o
                0x0800143c                HAL_TIM_Base_Init
 .text.HAL_TIMEx_CommutationCallback
                0x08001528        0x4 ./system/src/stm32f4-hal/stm32f4xx_hal_tim_ex.o
                0x08001528                HAL_TIMEx_CommutationCallback
 .text.HAL_TIMEx_BreakCallback
                0x0800152c        0x4 ./system/src/stm32f4-hal/stm32f4xx_hal_tim_ex.o
                0x0800152c                HAL_TIMEx_BreakCallback
 .text.USART_SetConfig
                0x08001530      0x220 ./system/src/stm32f4-hal/stm32f4xx_hal_usart.o
 .text.USART_WaitOnFlagUntilTimeout
                0x08001750       0x78 ./system/src/stm32f4-hal/stm32f4xx_hal_usart.o
 .text.HAL_USART_Init
                0x080017c8       0x88 ./system/src/stm32f4-hal/stm32f4xx_hal_usart.o
                0x080017c8                HAL_USART_Init
 .text.HAL_USART_Transmit
                0x08001850       0xe4 ./system/src/stm32f4-hal/stm32f4xx_hal_usart.o
                0x08001850                HAL_USART_Transmit
 .text._exit    0x08001934        0x4 ./system/src/newlib/_exit.o
                0x08001934                _exit
 .text.abort    0x08001938       0x14 ./system/src/newlib/_exit.o
                0x08001938                abort
 .text._sbrk    0x0800194c       0x44 ./system/src/newlib/_sbrk.o
                0x0800194c                _sbrk
 .text.__initialize_args
                0x08001990       0x10 ./system/src/newlib/_syscalls.o
                0x08001990                __initialize_args
 .text._close   0x080019a0       0x10 ./system/src/newlib/_syscalls.o
                0x080019a0                _close
 .text._fstat   0x080019b0       0x10 ./system/src/newlib/_syscalls.o
                0x080019b0                _fstat
 .text._isatty  0x080019c0       0x10 ./system/src/newlib/_syscalls.o
                0x080019c0                _isatty
 .text._lseek   0x080019d0       0x10 ./system/src/newlib/_syscalls.o
                0x080019d0                _lseek
 .text._read    0x080019e0       0x10 ./system/src/newlib/_syscalls.o
                0x080019e0                _read
 .text.__assert_func
                0x080019f0       0x34 ./system/src/newlib/assert.o
                0x080019f0                __assert_func
 .text.assert_failed
                0x08001a24       0x14 ./system/src/newlib/assert.o
                0x08001a24                assert_failed
 .text.trace_printf
                0x08001a38       0x30 ./system/src/diag/Trace.o
                0x08001a38                trace_printf
 .text.trace_puts
                0x08001a68       0x20 ./system/src/diag/Trace.o
                0x08001a68                trace_puts
 .text._trace_write_semihosting_debug
                0x08001a88       0x64 ./system/src/diag/trace_impl.o
 .text.trace_write
                0x08001aec        0x8 ./system/src/diag/trace_impl.o
                0x08001aec                trace_write
 .text.__initialize_hardware_early
                0x08001af4       0x24 ./system/src/cortexm/_initialize_hardware.o
                0x08001af4                __initialize_hardware_early
 .text.dumpExceptionStack
                0x08001b18       0xf0 ./system/src/cortexm/exception_handlers.o
                0x08001b18                dumpExceptionStack
 .text.isSemihosting
                0x08001c08       0x20 ./system/src/cortexm/exception_handlers.o
                0x08001c08                isSemihosting
 .text.SystemInit
                0x08001c28       0x4c ./system/src/cmsis/system_stm32f4xx.o
                0x08001c28                SystemInit
 .text.SystemCoreClockUpdate
                0x08001c74       0xa0 ./system/src/cmsis/system_stm32f4xx.o
                0x08001c74                SystemCoreClockUpdate
 .text.HAL_InitTick
                0x08001d14       0x88 ./system-usr/src_/stm32f4xx_hal_timebase_tim.o
                0x08001d14                HAL_InitTick
 .text.HAL_TIM_PeriodElapsedCallback
                0x08001d9c        0x8 ./system-usr/src_/stm32f4xx_hal_timebase_tim.o
                0x08001d9c                HAL_TIM_PeriodElapsedCallback
 .text.TIM6_DAC_IRQHandler
                0x08001da4       0x10 ./system-usr/src_/stm32f4xx_hal_timebase_tim.o
                0x08001da4                TIM6_DAC_IRQHandler
 .text.MOTOR_task
                0x08001db4       0x58 ./src/modules/dynamic_unit.o
                0x08001db4                MOTOR_task
 .text.SystemClock_Config
                0x08001e0c       0x9c ./src/_initialize_hardware.o
                0x08001e0c                SystemClock_Config
 .text.__initialize_hardware
                0x08001ea8       0x10 ./src/_initialize_hardware.o
                0x08001ea8                __initialize_hardware
 .text._write   0x08001eb8       0x28 ./src/_write.o
                0x08001eb8                _write
 .text.main     0x08001ee0       0xe0 ./src/main.o
                0x08001ee0                main
 .text.HAL_MspInit
                0x08001fc0        0x4 ./src/stm32f4xx_hal_msp.o
                0x08001fc0                HAL_MspInit
 .text.HAL_USART_MspInit
                0x08001fc4      0x154 ./src/stm32f4xx_hal_msp.o
                0x08001fc4                HAL_USART_MspInit
 .text.prvPortStartFirstTask
                0x08002118       0x28 ./FreeRTOS/portable/GCC/ARM_CM4F/port.o
 .text.vPortEnableVFP
                0x08002140       0x14 ./FreeRTOS/portable/GCC/ARM_CM4F/port.o
 .text.prvTaskExitError
                0x08002154       0x64 ./FreeRTOS/portable/GCC/ARM_CM4F/port.o
 .text.pxPortInitialiseStack
                0x080021b8       0x2c ./FreeRTOS/portable/GCC/ARM_CM4F/port.o
                0x080021b8                pxPortInitialiseStack
 *fill*         0x080021e4        0xc 
 .text.SVC_Handler
                0x080021f0       0x24 ./FreeRTOS/portable/GCC/ARM_CM4F/port.o
                0x080021f0                SVC_Handler
 .text.vPortEnterCritical
                0x08002214       0x68 ./FreeRTOS/portable/GCC/ARM_CM4F/port.o
                0x08002214                vPortEnterCritical
 .text.vPortExitCritical
                0x0800227c       0x4c ./FreeRTOS/portable/GCC/ARM_CM4F/port.o
                0x0800227c                vPortExitCritical
 *fill*         0x080022c8        0x8 
 .text.PendSV_Handler
                0x080022d0       0x64 ./FreeRTOS/portable/GCC/ARM_CM4F/port.o
                0x080022d0                PendSV_Handler
 .text.SysTick_Handler
                0x08002334       0x2c ./FreeRTOS/portable/GCC/ARM_CM4F/port.o
                0x08002334                SysTick_Handler
 .text.vPortSetupTimerInterrupt
                0x08002360       0x38 ./FreeRTOS/portable/GCC/ARM_CM4F/port.o
                0x08002360                vPortSetupTimerInterrupt
 .text.xPortStartScheduler
                0x08002398      0x164 ./FreeRTOS/portable/GCC/ARM_CM4F/port.o
                0x08002398                xPortStartScheduler
 .text.vApplicationStackOverflowHook
                0x080024fc       0x10 ./FreeRTOS-usr/hooks.o
                0x080024fc                vApplicationStackOverflowHook
 .text.vApplicationGetIdleTaskMemory
                0x0800250c       0x18 ./FreeRTOS-usr/hooks.o
                0x0800250c                vApplicationGetIdleTaskMemory
 .text.vListInitialise
                0x08002524       0x18 ./FreeRTOS/list.o
                0x08002524                vListInitialise
 .text.vListInitialiseItem
                0x0800253c        0x8 ./FreeRTOS/list.o
                0x0800253c                vListInitialiseItem
 .text.vListInsertEnd
                0x08002544       0x18 ./FreeRTOS/list.o
                0x08002544                vListInsertEnd
 .text.uxListRemove
                0x0800255c       0x28 ./FreeRTOS/list.o
                0x0800255c                uxListRemove
 .text.prvResetNextTaskUnblockTime
                0x08002584       0x34 ./FreeRTOS/tasks.o
 .text.prvInitialiseNewTask
                0x080025b8       0x90 ./FreeRTOS/tasks.o
 .text.prvInitialiseTaskLists
                0x08002648       0x68 ./FreeRTOS/tasks.o
 .text.prvAddNewTaskToReadyList
                0x080026b0       0xac ./FreeRTOS/tasks.o
 .text.prvCheckTasksWaitingTermination
                0x0800275c       0x40 ./FreeRTOS/tasks.o
 .text.prvIdleTask
                0x0800279c       0x28 ./FreeRTOS/tasks.o
 .text.xTaskCreateStatic
                0x080027c4       0xb8 ./FreeRTOS/tasks.o
                0x080027c4                xTaskCreateStatic
 .text.vTaskStartScheduler
                0x0800287c       0x74 ./FreeRTOS/tasks.o
                0x0800287c                vTaskStartScheduler
 .text.xTaskIncrementTick
                0x080028f0      0x144 ./FreeRTOS/tasks.o
                0x080028f0                xTaskIncrementTick
 .text.vTaskSwitchContext
                0x08002a34       0xe8 ./FreeRTOS/tasks.o
                0x08002a34                vTaskSwitchContext
 .text          0x08002b1c      0x370 /usr/lib/gcc/arm-none-eabi/5.4.1/armv7e-m/fpu/libgcc.a(_arm_addsubdf3.o)
                0x08002b1c                __aeabi_drsub
                0x08002b24                __aeabi_dsub
                0x08002b24                __subdf3
                0x08002b28                __adddf3
                0x08002b28                __aeabi_dadd
                0x08002da0                __aeabi_ui2d
                0x08002da0                __floatunsidf
                0x08002dc0                __floatsidf
                0x08002dc0                __aeabi_i2d
                0x08002de4                __extendsfdf2
                0x08002de4                __aeabi_f2d
                0x08002e20                __aeabi_ul2d
                0x08002e20                __floatundidf
                0x08002e30                __floatdidf
                0x08002e30                __aeabi_l2d
 .text          0x08002e8c      0x424 /usr/lib/gcc/arm-none-eabi/5.4.1/armv7e-m/fpu/libgcc.a(_arm_muldivdf3.o)
                0x08002e8c                __aeabi_dmul
                0x08002e8c                __muldf3
                0x080030e0                __aeabi_ddiv
                0x080030e0                __divdf3
 .text          0x080032b0      0x110 /usr/lib/gcc/arm-none-eabi/5.4.1/armv7e-m/fpu/libgcc.a(_arm_cmpdf2.o)
                0x080032b0                __gtdf2
                0x080032b0                __gedf2
                0x080032b8                __ltdf2
                0x080032b8                __ledf2
                0x080032c0                __cmpdf2
                0x080032c0                __eqdf2
                0x080032c0                __nedf2
                0x0800333c                __aeabi_cdrcmple
                0x0800334c                __aeabi_cdcmple
                0x0800334c                __aeabi_cdcmpeq
                0x0800335c                __aeabi_dcmpeq
                0x08003370                __aeabi_dcmplt
                0x08003384                __aeabi_dcmple
                0x08003398                __aeabi_dcmpge
                0x080033ac                __aeabi_dcmpgt
 .text          0x080033c0       0x2c /usr/lib/gcc/arm-none-eabi/5.4.1/armv7e-m/fpu/libgcc.a(_arm_unorddf2.o)
                0x080033c0                __aeabi_dcmpun
                0x080033c0                __unorddf2
 .text          0x080033ec        0xc /usr/lib/gcc/arm-none-eabi/5.4.1/../../../arm-none-eabi/lib/armv7e-m/fpu/libg_nano.a(lib_a-errno.o)
                0x080033ec                __errno
 .text          0x080033f8      0x134 /usr/lib/gcc/arm-none-eabi/5.4.1/../../../arm-none-eabi/lib/armv7e-m/fpu/libg_nano.a(lib_a-memcpy.o)
                0x080033f8                memcpy
 .text          0x0800352c       0x9c /usr/lib/gcc/arm-none-eabi/5.4.1/../../../arm-none-eabi/lib/armv7e-m/fpu/libg_nano.a(lib_a-memset.o)
                0x0800352c                memset
 .text          0x080035c8      0x714 /usr/lib/gcc/arm-none-eabi/5.4.1/../../../arm-none-eabi/lib/armv7e-m/fpu/libg_nano.a(lib_a-nano-vfprintf_float.o)
                0x080035c8                __cvt
                0x080036f0                __exponent
                0x08003780                _printf_float
 .text          0x08003cdc      0x3d8 /usr/lib/gcc/arm-none-eabi/5.4.1/../../../arm-none-eabi/lib/armv7e-m/fpu/libg_nano.a(lib_a-nano-vfprintf_i.o)
                0x08003cdc                _printf_common
                0x08003e0c                _printf_i
 .text          0x080040b4       0x60 /usr/lib/gcc/arm-none-eabi/5.4.1/../../../arm-none-eabi/lib/armv7e-m/fpu/libg_nano.a(lib_a-printf.o)
                0x080040b4                _printf_r
                0x080040b4                _iprintf_r
                0x080040e0                printf
                0x080040e0                iprintf
 .text          0x08004114       0xf0 /usr/lib/gcc/arm-none-eabi/5.4.1/../../../arm-none-eabi/lib/armv7e-m/fpu/libg_nano.a(lib_a-puts.o)
                0x08004114                _puts_r
                0x080041f4                puts
 *fill*         0x08004204       0x1c 
 .text          0x08004220      0x2dc /usr/lib/gcc/arm-none-eabi/5.4.1/../../../arm-none-eabi/lib/armv7e-m/fpu/libg_nano.a(lib_a-strcmp.o)
                0x08004228                strcmp
 *fill*         0x080044fc        0x4 
 .text          0x08004500       0xdc /usr/lib/gcc/arm-none-eabi/5.4.1/../../../arm-none-eabi/lib/armv7e-m/fpu/libg_nano.a(lib_a-strlen.o)
                0x08004500                strlen
 .text          0x080045dc       0x94 /usr/lib/gcc/arm-none-eabi/5.4.1/../../../arm-none-eabi/lib/armv7e-m/fpu/libg_nano.a(lib_a-vsnprintf.o)
                0x080045dc                _vsnprintf_r
                0x080045dc                _vsniprintf_r
                0x08004650                vsnprintf
                0x08004650                vsniprintf
 .text          0x08004670       0xc4 /usr/lib/gcc/arm-none-eabi/5.4.1/../../../arm-none-eabi/lib/armv7e-m/fpu/libg_nano.a(lib_a-wbuf.o)
                0x08004670                __swbuf_r
                0x08004724                __swbuf
 .text          0x08004734       0xf4 /usr/lib/gcc/arm-none-eabi/5.4.1/../../../arm-none-eabi/lib/armv7e-m/fpu/libg_nano.a(lib_a-wsetup.o)
                0x08004734                __swsetup_r
 .text          0x08004828      0xfa0 /usr/lib/gcc/arm-none-eabi/5.4.1/../../../arm-none-eabi/lib/armv7e-m/fpu/libg_nano.a(lib_a-dtoa.o)
                0x08004950                _dtoa_r
 .text          0x080057c8      0x1b8 /usr/lib/gcc/arm-none-eabi/5.4.1/../../../arm-none-eabi/lib/armv7e-m/fpu/libg_nano.a(lib_a-fflush.o)
                0x080057c8                __sflush_r
                0x080058f8                _fflush_r
                0x0800595c                fflush
 .text          0x08005980      0x22c /usr/lib/gcc/arm-none-eabi/5.4.1/../../../arm-none-eabi/lib/armv7e-m/fpu/libg_nano.a(lib_a-findfp.o)
                0x08005984                _cleanup_r
                0x08005994                __sfmoreglue
                0x080059c4                __sfp
                0x08005b58                _cleanup
                0x08005b6c                __sinit
                0x08005b74                __sfp_lock_acquire
                0x08005b78                __sfp_lock_release
                0x08005b7c                __sinit_lock_acquire
                0x08005b80                __sinit_lock_release
                0x08005b84                __fp_lock_all
                0x08005b98                __fp_unlock_all
 .text          0x08005bac       0xa0 /usr/lib/gcc/arm-none-eabi/5.4.1/../../../arm-none-eabi/lib/armv7e-m/fpu/libg_nano.a(lib_a-fwalk.o)
                0x08005bac                _fwalk
                0x08005bf8                _fwalk_reent
 .text          0x08005c4c       0x80 /usr/lib/gcc/arm-none-eabi/5.4.1/../../../arm-none-eabi/lib/armv7e-m/fpu/libg_nano.a(lib_a-locale.o)
                0x08005c4c                _setlocale_r
                0x08005c8c                __locale_charset
                0x08005c94                __locale_mb_cur_max
                0x08005ca0                __locale_msgcharset
                0x08005ca8                __locale_cjk_lang
                0x08005cac                _localeconv_r
                0x08005cb4                setlocale
                0x08005cc4                localeconv
 .text          0x08005ccc       0xe4 /usr/lib/gcc/arm-none-eabi/5.4.1/../../../arm-none-eabi/lib/armv7e-m/fpu/libg_nano.a(lib_a-makebuf.o)
                0x08005ccc                __swhatbuf_r
                0x08005d28                __smakebuf_r
 .text          0x08005db0       0x20 /usr/lib/gcc/arm-none-eabi/5.4.1/../../../arm-none-eabi/lib/armv7e-m/fpu/libg_nano.a(lib_a-malloc.o)
                0x08005db0                malloc
                0x08005dc0                free
 .text          0x08005dd0       0xa0 /usr/lib/gcc/arm-none-eabi/5.4.1/../../../arm-none-eabi/lib/armv7e-m/fpu/libg_nano.a(lib_a-memchr.o)
                0x08005dd0                memchr
 .text          0x08005e70      0x96c /usr/lib/gcc/arm-none-eabi/5.4.1/../../../arm-none-eabi/lib/armv7e-m/fpu/libg_nano.a(lib_a-mprec.o)
                0x08005e70                _Balloc
                0x08005ed8                _Bfree
                0x08005f10                __multadd
                0x08005f8c                __s2b
                0x08006024                __hi0bits
                0x08006064                __lo0bits
                0x080060c0                __i2b
                0x080060d4                __multiply
                0x08006204                __pow5mult
                0x080062bc                __lshift
                0x08006364                __mcmp
                0x080063a8                __mdiff
                0x080064bc                __ulp
                0x08006510                __b2d
                0x080065e0                __d2b
                0x0800669c                __ratio
                0x080066fc                _mprec_log10
                0x08006734                __copybits
                0x0800677c                __any_on
 .text          0x080067dc       0x1c /usr/lib/gcc/arm-none-eabi/5.4.1/../../../arm-none-eabi/lib/armv7e-m/fpu/libg_nano.a(lib_a-nano-callocr.o)
                0x080067dc                _calloc_r
 .text          0x080067f8       0x8c /usr/lib/gcc/arm-none-eabi/5.4.1/../../../arm-none-eabi/lib/armv7e-m/fpu/libg_nano.a(lib_a-nano-freer.o)
                0x080067f8                _free_r
 .text          0x08006884       0xbc /usr/lib/gcc/arm-none-eabi/5.4.1/../../../arm-none-eabi/lib/armv7e-m/fpu/libg_nano.a(lib_a-nano-mallocr.o)
                0x08006884                _malloc_r
 .text          0x08006940      0x3f8 /usr/lib/gcc/arm-none-eabi/5.4.1/../../../arm-none-eabi/lib/armv7e-m/fpu/libg_nano.a(lib_a-nano-svfprintf.o)
                0x08006940                __ssputs_r
                0x08006a0c                __ssprint_r
                0x08006b0c                _svfprintf_r
                0x08006b0c                _svfiprintf_r
 .text          0x08006d38      0x2fc /usr/lib/gcc/arm-none-eabi/5.4.1/../../../arm-none-eabi/lib/armv7e-m/fpu/libg_nano.a(lib_a-nano-vfprintf.o)
                0x08006d6c                __sfputs_r
                0x08006d98                __sprint_r
                0x08006db4                _vfiprintf_r
                0x08006db4                _vfprintf_r
                0x0800701c                vfiprintf
                0x0800701c                vfprintf
 .text          0x08007034       0x24 /usr/lib/gcc/arm-none-eabi/5.4.1/../../../arm-none-eabi/lib/armv7e-m/fpu/libg_nano.a(lib_a-sbrkr.o)
                0x08007034                _sbrk_r
 .text          0x08007058       0x8c /usr/lib/gcc/arm-none-eabi/5.4.1/../../../arm-none-eabi/lib/armv7e-m/fpu/libg_nano.a(lib_a-stdio.o)
                0x08007058                __sread
                0x0800707c                __seofread
                0x08007080                __swrite
                0x080070bc                __sseek
                0x080070dc                __sclose
 .text          0x080070e4       0x2c /usr/lib/gcc/arm-none-eabi/5.4.1/../../../arm-none-eabi/lib/armv7e-m/fpu/libg_nano.a(lib_a-writer.o)
                0x080070e4                _write_r
 .text          0x08007110       0x24 /usr/lib/gcc/arm-none-eabi/5.4.1/../../../arm-none-eabi/lib/armv7e-m/fpu/libg_nano.a(lib_a-closer.o)
                0x08007110                _close_r
 .text          0x08007134       0x28 /usr/lib/gcc/arm-none-eabi/5.4.1/../../../arm-none-eabi/lib/armv7e-m/fpu/libg_nano.a(lib_a-fstatr.o)
                0x08007134                _fstat_r
 .text          0x0800715c      0x304 /usr/lib/gcc/arm-none-eabi/5.4.1/../../../arm-none-eabi/lib/armv7e-m/fpu/libg_nano.a(lib_a-fvwrite.o)
                0x0800715c                __sfvwrite_r
 .text          0x08007460       0x24 /usr/lib/gcc/arm-none-eabi/5.4.1/../../../arm-none-eabi/lib/armv7e-m/fpu/libg_nano.a(lib_a-isattyr.o)
                0x08007460                _isatty_r
 .text          0x08007484       0x2c /usr/lib/gcc/arm-none-eabi/5.4.1/../../../arm-none-eabi/lib/armv7e-m/fpu/libg_nano.a(lib_a-lseekr.o)
                0x08007484                _lseek_r
 .text          0x080074b0       0xc8 /usr/lib/gcc/arm-none-eabi/5.4.1/../../../arm-none-eabi/lib/armv7e-m/fpu/libg_nano.a(lib_a-memmove.o)
                0x080074b0                memmove
 .text          0x08007578       0x48 /usr/lib/gcc/arm-none-eabi/5.4.1/../../../arm-none-eabi/lib/armv7e-m/fpu/libg_nano.a(lib_a-nano-reallocr.o)
                0x08007578                _realloc_r
 .text          0x080075c0       0x2c /usr/lib/gcc/arm-none-eabi/5.4.1/../../../arm-none-eabi/lib/armv7e-m/fpu/libg_nano.a(lib_a-readr.o)
                0x080075c0                _read_r
 .text          0x080075ec       0x14 /usr/lib/gcc/arm-none-eabi/5.4.1/../../../arm-none-eabi/lib/armv7e-m/fpu/libg_nano.a(lib_a-nano-msizer.o)
                0x080075ec                _malloc_usable_size_r
 .text          0x08007600       0x50 /usr/lib/gcc/arm-none-eabi/5.4.1/armv7e-m/fpu/libgcc.a(_arm_fixdfsi.o)
                0x08007600                __fixdfsi
                0x08007600                __aeabi_d2iz
 *(.rodata .rodata.* .constdata .constdata.*)
 .rodata.str1.4
                0x08007650       0x31 ./system/src/stm32f4-hal/stm32f4xx_hal_cortex.o
 *fill*         0x08007681        0x3 
 .rodata.str1.4
                0x08007684       0x2f ./system/src/stm32f4-hal/stm32f4xx_hal_gpio.o
 *fill*         0x080076b3        0x1 
 .rodata.APBAHBPrescTable
                0x080076b4       0x10 ./system/src/stm32f4-hal/stm32f4xx_hal_rcc.o
                0x080076b4                APBAHBPrescTable
 .rodata.str1.4
                0x080076c4       0x2e ./system/src/stm32f4-hal/stm32f4xx_hal_rcc.o
 *fill*         0x080076f2        0x2 
 .rodata.str1.4
                0x080076f4       0x2e ./system/src/stm32f4-hal/stm32f4xx_hal_tim.o
 *fill*         0x08007722        0x2 
 .rodata.str1.4
                0x08007724       0x30 ./system/src/stm32f4-hal/stm32f4xx_hal_usart.o
 .rodata.str1.4
                0x08007754       0x14 ./system/src/newlib/_exit.o
 .rodata.str1.4
                0x08007768       0x6b ./system/src/newlib/assert.o
                                 0x6f (size before relaxing)
 *fill*         0x080077d3        0x1 
 .rodata.str1.4
                0x080077d4       0x29 ./system/src/diag/Trace.o
                                 0x2d (size before relaxing)
 *fill*         0x080077fd        0x3 
 .rodata.str1.4
                0x08007800      0x146 ./system/src/cortexm/exception_handlers.o
 *fill*         0x08007946        0x2 
 .rodata.AHBPrescTable
                0x08007948       0x10 ./system/src/cmsis/system_stm32f4xx.o
                0x08007948                AHBPrescTable
 .rodata.str1.4
                0x08007958       0x1c ./src/modules/dynamic_unit.o
 .rodata.str1.4
                0x08007974        0x6 ./src/main.o
 *fill*         0x0800797a        0x2 
 .rodata.__func__.4606
                0x0800797c       0x11 ./FreeRTOS/portable/GCC/ARM_CM4F/port.o
 *fill*         0x0800798d        0x3 
 .rodata.__func__.4619
                0x08007990       0x14 ./FreeRTOS/portable/GCC/ARM_CM4F/port.o
 .rodata.str1.4
                0x080079a4      0x1fb ./FreeRTOS/portable/GCC/ARM_CM4F/port.o
 *fill*         0x08007b9f        0x1 
 .rodata.__func__.4633
                0x08007ba0       0x13 ./FreeRTOS/portable/GCC/ARM_CM4F/port.o
 *fill*         0x08007bb3        0x1 
 .rodata.__func__.4637
                0x08007bb4       0x12 ./FreeRTOS/portable/GCC/ARM_CM4F/port.o
 *fill*         0x08007bc6        0x2 
 .rodata.str1.4
                0x08007bc8       0x16 ./FreeRTOS-usr/hooks.o
 *fill*         0x08007bde        0x2 
 .rodata.__func__.5470
                0x08007be0       0x12 ./FreeRTOS/tasks.o
 *fill*         0x08007bf2        0x2 
 .rodata.__func__.5620
                0x08007bf4       0x13 ./FreeRTOS/tasks.o
 *fill*         0x08007c07        0x1 
 .rodata.__func__.5629
                0x08007c08       0x13 ./FreeRTOS/tasks.o
 *fill*         0x08007c1b        0x1 
 .rodata.str1.4
                0x08007c1c      0x2df ./FreeRTOS/tasks.o
 *fill*         0x08007efb        0x1 
 .rodata        0x08007efc        0x4 /usr/lib/gcc/arm-none-eabi/5.4.1/../../../arm-none-eabi/lib/armv7e-m/fpu/libg_nano.a(lib_a-impure.o)
                0x08007efc                _global_impure_ptr
 .rodata.str1.4
                0x08007f00        0x2 /usr/lib/gcc/arm-none-eabi/5.4.1/../../../arm-none-eabi/lib/armv7e-m/fpu/libg_nano.a(lib_a-impure.o)
 *fill*         0x08007f02        0x2 
 .rodata.str1.4
                0x08007f04       0x10 /usr/lib/gcc/arm-none-eabi/5.4.1/../../../arm-none-eabi/lib/armv7e-m/fpu/libg_nano.a(lib_a-nano-vfprintf_float.o)
                                 0x12 (size before relaxing)
 .rodata.str1.4
                0x08007f14       0x25 /usr/lib/gcc/arm-none-eabi/5.4.1/../../../arm-none-eabi/lib/armv7e-m/fpu/libg_nano.a(lib_a-nano-vfprintf_i.o)
 *fill*         0x08007f39        0x3 
 .rodata.str1.4
                0x08007f3c       0x10 /usr/lib/gcc/arm-none-eabi/5.4.1/../../../arm-none-eabi/lib/armv7e-m/fpu/libg_nano.a(lib_a-dtoa.o)
                                 0x12 (size before relaxing)
 .rodata        0x08007f4c       0x60 /usr/lib/gcc/arm-none-eabi/5.4.1/../../../arm-none-eabi/lib/armv7e-m/fpu/libg_nano.a(lib_a-findfp.o)
                0x08007f4c                __sf_fake_stderr
                0x08007f6c                __sf_fake_stdout
                0x08007f8c                __sf_fake_stdin
 .rodata.str1.4
                0x08007fac        0xa /usr/lib/gcc/arm-none-eabi/5.4.1/../../../arm-none-eabi/lib/armv7e-m/fpu/libg_nano.a(lib_a-locale.o)
                                 0x12 (size before relaxing)
 *fill*         0x08007fb6        0x2 
 .rodata        0x08007fb8      0x128 /usr/lib/gcc/arm-none-eabi/5.4.1/../../../arm-none-eabi/lib/armv7e-m/fpu/libg_nano.a(lib_a-mprec.o)
                0x08007fc8                __mprec_tens
                0x08008090                __mprec_tinytens
                0x080080b8                __mprec_bigtens
 .rodata.str1.4
                0x080080e0       0x14 /usr/lib/gcc/arm-none-eabi/5.4.1/../../../arm-none-eabi/lib/armv7e-m/fpu/libg_nano.a(lib_a-nano-svfprintf.o)
                                 0x13 (size before relaxing)
 .rodata.str1.4
                0x080080f4       0x13 /usr/lib/gcc/arm-none-eabi/5.4.1/../../../arm-none-eabi/lib/armv7e-m/fpu/libg_nano.a(lib_a-nano-vfprintf.o)
 *(vtable)
 *(.eh_frame*)
 *(.glue_7)
 .glue_7        0x080080f4        0x0 linker stubs
 *(.glue_7t)
 .glue_7t       0x080080f4        0x0 linker stubs

.vfp11_veneer   0x080080f4        0x0
 .vfp11_veneer  0x080080f4        0x0 linker stubs

.v4_bx          0x080080f4        0x0
 .v4_bx         0x080080f4        0x0 linker stubs

.iplt           0x080080f4        0x0
 .iplt          0x080080f4        0x0 ./system/src/stm32f4-hal/stm32f4xx_hal.o

.rel.dyn        0x080080f4        0x0
 .rel.iplt      0x080080f4        0x0 ./system/src/stm32f4-hal/stm32f4xx_hal.o

.ARM.extab
 *(.ARM.extab* .gnu.linkonce.armextab.*)
                0x080080f4                . = ALIGN (0x4)
                0x080080f4                __exidx_start = .

.ARM.exidx
 *(.ARM.exidx* .gnu.linkonce.armexidx.*)
                0x080080f4                __exidx_end = .
                0x080080f4                . = ALIGN (0x4)
                0x080080f4                _etext = .
                0x080080f4                __etext = .

.data_CCMRAM    0x10000000        0x0 load address 0x080080f4
 FILL mask 0xff
 *(.data.CCMRAM .data.CCMRAM.*)
                0x10000000                . = ALIGN (0x4)
                0x080080f4                _sidata = LOADADDR (.data)

.data           0x20000000       0xf8 load address 0x080080f4
 FILL mask 0xff
                0x20000000                _sdata = .
                0x20000000                __data_start__ = .
 *(.data_begin .data_begin.*)
 .data_begin    0x20000000        0x4 ./system/src/newlib/_startup.o
 *(.data .data.*)
 .data.argv.4764
                0x20000004        0x8 ./system/src/newlib/_syscalls.o
 .data.SystemCoreClock
                0x2000000c        0x4 ./system/src/cmsis/system_stm32f4xx.o
                0x2000000c                SystemCoreClock
 .data.uxCriticalNesting
                0x20000010        0x4 ./FreeRTOS/portable/GCC/ARM_CM4F/port.o
 .data          0x20000014       0x64 /usr/lib/gcc/arm-none-eabi/5.4.1/../../../arm-none-eabi/lib/armv7e-m/fpu/libg_nano.a(lib_a-impure.o)
                0x20000014                _impure_ptr
 .data          0x20000078       0x7c /usr/lib/gcc/arm-none-eabi/5.4.1/../../../arm-none-eabi/lib/armv7e-m/fpu/libg_nano.a(lib_a-locale.o)
                0x20000098                __mb_cur_max
 *(.data_end .data_end.*)
 .data_end      0x200000f4        0x4 ./system/src/newlib/_startup.o
                0x200000f8                . = ALIGN (0x4)
                0x200000f8                _edata = .
                0x200000f8                __data_end__ = .

.igot.plt       0x200000f8        0x0 load address 0x080081ec
 .igot.plt      0x200000f8        0x0 ./system/src/stm32f4-hal/stm32f4xx_hal.o

.bss_CCMRAM     0x10000000        0x0
 *(.bss.CCMRAM .bss.CCMRAM.*)

.bss            0x200000f8     0x27c4
                0x200000f8                __bss_start__ = .
                0x200000f8                _sbss = .
 *(.bss_begin .bss_begin.*)
 .bss_begin     0x200000f8        0x4 ./system/src/newlib/_startup.o
 *(.bss .bss.*)
 .bss.current_heap_end.4455
                0x200000fc        0x4 ./system/src/newlib/_sbrk.o
 .bss.name.4763
                0x20000100        0x1 ./system/src/newlib/_syscalls.o
 *fill*         0x20000101        0x3 
 .bss.buf.5647  0x20000104       0x80 ./system/src/diag/Trace.o
 .bss._motorTaskStack.11578
                0x20000184     0x2000 ./src/main.o
 .bss._motorTaskObj.11579
                0x20002184       0x58 ./src/main.o
 .bss.ucMaxSysCallPriority
                0x200021dc        0x1 ./FreeRTOS/portable/GCC/ARM_CM4F/port.o
 *fill*         0x200021dd        0x3 
 .bss.ulMaxPRIGROUPValue
                0x200021e0        0x4 ./FreeRTOS/portable/GCC/ARM_CM4F/port.o
 .bss.uxIdleTaskStack.5567
                0x200021e4      0x208 ./FreeRTOS-usr/hooks.o
 .bss.xIdleTaskTCB.5566
                0x200023ec       0x58 ./FreeRTOS-usr/hooks.o
 .bss.xTickCount
                0x20002444        0x4 ./FreeRTOS/tasks.o
 .bss.pxDelayedTaskList
                0x20002448        0x4 ./FreeRTOS/tasks.o
 .bss.uxCurrentNumberOfTasks
                0x2000244c        0x4 ./FreeRTOS/tasks.o
 .bss.pxCurrentTCB
                0x20002450        0x4 ./FreeRTOS/tasks.o
                0x20002450                pxCurrentTCB
 .bss.xNextTaskUnblockTime
                0x20002454        0x4 ./FreeRTOS/tasks.o
 .bss.uxDeletedTasksWaitingCleanUp
                0x20002458        0x4 ./FreeRTOS/tasks.o
 .bss.xDelayedTaskList2
                0x2000245c       0x14 ./FreeRTOS/tasks.o
 .bss.xTasksWaitingTermination
                0x20002470       0x14 ./FreeRTOS/tasks.o
 .bss.xSchedulerRunning
                0x20002484        0x4 ./FreeRTOS/tasks.o
 .bss.uxPendedTicks
                0x20002488        0x4 ./FreeRTOS/tasks.o
 .bss.uxTaskNumber
                0x2000248c        0x4 ./FreeRTOS/tasks.o
 .bss.uxTopReadyPriority
                0x20002490        0x4 ./FreeRTOS/tasks.o
 .bss.xPendingReadyList
                0x20002494       0x14 ./FreeRTOS/tasks.o
 .bss.pxOverflowDelayedTaskList
                0x200024a8        0x4 ./FreeRTOS/tasks.o
 .bss.xYieldPending
                0x200024ac        0x4 ./FreeRTOS/tasks.o
 .bss.pxReadyTasksLists
                0x200024b0       0x64 ./FreeRTOS/tasks.o
 .bss.uxSchedulerSuspended
                0x20002514        0x4 ./FreeRTOS/tasks.o
 .bss.xNumOfOverflows
                0x20002518        0x4 ./FreeRTOS/tasks.o
 .bss.xDelayedTaskList1
                0x2000251c       0x14 ./FreeRTOS/tasks.o
 .bss.xSuspendedTaskList
                0x20002530       0x14 ./FreeRTOS/tasks.o
 .bss           0x20002544        0x8 /usr/lib/gcc/arm-none-eabi/5.4.1/../../../arm-none-eabi/lib/armv7e-m/fpu/libg_nano.a(lib_a-nano-mallocr.o)
                0x20002544                __malloc_free_list
                0x20002548                __malloc_sbrk_start
 *(COMMON)
 COMMON         0x2000254c        0x4 ./system/src/stm32f4-hal/stm32f4xx_hal.o
                0x2000254c                uwTick
 COMMON         0x20002550        0x4 ./system/src/newlib/_syscalls.o
                0x20002550                errno
 COMMON         0x20002554       0x3c ./system-usr/src_/stm32f4xx_hal_timebase_tim.o
                0x20002554                TimHandle
 COMMON         0x20002590      0x328 ./src/main.o
                0x20002590                state_zero
                0x200025bc                state_system_prev
                0x200025cc                usart_GPS
                0x20002610                stateCamera_orient_prev
                0x20002618                usart_dbg
                0x2000265c                state_system
                0x2000266c                stateSensors
                0x20002678                i2c_mpu9255
                0x200026cc                stateIMU_isc_prev
                0x20002718                stateCamera_orient
                0x20002720                stateGPS
                0x20002730                stateIMU_isc
                0x2000277c                usart_motor
                0x200027c0                stateIMU_raw
                0x200027d4                spi_nRF24L01
                0x2000282c                stateIMU_rsc
                0x20002850                stateSensors_raw
                0x20002854                stateTasks_flags
                0x20002858                dma_GPS
 *(.bss_end .bss_end.*)
 .bss_end       0x200028b8        0x4 ./system/src/newlib/_startup.o
                0x200028bc                . = ALIGN (0x4)
                0x200028bc                __bss_end__ = .
                0x200028bc                _ebss = .

.noinit_CCMRAM
 *(.noinit.CCMRAM .noinit.CCMRAM.*)

.noinit         0x200028bc        0x0
                0x200028bc                _noinit = .
 *(.noinit .noinit.*)
                0x200028bc                . = ALIGN (0x4)
                0x200028bc                _end_noinit = .
                [!provide]                PROVIDE (end, _end_noinit)
                [!provide]                PROVIDE (_end, _end_noinit)
                [!provide]                PROVIDE (__end, _end_noinit)
                [!provide]                PROVIDE (__end__, _end_noinit)

._check_stack   0x200028bc      0x100
                0x200029bc                . = (. + _Minimum_Stack_Size)
 *fill*         0x200028bc      0x100 

.b1text
 *(.b1text)
 *(.b1rodata)
 *(.b1rodata.*)

.eb0text
 *(.eb0text)
 *(.eb0rodata)
 *(.eb0rodata.*)

.eb1text
 *(.eb1text)
 *(.eb1rodata)
 *(.eb1rodata.*)

.eb2text
 *(.eb2text)
 *(.eb2rodata)
 *(.eb2rodata.*)

.eb3text
 *(.eb3text)
 *(.eb3rodata)
 *(.eb3rodata.*)

.stab
 *(.stab)

.stabstr
 *(.stabstr)

.stab.excl
 *(.stab.excl)

.stab.exclstr
 *(.stab.exclstr)

.stab.index
 *(.stab.index)

.stab.indexstr
 *(.stab.indexstr)

.comment        0x00000000       0x2b
 *(.comment)
 .comment       0x00000000       0x2b ./system/src/stm32f4-hal/stm32f4xx_hal.o
                                 0x2c (size before relaxing)
 .comment       0x0000002b       0x2c ./system/src/stm32f4-hal/stm32f4xx_hal_cortex.o
 .comment       0x0000002b       0x2c ./system/src/stm32f4-hal/stm32f4xx_hal_gpio.o
 .comment       0x0000002b       0x2c ./system/src/stm32f4-hal/stm32f4xx_hal_rcc.o
 .comment       0x0000002b       0x2c ./system/src/stm32f4-hal/stm32f4xx_hal_tim.o
 .comment       0x0000002b       0x2c ./system/src/stm32f4-hal/stm32f4xx_hal_tim_ex.o
 .comment       0x0000002b       0x2c ./system/src/stm32f4-hal/stm32f4xx_hal_usart.o
 .comment       0x0000002b       0x2c ./system/src/newlib/_exit.o
 .comment       0x0000002b       0x2c ./system/src/newlib/_sbrk.o
 .comment       0x0000002b       0x2c ./system/src/newlib/_startup.o
 .comment       0x0000002b       0x2c ./system/src/newlib/_syscalls.o
 .comment       0x0000002b       0x2c ./system/src/newlib/assert.o
 .comment       0x0000002b       0x2c ./system/src/diag/Trace.o
 .comment       0x0000002b       0x2c ./system/src/diag/trace_impl.o
 .comment       0x0000002b       0x2c ./system/src/cortexm/_initialize_hardware.o
 .comment       0x0000002b       0x2c ./system/src/cortexm/exception_handlers.o
 .comment       0x0000002b       0x2c ./system/src/cmsis/system_stm32f4xx.o
 .comment       0x0000002b       0x2c ./system/src/cmsis/vectors_stm32f405xx.o
 .comment       0x0000002b       0x2c ./system-usr/src_/stm32f4xx_hal_timebase_tim.o
 .comment       0x0000002b       0x2c ./src/modules/dynamic_unit.o
 .comment       0x0000002b       0x2c ./src/_initialize_hardware.o
 .comment       0x0000002b       0x2c ./src/_write.o
 .comment       0x0000002b       0x2c ./src/main.o
 .comment       0x0000002b       0x2c ./src/stm32f4xx_hal_msp.o
 .comment       0x0000002b       0x2c ./FreeRTOS/portable/GCC/ARM_CM4F/port.o
 .comment       0x0000002b       0x2c ./FreeRTOS-usr/hooks.o
 .comment       0x0000002b       0x2c ./FreeRTOS/list.o
 .comment       0x0000002b       0x2c ./FreeRTOS/tasks.o
 .comment       0x0000002b       0x2c /usr/lib/gcc/arm-none-eabi/5.4.1/../../../arm-none-eabi/lib/armv7e-m/fpu/libg_nano.a(lib_a-errno.o)
 .comment       0x0000002b       0x2c /usr/lib/gcc/arm-none-eabi/5.4.1/../../../arm-none-eabi/lib/armv7e-m/fpu/libg_nano.a(lib_a-impure.o)
 .comment       0x0000002b       0x2c /usr/lib/gcc/arm-none-eabi/5.4.1/../../../arm-none-eabi/lib/armv7e-m/fpu/libg_nano.a(lib_a-memset.o)
 .comment       0x0000002b       0x2c /usr/lib/gcc/arm-none-eabi/5.4.1/../../../arm-none-eabi/lib/armv7e-m/fpu/libg_nano.a(lib_a-nano-vfprintf_float.o)
 .comment       0x0000002b       0x2c /usr/lib/gcc/arm-none-eabi/5.4.1/../../../arm-none-eabi/lib/armv7e-m/fpu/libg_nano.a(lib_a-nano-vfprintf_i.o)
 .comment       0x0000002b       0x2c /usr/lib/gcc/arm-none-eabi/5.4.1/../../../arm-none-eabi/lib/armv7e-m/fpu/libg_nano.a(lib_a-printf.o)
 .comment       0x0000002b       0x2c /usr/lib/gcc/arm-none-eabi/5.4.1/../../../arm-none-eabi/lib/armv7e-m/fpu/libg_nano.a(lib_a-puts.o)
 .comment       0x0000002b       0x2c /usr/lib/gcc/arm-none-eabi/5.4.1/../../../arm-none-eabi/lib/armv7e-m/fpu/libg_nano.a(lib_a-vsnprintf.o)
 .comment       0x0000002b       0x2c /usr/lib/gcc/arm-none-eabi/5.4.1/../../../arm-none-eabi/lib/armv7e-m/fpu/libg_nano.a(lib_a-wbuf.o)
 .comment       0x0000002b       0x2c /usr/lib/gcc/arm-none-eabi/5.4.1/../../../arm-none-eabi/lib/armv7e-m/fpu/libg_nano.a(lib_a-wsetup.o)
 .comment       0x0000002b       0x2c /usr/lib/gcc/arm-none-eabi/5.4.1/../../../arm-none-eabi/lib/armv7e-m/fpu/libg_nano.a(lib_a-dtoa.o)
 .comment       0x0000002b       0x2c /usr/lib/gcc/arm-none-eabi/5.4.1/../../../arm-none-eabi/lib/armv7e-m/fpu/libg_nano.a(lib_a-fflush.o)
 .comment       0x0000002b       0x2c /usr/lib/gcc/arm-none-eabi/5.4.1/../../../arm-none-eabi/lib/armv7e-m/fpu/libg_nano.a(lib_a-findfp.o)
 .comment       0x0000002b       0x2c /usr/lib/gcc/arm-none-eabi/5.4.1/../../../arm-none-eabi/lib/armv7e-m/fpu/libg_nano.a(lib_a-fwalk.o)
 .comment       0x0000002b       0x2c /usr/lib/gcc/arm-none-eabi/5.4.1/../../../arm-none-eabi/lib/armv7e-m/fpu/libg_nano.a(lib_a-locale.o)
 .comment       0x0000002b       0x2c /usr/lib/gcc/arm-none-eabi/5.4.1/../../../arm-none-eabi/lib/armv7e-m/fpu/libg_nano.a(lib_a-makebuf.o)
 .comment       0x0000002b       0x2c /usr/lib/gcc/arm-none-eabi/5.4.1/../../../arm-none-eabi/lib/armv7e-m/fpu/libg_nano.a(lib_a-malloc.o)
 .comment       0x0000002b       0x2c /usr/lib/gcc/arm-none-eabi/5.4.1/../../../arm-none-eabi/lib/armv7e-m/fpu/libg_nano.a(lib_a-mprec.o)
 .comment       0x0000002b       0x2c /usr/lib/gcc/arm-none-eabi/5.4.1/../../../arm-none-eabi/lib/armv7e-m/fpu/libg_nano.a(lib_a-nano-callocr.o)
 .comment       0x0000002b       0x2c /usr/lib/gcc/arm-none-eabi/5.4.1/../../../arm-none-eabi/lib/armv7e-m/fpu/libg_nano.a(lib_a-nano-freer.o)
 .comment       0x0000002b       0x2c /usr/lib/gcc/arm-none-eabi/5.4.1/../../../arm-none-eabi/lib/armv7e-m/fpu/libg_nano.a(lib_a-nano-mallocr.o)
 .comment       0x0000002b       0x2c /usr/lib/gcc/arm-none-eabi/5.4.1/../../../arm-none-eabi/lib/armv7e-m/fpu/libg_nano.a(lib_a-nano-svfprintf.o)
 .comment       0x0000002b       0x2c /usr/lib/gcc/arm-none-eabi/5.4.1/../../../arm-none-eabi/lib/armv7e-m/fpu/libg_nano.a(lib_a-nano-vfprintf.o)
 .comment       0x0000002b       0x2c /usr/lib/gcc/arm-none-eabi/5.4.1/../../../arm-none-eabi/lib/armv7e-m/fpu/libg_nano.a(lib_a-sbrkr.o)
 .comment       0x0000002b       0x2c /usr/lib/gcc/arm-none-eabi/5.4.1/../../../arm-none-eabi/lib/armv7e-m/fpu/libg_nano.a(lib_a-stdio.o)
 .comment       0x0000002b       0x2c /usr/lib/gcc/arm-none-eabi/5.4.1/../../../arm-none-eabi/lib/armv7e-m/fpu/libg_nano.a(lib_a-writer.o)
 .comment       0x0000002b       0x2c /usr/lib/gcc/arm-none-eabi/5.4.1/../../../arm-none-eabi/lib/armv7e-m/fpu/libg_nano.a(lib_a-closer.o)
 .comment       0x0000002b       0x2c /usr/lib/gcc/arm-none-eabi/5.4.1/../../../arm-none-eabi/lib/armv7e-m/fpu/libg_nano.a(lib_a-fstatr.o)
 .comment       0x0000002b       0x2c /usr/lib/gcc/arm-none-eabi/5.4.1/../../../arm-none-eabi/lib/armv7e-m/fpu/libg_nano.a(lib_a-fvwrite.o)
 .comment       0x0000002b       0x2c /usr/lib/gcc/arm-none-eabi/5.4.1/../../../arm-none-eabi/lib/armv7e-m/fpu/libg_nano.a(lib_a-isattyr.o)
 .comment       0x0000002b       0x2c /usr/lib/gcc/arm-none-eabi/5.4.1/../../../arm-none-eabi/lib/armv7e-m/fpu/libg_nano.a(lib_a-lseekr.o)
 .comment       0x0000002b       0x2c /usr/lib/gcc/arm-none-eabi/5.4.1/../../../arm-none-eabi/lib/armv7e-m/fpu/libg_nano.a(lib_a-memmove.o)
 .comment       0x0000002b       0x2c /usr/lib/gcc/arm-none-eabi/5.4.1/../../../arm-none-eabi/lib/armv7e-m/fpu/libg_nano.a(lib_a-nano-reallocr.o)
 .comment       0x0000002b       0x2c /usr/lib/gcc/arm-none-eabi/5.4.1/../../../arm-none-eabi/lib/armv7e-m/fpu/libg_nano.a(lib_a-readr.o)
 .comment       0x0000002b       0x2c /usr/lib/gcc/arm-none-eabi/5.4.1/../../../arm-none-eabi/lib/armv7e-m/fpu/libg_nano.a(lib_a-nano-msizer.o)

.ARM.attributes
                0x00000000       0x37
 .ARM.attributes
                0x00000000       0x39 ./system/src/stm32f4-hal/stm32f4xx_hal.o
 .ARM.attributes
                0x00000039       0x39 ./system/src/stm32f4-hal/stm32f4xx_hal_cortex.o
 .ARM.attributes
                0x00000072       0x39 ./system/src/stm32f4-hal/stm32f4xx_hal_gpio.o
 .ARM.attributes
                0x000000ab       0x39 ./system/src/stm32f4-hal/stm32f4xx_hal_rcc.o
 .ARM.attributes
                0x000000e4       0x39 ./system/src/stm32f4-hal/stm32f4xx_hal_tim.o
 .ARM.attributes
                0x0000011d       0x39 ./system/src/stm32f4-hal/stm32f4xx_hal_tim_ex.o
 .ARM.attributes
                0x00000156       0x39 ./system/src/stm32f4-hal/stm32f4xx_hal_usart.o
 .ARM.attributes
                0x0000018f       0x39 ./system/src/newlib/_exit.o
 .ARM.attributes
                0x000001c8       0x39 ./system/src/newlib/_sbrk.o
 .ARM.attributes
                0x00000201       0x39 ./system/src/newlib/_startup.o
 .ARM.attributes
                0x0000023a       0x39 ./system/src/newlib/_syscalls.o
 .ARM.attributes
                0x00000273       0x39 ./system/src/newlib/assert.o
 .ARM.attributes
                0x000002ac       0x39 ./system/src/diag/Trace.o
 .ARM.attributes
                0x000002e5       0x39 ./system/src/diag/trace_impl.o
 .ARM.attributes
                0x0000031e       0x39 ./system/src/cortexm/_initialize_hardware.o
 .ARM.attributes
                0x00000357       0x39 ./system/src/cortexm/exception_handlers.o
 .ARM.attributes
                0x00000390       0x39 ./system/src/cmsis/system_stm32f4xx.o
 .ARM.attributes
                0x000003c9       0x39 ./system/src/cmsis/vectors_stm32f405xx.o
 .ARM.attributes
                0x00000402       0x39 ./system-usr/src_/stm32f4xx_hal_timebase_tim.o
 .ARM.attributes
                0x0000043b       0x39 ./src/modules/dynamic_unit.o
 .ARM.attributes
                0x00000474       0x39 ./src/_initialize_hardware.o
 .ARM.attributes
                0x000004ad       0x39 ./src/_write.o
 .ARM.attributes
                0x000004e6       0x39 ./src/main.o
 .ARM.attributes
                0x0000051f       0x39 ./src/stm32f4xx_hal_msp.o
 .ARM.attributes
                0x00000558       0x39 ./FreeRTOS/portable/GCC/ARM_CM4F/port.o
 .ARM.attributes
                0x00000591       0x39 ./FreeRTOS-usr/hooks.o
 .ARM.attributes
                0x000005ca       0x39 ./FreeRTOS/list.o
 .ARM.attributes
                0x00000603       0x39 ./FreeRTOS/tasks.o
 .ARM.attributes
                0x0000063c       0x22 /usr/lib/gcc/arm-none-eabi/5.4.1/armv7e-m/fpu/libgcc.a(_arm_addsubdf3.o)
 .ARM.attributes
                0x0000065e       0x22 /usr/lib/gcc/arm-none-eabi/5.4.1/armv7e-m/fpu/libgcc.a(_arm_muldivdf3.o)
 .ARM.attributes
                0x00000680       0x22 /usr/lib/gcc/arm-none-eabi/5.4.1/armv7e-m/fpu/libgcc.a(_arm_cmpdf2.o)
 .ARM.attributes
                0x000006a2       0x22 /usr/lib/gcc/arm-none-eabi/5.4.1/armv7e-m/fpu/libgcc.a(_arm_unorddf2.o)
 .ARM.attributes
                0x000006c4       0x34 /usr/lib/gcc/arm-none-eabi/5.4.1/../../../arm-none-eabi/lib/armv7e-m/fpu/libg_nano.a(lib_a-errno.o)
 .ARM.attributes
                0x000006f8       0x34 /usr/lib/gcc/arm-none-eabi/5.4.1/../../../arm-none-eabi/lib/armv7e-m/fpu/libg_nano.a(lib_a-impure.o)
 .ARM.attributes
                0x0000072c       0x20 /usr/lib/gcc/arm-none-eabi/5.4.1/../../../arm-none-eabi/lib/armv7e-m/fpu/libg_nano.a(lib_a-memcpy.o)
 .ARM.attributes
                0x0000074c       0x34 /usr/lib/gcc/arm-none-eabi/5.4.1/../../../arm-none-eabi/lib/armv7e-m/fpu/libg_nano.a(lib_a-memset.o)
 .ARM.attributes
                0x00000780       0x34 /usr/lib/gcc/arm-none-eabi/5.4.1/../../../arm-none-eabi/lib/armv7e-m/fpu/libg_nano.a(lib_a-nano-vfprintf_float.o)
 .ARM.attributes
                0x000007b4       0x34 /usr/lib/gcc/arm-none-eabi/5.4.1/../../../arm-none-eabi/lib/armv7e-m/fpu/libg_nano.a(lib_a-nano-vfprintf_i.o)
 .ARM.attributes
                0x000007e8       0x34 /usr/lib/gcc/arm-none-eabi/5.4.1/../../../arm-none-eabi/lib/armv7e-m/fpu/libg_nano.a(lib_a-printf.o)
 .ARM.attributes
                0x0000081c       0x34 /usr/lib/gcc/arm-none-eabi/5.4.1/../../../arm-none-eabi/lib/armv7e-m/fpu/libg_nano.a(lib_a-puts.o)
 .ARM.attributes
                0x00000850       0x20 /usr/lib/gcc/arm-none-eabi/5.4.1/../../../arm-none-eabi/lib/armv7e-m/fpu/libg_nano.a(lib_a-strcmp.o)
 .ARM.attributes
                0x00000870       0x20 /usr/lib/gcc/arm-none-eabi/5.4.1/../../../arm-none-eabi/lib/armv7e-m/fpu/libg_nano.a(lib_a-strlen.o)
 .ARM.attributes
                0x00000890       0x34 /usr/lib/gcc/arm-none-eabi/5.4.1/../../../arm-none-eabi/lib/armv7e-m/fpu/libg_nano.a(lib_a-vsnprintf.o)
 .ARM.attributes
                0x000008c4       0x34 /usr/lib/gcc/arm-none-eabi/5.4.1/../../../arm-none-eabi/lib/armv7e-m/fpu/libg_nano.a(lib_a-wbuf.o)
 .ARM.attributes
                0x000008f8       0x34 /usr/lib/gcc/arm-none-eabi/5.4.1/../../../arm-none-eabi/lib/armv7e-m/fpu/libg_nano.a(lib_a-wsetup.o)
 .ARM.attributes
                0x0000092c       0x34 /usr/lib/gcc/arm-none-eabi/5.4.1/../../../arm-none-eabi/lib/armv7e-m/fpu/libg_nano.a(lib_a-dtoa.o)
 .ARM.attributes
                0x00000960       0x34 /usr/lib/gcc/arm-none-eabi/5.4.1/../../../arm-none-eabi/lib/armv7e-m/fpu/libg_nano.a(lib_a-fflush.o)
 .ARM.attributes
                0x00000994       0x34 /usr/lib/gcc/arm-none-eabi/5.4.1/../../../arm-none-eabi/lib/armv7e-m/fpu/libg_nano.a(lib_a-findfp.o)
 .ARM.attributes
                0x000009c8       0x34 /usr/lib/gcc/arm-none-eabi/5.4.1/../../../arm-none-eabi/lib/armv7e-m/fpu/libg_nano.a(lib_a-fwalk.o)
 .ARM.attributes
                0x000009fc       0x34 /usr/lib/gcc/arm-none-eabi/5.4.1/../../../arm-none-eabi/lib/armv7e-m/fpu/libg_nano.a(lib_a-locale.o)
 .ARM.attributes
                0x00000a30       0x34 /usr/lib/gcc/arm-none-eabi/5.4.1/../../../arm-none-eabi/lib/armv7e-m/fpu/libg_nano.a(lib_a-makebuf.o)
 .ARM.attributes
                0x00000a64       0x34 /usr/lib/gcc/arm-none-eabi/5.4.1/../../../arm-none-eabi/lib/armv7e-m/fpu/libg_nano.a(lib_a-malloc.o)
 .ARM.attributes
                0x00000a98       0x20 /usr/lib/gcc/arm-none-eabi/5.4.1/../../../arm-none-eabi/lib/armv7e-m/fpu/libg_nano.a(lib_a-memchr.o)
 .ARM.attributes
                0x00000ab8       0x34 /usr/lib/gcc/arm-none-eabi/5.4.1/../../../arm-none-eabi/lib/armv7e-m/fpu/libg_nano.a(lib_a-mprec.o)
 .ARM.attributes
                0x00000aec       0x34 /usr/lib/gcc/arm-none-eabi/5.4.1/../../../arm-none-eabi/lib/armv7e-m/fpu/libg_nano.a(lib_a-nano-callocr.o)
 .ARM.attributes
                0x00000b20       0x34 /usr/lib/gcc/arm-none-eabi/5.4.1/../../../arm-none-eabi/lib/armv7e-m/fpu/libg_nano.a(lib_a-nano-freer.o)
 .ARM.attributes
                0x00000b54       0x34 /usr/lib/gcc/arm-none-eabi/5.4.1/../../../arm-none-eabi/lib/armv7e-m/fpu/libg_nano.a(lib_a-nano-mallocr.o)
 .ARM.attributes
                0x00000b88       0x34 /usr/lib/gcc/arm-none-eabi/5.4.1/../../../arm-none-eabi/lib/armv7e-m/fpu/libg_nano.a(lib_a-nano-svfprintf.o)
 .ARM.attributes
                0x00000bbc       0x34 /usr/lib/gcc/arm-none-eabi/5.4.1/../../../arm-none-eabi/lib/armv7e-m/fpu/libg_nano.a(lib_a-nano-vfprintf.o)
 .ARM.attributes
                0x00000bf0       0x34 /usr/lib/gcc/arm-none-eabi/5.4.1/../../../arm-none-eabi/lib/armv7e-m/fpu/libg_nano.a(lib_a-sbrkr.o)
 .ARM.attributes
                0x00000c24       0x34 /usr/lib/gcc/arm-none-eabi/5.4.1/../../../arm-none-eabi/lib/armv7e-m/fpu/libg_nano.a(lib_a-stdio.o)
 .ARM.attributes
                0x00000c58       0x34 /usr/lib/gcc/arm-none-eabi/5.4.1/../../../arm-none-eabi/lib/armv7e-m/fpu/libg_nano.a(lib_a-writer.o)
 .ARM.attributes
                0x00000c8c       0x34 /usr/lib/gcc/arm-none-eabi/5.4.1/../../../arm-none-eabi/lib/armv7e-m/fpu/libg_nano.a(lib_a-closer.o)
 .ARM.attributes
                0x00000cc0       0x34 /usr/lib/gcc/arm-none-eabi/5.4.1/../../../arm-none-eabi/lib/armv7e-m/fpu/libg_nano.a(lib_a-fstatr.o)
 .ARM.attributes
                0x00000cf4       0x34 /usr/lib/gcc/arm-none-eabi/5.4.1/../../../arm-none-eabi/lib/armv7e-m/fpu/libg_nano.a(lib_a-fvwrite.o)
 .ARM.attributes
                0x00000d28       0x34 /usr/lib/gcc/arm-none-eabi/5.4.1/../../../arm-none-eabi/lib/armv7e-m/fpu/libg_nano.a(lib_a-isattyr.o)
 .ARM.attributes
                0x00000d5c       0x34 /usr/lib/gcc/arm-none-eabi/5.4.1/../../../arm-none-eabi/lib/armv7e-m/fpu/libg_nano.a(lib_a-lseekr.o)
 .ARM.attributes
                0x00000d90       0x34 /usr/lib/gcc/arm-none-eabi/5.4.1/../../../arm-none-eabi/lib/armv7e-m/fpu/libg_nano.a(lib_a-memmove.o)
 .ARM.attributes
                0x00000dc4       0x34 /usr/lib/gcc/arm-none-eabi/5.4.1/../../../arm-none-eabi/lib/armv7e-m/fpu/libg_nano.a(lib_a-nano-reallocr.o)
 .ARM.attributes
                0x00000df8       0x34 /usr/lib/gcc/arm-none-eabi/5.4.1/../../../arm-none-eabi/lib/armv7e-m/fpu/libg_nano.a(lib_a-readr.o)
 .ARM.attributes
                0x00000e2c       0x34 /usr/lib/gcc/arm-none-eabi/5.4.1/../../../arm-none-eabi/lib/armv7e-m/fpu/libg_nano.a(lib_a-nano-msizer.o)
 .ARM.attributes
                0x00000e60       0x22 /usr/lib/gcc/arm-none-eabi/5.4.1/armv7e-m/fpu/libgcc.a(_arm_fixdfsi.o)

.debug
 *(.debug)

.line
 *(.line)

.debug_srcinfo
 *(.debug_srcinfo)

.debug_sfnames
 *(.debug_sfnames)

.debug_aranges  0x00000000     0x1480
 *(.debug_aranges)
 .debug_aranges
                0x00000000       0xc0 ./system/src/stm32f4-hal/stm32f4xx_hal.o
 .debug_aranges
                0x000000c0       0x98 ./system/src/stm32f4-hal/stm32f4xx_hal_cortex.o
 .debug_aranges
                0x00000158       0x58 ./system/src/stm32f4-hal/stm32f4xx_hal_gpio.o
 .debug_aranges
                0x000001b0       0x88 ./system/src/stm32f4-hal/stm32f4xx_hal_rcc.o
 .debug_aranges
                0x00000238      0x368 ./system/src/stm32f4-hal/stm32f4xx_hal_tim.o
 .debug_aranges
                0x000005a0      0x140 ./system/src/stm32f4-hal/stm32f4xx_hal_tim_ex.o
 .debug_aranges
                0x000006e0      0x150 ./system/src/stm32f4-hal/stm32f4xx_hal_usart.o
 .debug_aranges
                0x00000830       0x28 ./system/src/newlib/_exit.o
 .debug_aranges
                0x00000858       0x20 ./system/src/newlib/_sbrk.o
 .debug_aranges
                0x00000878       0x40 ./system/src/newlib/_startup.o
 .debug_aranges
                0x000008b8       0xd0 ./system/src/newlib/_syscalls.o
 .debug_aranges
                0x00000988       0x28 ./system/src/newlib/assert.o
 .debug_aranges
                0x000009b0       0x38 ./system/src/diag/Trace.o
 .debug_aranges
                0x000009e8       0x30 ./system/src/diag/trace_impl.o
 .debug_aranges
                0x00000a18       0x28 ./system/src/cortexm/_initialize_hardware.o
 .debug_aranges
                0x00000a40       0x90 ./system/src/cortexm/exception_handlers.o
 .debug_aranges
                0x00000ad0       0x28 ./system/src/cmsis/system_stm32f4xx.o
 .debug_aranges
                0x00000af8       0x20 ./system/src/cmsis/vectors_stm32f405xx.o
 .debug_aranges
                0x00000b18       0x40 ./system-usr/src_/stm32f4xx_hal_timebase_tim.o
 .debug_aranges
                0x00000b58       0x40 ./src/modules/dynamic_unit.o
 .debug_aranges
                0x00000b98       0x28 ./src/_initialize_hardware.o
 .debug_aranges
                0x00000bc0       0x20 ./src/_write.o
 .debug_aranges
                0x00000be0       0x20 ./src/main.o
 .debug_aranges
                0x00000c00       0x50 ./src/stm32f4xx_hal_msp.o
 .debug_aranges
                0x00000c50       0x80 ./FreeRTOS/portable/GCC/ARM_CM4F/port.o
 .debug_aranges
                0x00000cd0       0x28 ./FreeRTOS-usr/hooks.o
 .debug_aranges
                0x00000cf8       0x40 ./FreeRTOS/list.o
 .debug_aranges
                0x00000d38      0x1d0 ./FreeRTOS/tasks.o
 .debug_aranges
                0x00000f08       0x20 /usr/lib/gcc/arm-none-eabi/5.4.1/armv7e-m/fpu/libgcc.a(_arm_addsubdf3.o)
 .debug_aranges
                0x00000f28       0x20 /usr/lib/gcc/arm-none-eabi/5.4.1/armv7e-m/fpu/libgcc.a(_arm_muldivdf3.o)
 .debug_aranges
                0x00000f48       0x20 /usr/lib/gcc/arm-none-eabi/5.4.1/armv7e-m/fpu/libgcc.a(_arm_cmpdf2.o)
 .debug_aranges
                0x00000f68       0x20 /usr/lib/gcc/arm-none-eabi/5.4.1/armv7e-m/fpu/libgcc.a(_arm_unorddf2.o)
 .debug_aranges
                0x00000f88       0x20 /usr/lib/gcc/arm-none-eabi/5.4.1/../../../arm-none-eabi/lib/armv7e-m/fpu/libg_nano.a(lib_a-errno.o)
 .debug_aranges
                0x00000fa8       0x18 /usr/lib/gcc/arm-none-eabi/5.4.1/../../../arm-none-eabi/lib/armv7e-m/fpu/libg_nano.a(lib_a-impure.o)
 .debug_aranges
                0x00000fc0       0x20 /usr/lib/gcc/arm-none-eabi/5.4.1/../../../arm-none-eabi/lib/armv7e-m/fpu/libg_nano.a(lib_a-memcpy.o)
 .debug_aranges
                0x00000fe0       0x20 /usr/lib/gcc/arm-none-eabi/5.4.1/../../../arm-none-eabi/lib/armv7e-m/fpu/libg_nano.a(lib_a-memset.o)
 .debug_aranges
                0x00001000       0x20 /usr/lib/gcc/arm-none-eabi/5.4.1/../../../arm-none-eabi/lib/armv7e-m/fpu/libg_nano.a(lib_a-nano-vfprintf_float.o)
 .debug_aranges
                0x00001020       0x20 /usr/lib/gcc/arm-none-eabi/5.4.1/../../../arm-none-eabi/lib/armv7e-m/fpu/libg_nano.a(lib_a-nano-vfprintf_i.o)
 .debug_aranges
                0x00001040       0x20 /usr/lib/gcc/arm-none-eabi/5.4.1/../../../arm-none-eabi/lib/armv7e-m/fpu/libg_nano.a(lib_a-printf.o)
 .debug_aranges
                0x00001060       0x20 /usr/lib/gcc/arm-none-eabi/5.4.1/../../../arm-none-eabi/lib/armv7e-m/fpu/libg_nano.a(lib_a-puts.o)
 .debug_aranges
                0x00001080       0x20 /usr/lib/gcc/arm-none-eabi/5.4.1/../../../arm-none-eabi/lib/armv7e-m/fpu/libg_nano.a(lib_a-strcmp.o)
 .debug_aranges
                0x000010a0       0x20 /usr/lib/gcc/arm-none-eabi/5.4.1/../../../arm-none-eabi/lib/armv7e-m/fpu/libg_nano.a(lib_a-strlen.o)
 .debug_aranges
                0x000010c0       0x20 /usr/lib/gcc/arm-none-eabi/5.4.1/../../../arm-none-eabi/lib/armv7e-m/fpu/libg_nano.a(lib_a-vsnprintf.o)
 .debug_aranges
                0x000010e0       0x20 /usr/lib/gcc/arm-none-eabi/5.4.1/../../../arm-none-eabi/lib/armv7e-m/fpu/libg_nano.a(lib_a-wbuf.o)
 .debug_aranges
                0x00001100       0x20 /usr/lib/gcc/arm-none-eabi/5.4.1/../../../arm-none-eabi/lib/armv7e-m/fpu/libg_nano.a(lib_a-wsetup.o)
 .debug_aranges
                0x00001120       0x20 /usr/lib/gcc/arm-none-eabi/5.4.1/../../../arm-none-eabi/lib/armv7e-m/fpu/libg_nano.a(lib_a-dtoa.o)
 .debug_aranges
                0x00001140       0x20 /usr/lib/gcc/arm-none-eabi/5.4.1/../../../arm-none-eabi/lib/armv7e-m/fpu/libg_nano.a(lib_a-fflush.o)
 .debug_aranges
                0x00001160       0x20 /usr/lib/gcc/arm-none-eabi/5.4.1/../../../arm-none-eabi/lib/armv7e-m/fpu/libg_nano.a(lib_a-findfp.o)
 .debug_aranges
                0x00001180       0x20 /usr/lib/gcc/arm-none-eabi/5.4.1/../../../arm-none-eabi/lib/armv7e-m/fpu/libg_nano.a(lib_a-fwalk.o)
 .debug_aranges
                0x000011a0       0x20 /usr/lib/gcc/arm-none-eabi/5.4.1/../../../arm-none-eabi/lib/armv7e-m/fpu/libg_nano.a(lib_a-locale.o)
 .debug_aranges
                0x000011c0       0x20 /usr/lib/gcc/arm-none-eabi/5.4.1/../../../arm-none-eabi/lib/armv7e-m/fpu/libg_nano.a(lib_a-makebuf.o)
 .debug_aranges
                0x000011e0       0x20 /usr/lib/gcc/arm-none-eabi/5.4.1/../../../arm-none-eabi/lib/armv7e-m/fpu/libg_nano.a(lib_a-malloc.o)
 .debug_aranges
                0x00001200       0x20 /usr/lib/gcc/arm-none-eabi/5.4.1/../../../arm-none-eabi/lib/armv7e-m/fpu/libg_nano.a(lib_a-memchr.o)
 .debug_aranges
                0x00001220       0x20 /usr/lib/gcc/arm-none-eabi/5.4.1/../../../arm-none-eabi/lib/armv7e-m/fpu/libg_nano.a(lib_a-mprec.o)
 .debug_aranges
                0x00001240       0x20 /usr/lib/gcc/arm-none-eabi/5.4.1/../../../arm-none-eabi/lib/armv7e-m/fpu/libg_nano.a(lib_a-nano-callocr.o)
 .debug_aranges
                0x00001260       0x20 /usr/lib/gcc/arm-none-eabi/5.4.1/../../../arm-none-eabi/lib/armv7e-m/fpu/libg_nano.a(lib_a-nano-freer.o)
 .debug_aranges
                0x00001280       0x20 /usr/lib/gcc/arm-none-eabi/5.4.1/../../../arm-none-eabi/lib/armv7e-m/fpu/libg_nano.a(lib_a-nano-mallocr.o)
 .debug_aranges
                0x000012a0       0x20 /usr/lib/gcc/arm-none-eabi/5.4.1/../../../arm-none-eabi/lib/armv7e-m/fpu/libg_nano.a(lib_a-nano-svfprintf.o)
 .debug_aranges
                0x000012c0       0x20 /usr/lib/gcc/arm-none-eabi/5.4.1/../../../arm-none-eabi/lib/armv7e-m/fpu/libg_nano.a(lib_a-nano-vfprintf.o)
 .debug_aranges
                0x000012e0       0x20 /usr/lib/gcc/arm-none-eabi/5.4.1/../../../arm-none-eabi/lib/armv7e-m/fpu/libg_nano.a(lib_a-sbrkr.o)
 .debug_aranges
                0x00001300       0x20 /usr/lib/gcc/arm-none-eabi/5.4.1/../../../arm-none-eabi/lib/armv7e-m/fpu/libg_nano.a(lib_a-stdio.o)
 .debug_aranges
                0x00001320       0x20 /usr/lib/gcc/arm-none-eabi/5.4.1/../../../arm-none-eabi/lib/armv7e-m/fpu/libg_nano.a(lib_a-writer.o)
 .debug_aranges
                0x00001340       0x20 /usr/lib/gcc/arm-none-eabi/5.4.1/../../../arm-none-eabi/lib/armv7e-m/fpu/libg_nano.a(lib_a-closer.o)
 .debug_aranges
                0x00001360       0x20 /usr/lib/gcc/arm-none-eabi/5.4.1/../../../arm-none-eabi/lib/armv7e-m/fpu/libg_nano.a(lib_a-fstatr.o)
 .debug_aranges
                0x00001380       0x20 /usr/lib/gcc/arm-none-eabi/5.4.1/../../../arm-none-eabi/lib/armv7e-m/fpu/libg_nano.a(lib_a-fvwrite.o)
 .debug_aranges
                0x000013a0       0x20 /usr/lib/gcc/arm-none-eabi/5.4.1/../../../arm-none-eabi/lib/armv7e-m/fpu/libg_nano.a(lib_a-isattyr.o)
 .debug_aranges
                0x000013c0       0x20 /usr/lib/gcc/arm-none-eabi/5.4.1/../../../arm-none-eabi/lib/armv7e-m/fpu/libg_nano.a(lib_a-lseekr.o)
 .debug_aranges
                0x000013e0       0x20 /usr/lib/gcc/arm-none-eabi/5.4.1/../../../arm-none-eabi/lib/armv7e-m/fpu/libg_nano.a(lib_a-memmove.o)
 .debug_aranges
                0x00001400       0x20 /usr/lib/gcc/arm-none-eabi/5.4.1/../../../arm-none-eabi/lib/armv7e-m/fpu/libg_nano.a(lib_a-nano-reallocr.o)
 .debug_aranges
                0x00001420       0x20 /usr/lib/gcc/arm-none-eabi/5.4.1/../../../arm-none-eabi/lib/armv7e-m/fpu/libg_nano.a(lib_a-readr.o)
 .debug_aranges
                0x00001440       0x20 /usr/lib/gcc/arm-none-eabi/5.4.1/../../../arm-none-eabi/lib/armv7e-m/fpu/libg_nano.a(lib_a-nano-msizer.o)
 .debug_aranges
                0x00001460       0x20 /usr/lib/gcc/arm-none-eabi/5.4.1/armv7e-m/fpu/libgcc.a(_arm_fixdfsi.o)

.debug_pubnames
 *(.debug_pubnames)

.debug_info     0x00000000    0x2a706
 *(.debug_info .gnu.linkonce.wi.*)
 .debug_info    0x00000000      0x8dd ./system/src/stm32f4-hal/stm32f4xx_hal.o
 .debug_info    0x000008dd     0x110e ./system/src/stm32f4-hal/stm32f4xx_hal_cortex.o
 .debug_info    0x000019eb      0x896 ./system/src/stm32f4-hal/stm32f4xx_hal_gpio.o
 .debug_info    0x00002281      0xf69 ./system/src/stm32f4-hal/stm32f4xx_hal_rcc.o
 .debug_info    0x000031ea     0x4341 ./system/src/stm32f4-hal/stm32f4xx_hal_tim.o
 .debug_info    0x0000752b     0x18c6 ./system/src/stm32f4-hal/stm32f4xx_hal_tim_ex.o
 .debug_info    0x00008df1     0x15a7 ./system/src/stm32f4-hal/stm32f4xx_hal_usart.o
 .debug_info    0x0000a398       0xef ./system/src/newlib/_exit.o
 .debug_info    0x0000a487      0x11f ./system/src/newlib/_sbrk.o
 .debug_info    0x0000a5a6      0x4fd ./system/src/newlib/_startup.o
 .debug_info    0x0000aaa3      0x988 ./system/src/newlib/_syscalls.o
 .debug_info    0x0000b42b      0x1b9 ./system/src/newlib/assert.o
 .debug_info    0x0000b5e4      0x2e6 ./system/src/diag/Trace.o
 .debug_info    0x0000b8ca      0x316 ./system/src/diag/trace_impl.o
 .debug_info    0x0000bbe0      0x2e0 ./system/src/cortexm/_initialize_hardware.o
 .debug_info    0x0000bec0      0x920 ./system/src/cortexm/exception_handlers.o
 .debug_info    0x0000c7e0      0x4da ./system/src/cmsis/system_stm32f4xx.o
 .debug_info    0x0000ccba       0xd1 ./system/src/cmsis/vectors_stm32f405xx.o
 .debug_info    0x0000cd8b      0xbbf ./system-usr/src_/stm32f4xx_hal_timebase_tim.o
 .debug_info    0x0000d94a      0xbb5 ./src/modules/dynamic_unit.o
 .debug_info    0x0000e4ff      0x50a ./src/_initialize_hardware.o
 .debug_info    0x0000ea09      0x602 ./src/_write.o
 .debug_info    0x0000f00b     0x1114 ./src/main.o
 .debug_info    0x0001011f     0x100d ./src/stm32f4xx_hal_msp.o
 .debug_info    0x0001112c      0x7f8 ./FreeRTOS/portable/GCC/ARM_CM4F/port.o
 .debug_info    0x00011924      0x2e6 ./FreeRTOS-usr/hooks.o
 .debug_info    0x00011c0a      0x2aa ./FreeRTOS/list.o
 .debug_info    0x00011eb4     0x33bd ./FreeRTOS/tasks.o
 .debug_info    0x00015271       0xc2 /usr/lib/gcc/arm-none-eabi/5.4.1/armv7e-m/fpu/libgcc.a(_arm_addsubdf3.o)
 .debug_info    0x00015333       0xc2 /usr/lib/gcc/arm-none-eabi/5.4.1/armv7e-m/fpu/libgcc.a(_arm_muldivdf3.o)
 .debug_info    0x000153f5       0xc2 /usr/lib/gcc/arm-none-eabi/5.4.1/armv7e-m/fpu/libgcc.a(_arm_cmpdf2.o)
 .debug_info    0x000154b7       0xc2 /usr/lib/gcc/arm-none-eabi/5.4.1/armv7e-m/fpu/libgcc.a(_arm_unorddf2.o)
 .debug_info    0x00015579      0x73c /usr/lib/gcc/arm-none-eabi/5.4.1/../../../arm-none-eabi/lib/armv7e-m/fpu/libg_nano.a(lib_a-errno.o)
 .debug_info    0x00015cb5      0x7da /usr/lib/gcc/arm-none-eabi/5.4.1/../../../arm-none-eabi/lib/armv7e-m/fpu/libg_nano.a(lib_a-impure.o)
 .debug_info    0x0001648f       0xcf /usr/lib/gcc/arm-none-eabi/5.4.1/../../../arm-none-eabi/lib/armv7e-m/fpu/libg_nano.a(lib_a-memcpy.o)
 .debug_info    0x0001655e      0x11e /usr/lib/gcc/arm-none-eabi/5.4.1/../../../arm-none-eabi/lib/armv7e-m/fpu/libg_nano.a(lib_a-memset.o)
 .debug_info    0x0001667c     0x10ae /usr/lib/gcc/arm-none-eabi/5.4.1/../../../arm-none-eabi/lib/armv7e-m/fpu/libg_nano.a(lib_a-nano-vfprintf_float.o)
 .debug_info    0x0001772a      0xb3b /usr/lib/gcc/arm-none-eabi/5.4.1/../../../arm-none-eabi/lib/armv7e-m/fpu/libg_nano.a(lib_a-nano-vfprintf_i.o)
 .debug_info    0x00018265      0x871 /usr/lib/gcc/arm-none-eabi/5.4.1/../../../arm-none-eabi/lib/armv7e-m/fpu/libg_nano.a(lib_a-printf.o)
 .debug_info    0x00018ad6      0x985 /usr/lib/gcc/arm-none-eabi/5.4.1/../../../arm-none-eabi/lib/armv7e-m/fpu/libg_nano.a(lib_a-puts.o)
 .debug_info    0x0001945b       0xce /usr/lib/gcc/arm-none-eabi/5.4.1/../../../arm-none-eabi/lib/armv7e-m/fpu/libg_nano.a(lib_a-strcmp.o)
 .debug_info    0x00019529       0xce /usr/lib/gcc/arm-none-eabi/5.4.1/../../../arm-none-eabi/lib/armv7e-m/fpu/libg_nano.a(lib_a-strlen.o)
 .debug_info    0x000195f7      0x8b2 /usr/lib/gcc/arm-none-eabi/5.4.1/../../../arm-none-eabi/lib/armv7e-m/fpu/libg_nano.a(lib_a-vsnprintf.o)
 .debug_info    0x00019ea9      0x8f2 /usr/lib/gcc/arm-none-eabi/5.4.1/../../../arm-none-eabi/lib/armv7e-m/fpu/libg_nano.a(lib_a-wbuf.o)
 .debug_info    0x0001a79b      0x871 /usr/lib/gcc/arm-none-eabi/5.4.1/../../../arm-none-eabi/lib/armv7e-m/fpu/libg_nano.a(lib_a-wsetup.o)
 .debug_info    0x0001b00c     0x116a /usr/lib/gcc/arm-none-eabi/5.4.1/../../../arm-none-eabi/lib/armv7e-m/fpu/libg_nano.a(lib_a-dtoa.o)
 .debug_info    0x0001c176      0x9c4 /usr/lib/gcc/arm-none-eabi/5.4.1/../../../arm-none-eabi/lib/armv7e-m/fpu/libg_nano.a(lib_a-fflush.o)
 .debug_info    0x0001cb3a      0xd7c /usr/lib/gcc/arm-none-eabi/5.4.1/../../../arm-none-eabi/lib/armv7e-m/fpu/libg_nano.a(lib_a-findfp.o)
 .debug_info    0x0001d8b6      0x851 /usr/lib/gcc/arm-none-eabi/5.4.1/../../../arm-none-eabi/lib/armv7e-m/fpu/libg_nano.a(lib_a-fwalk.o)
 .debug_info    0x0001e107      0xac8 /usr/lib/gcc/arm-none-eabi/5.4.1/../../../arm-none-eabi/lib/armv7e-m/fpu/libg_nano.a(lib_a-locale.o)
 .debug_info    0x0001ebcf      0xac7 /usr/lib/gcc/arm-none-eabi/5.4.1/../../../arm-none-eabi/lib/armv7e-m/fpu/libg_nano.a(lib_a-makebuf.o)
 .debug_info    0x0001f696      0x7b2 /usr/lib/gcc/arm-none-eabi/5.4.1/../../../arm-none-eabi/lib/armv7e-m/fpu/libg_nano.a(lib_a-malloc.o)
 .debug_info    0x0001fe48       0xc8 /usr/lib/gcc/arm-none-eabi/5.4.1/../../../arm-none-eabi/lib/armv7e-m/fpu/libg_nano.a(lib_a-memchr.o)
 .debug_info    0x0001ff10     0x160a /usr/lib/gcc/arm-none-eabi/5.4.1/../../../arm-none-eabi/lib/armv7e-m/fpu/libg_nano.a(lib_a-mprec.o)
 .debug_info    0x0002151a      0x7d0 /usr/lib/gcc/arm-none-eabi/5.4.1/../../../arm-none-eabi/lib/armv7e-m/fpu/libg_nano.a(lib_a-nano-callocr.o)
 .debug_info    0x00021cea      0x825 /usr/lib/gcc/arm-none-eabi/5.4.1/../../../arm-none-eabi/lib/armv7e-m/fpu/libg_nano.a(lib_a-nano-freer.o)
 .debug_info    0x0002250f      0x8ec /usr/lib/gcc/arm-none-eabi/5.4.1/../../../arm-none-eabi/lib/armv7e-m/fpu/libg_nano.a(lib_a-nano-mallocr.o)
 .debug_info    0x00022dfb      0xd39 /usr/lib/gcc/arm-none-eabi/5.4.1/../../../arm-none-eabi/lib/armv7e-m/fpu/libg_nano.a(lib_a-nano-svfprintf.o)
 .debug_info    0x00023b34      0xd65 /usr/lib/gcc/arm-none-eabi/5.4.1/../../../arm-none-eabi/lib/armv7e-m/fpu/libg_nano.a(lib_a-nano-vfprintf.o)
 .debug_info    0x00024899      0x7a1 /usr/lib/gcc/arm-none-eabi/5.4.1/../../../arm-none-eabi/lib/armv7e-m/fpu/libg_nano.a(lib_a-sbrkr.o)
 .debug_info    0x0002503a      0x9d5 /usr/lib/gcc/arm-none-eabi/5.4.1/../../../arm-none-eabi/lib/armv7e-m/fpu/libg_nano.a(lib_a-stdio.o)
 .debug_info    0x00025a0f      0x7df /usr/lib/gcc/arm-none-eabi/5.4.1/../../../arm-none-eabi/lib/armv7e-m/fpu/libg_nano.a(lib_a-writer.o)
 .debug_info    0x000261ee      0x797 /usr/lib/gcc/arm-none-eabi/5.4.1/../../../arm-none-eabi/lib/armv7e-m/fpu/libg_nano.a(lib_a-closer.o)
 .debug_info    0x00026985      0x978 /usr/lib/gcc/arm-none-eabi/5.4.1/../../../arm-none-eabi/lib/armv7e-m/fpu/libg_nano.a(lib_a-fstatr.o)
 .debug_info    0x000272fd      0xa9c /usr/lib/gcc/arm-none-eabi/5.4.1/../../../arm-none-eabi/lib/armv7e-m/fpu/libg_nano.a(lib_a-fvwrite.o)
 .debug_info    0x00027d99      0x797 /usr/lib/gcc/arm-none-eabi/5.4.1/../../../arm-none-eabi/lib/armv7e-m/fpu/libg_nano.a(lib_a-isattyr.o)
 .debug_info    0x00028530      0x7c2 /usr/lib/gcc/arm-none-eabi/5.4.1/../../../arm-none-eabi/lib/armv7e-m/fpu/libg_nano.a(lib_a-lseekr.o)
 .debug_info    0x00028cf2      0x138 /usr/lib/gcc/arm-none-eabi/5.4.1/../../../arm-none-eabi/lib/armv7e-m/fpu/libg_nano.a(lib_a-memmove.o)
 .debug_info    0x00028e2a      0x882 /usr/lib/gcc/arm-none-eabi/5.4.1/../../../arm-none-eabi/lib/armv7e-m/fpu/libg_nano.a(lib_a-nano-reallocr.o)
 .debug_info    0x000296ac      0x7d8 /usr/lib/gcc/arm-none-eabi/5.4.1/../../../arm-none-eabi/lib/armv7e-m/fpu/libg_nano.a(lib_a-readr.o)
 .debug_info    0x00029e84      0x7c0 /usr/lib/gcc/arm-none-eabi/5.4.1/../../../arm-none-eabi/lib/armv7e-m/fpu/libg_nano.a(lib_a-nano-msizer.o)
 .debug_info    0x0002a644       0xc2 /usr/lib/gcc/arm-none-eabi/5.4.1/armv7e-m/fpu/libgcc.a(_arm_fixdfsi.o)

.debug_abbrev   0x00000000     0x70b7
 *(.debug_abbrev)
 .debug_abbrev  0x00000000      0x235 ./system/src/stm32f4-hal/stm32f4xx_hal.o
 .debug_abbrev  0x00000235      0x324 ./system/src/stm32f4-hal/stm32f4xx_hal_cortex.o
 .debug_abbrev  0x00000559      0x204 ./system/src/stm32f4-hal/stm32f4xx_hal_gpio.o
 .debug_abbrev  0x0000075d      0x2d2 ./system/src/stm32f4-hal/stm32f4xx_hal_rcc.o
 .debug_abbrev  0x00000a2f      0x21b ./system/src/stm32f4-hal/stm32f4xx_hal_tim.o
 .debug_abbrev  0x00000c4a      0x21b ./system/src/stm32f4-hal/stm32f4xx_hal_tim_ex.o
 .debug_abbrev  0x00000e65      0x24a ./system/src/stm32f4-hal/stm32f4xx_hal_usart.o
 .debug_abbrev  0x000010af       0x8e ./system/src/newlib/_exit.o
 .debug_abbrev  0x0000113d       0xb9 ./system/src/newlib/_sbrk.o
 .debug_abbrev  0x000011f6      0x1b6 ./system/src/newlib/_startup.o
 .debug_abbrev  0x000013ac      0x169 ./system/src/newlib/_syscalls.o
 .debug_abbrev  0x00001515       0xab ./system/src/newlib/assert.o
 .debug_abbrev  0x000015c0      0x145 ./system/src/diag/Trace.o
 .debug_abbrev  0x00001705      0x1c8 ./system/src/diag/trace_impl.o
 .debug_abbrev  0x000018cd       0xea ./system/src/cortexm/_initialize_hardware.o
 .debug_abbrev  0x000019b7      0x247 ./system/src/cortexm/exception_handlers.o
 .debug_abbrev  0x00001bfe      0x104 ./system/src/cmsis/system_stm32f4xx.o
 .debug_abbrev  0x00001d02       0x9d ./system/src/cmsis/vectors_stm32f405xx.o
 .debug_abbrev  0x00001d9f      0x1ff ./system-usr/src_/stm32f4xx_hal_timebase_tim.o
 .debug_abbrev  0x00001f9e      0x274 ./src/modules/dynamic_unit.o
 .debug_abbrev  0x00002212      0x14c ./src/_initialize_hardware.o
 .debug_abbrev  0x0000235e      0x185 ./src/_write.o
 .debug_abbrev  0x000024e3      0x1c0 ./src/main.o
 .debug_abbrev  0x000026a3      0x1b2 ./src/stm32f4xx_hal_msp.o
 .debug_abbrev  0x00002855      0x273 ./FreeRTOS/portable/GCC/ARM_CM4F/port.o
 .debug_abbrev  0x00002ac8      0x120 ./FreeRTOS-usr/hooks.o
 .debug_abbrev  0x00002be8       0xe6 ./FreeRTOS/list.o
 .debug_abbrev  0x00002cce      0x30c ./FreeRTOS/tasks.o
 .debug_abbrev  0x00002fda       0x14 /usr/lib/gcc/arm-none-eabi/5.4.1/armv7e-m/fpu/libgcc.a(_arm_addsubdf3.o)
 .debug_abbrev  0x00002fee       0x14 /usr/lib/gcc/arm-none-eabi/5.4.1/armv7e-m/fpu/libgcc.a(_arm_muldivdf3.o)
 .debug_abbrev  0x00003002       0x14 /usr/lib/gcc/arm-none-eabi/5.4.1/armv7e-m/fpu/libgcc.a(_arm_cmpdf2.o)
 .debug_abbrev  0x00003016       0x14 /usr/lib/gcc/arm-none-eabi/5.4.1/armv7e-m/fpu/libgcc.a(_arm_unorddf2.o)
 .debug_abbrev  0x0000302a      0x134 /usr/lib/gcc/arm-none-eabi/5.4.1/../../../arm-none-eabi/lib/armv7e-m/fpu/libg_nano.a(lib_a-errno.o)
 .debug_abbrev  0x0000315e      0x136 /usr/lib/gcc/arm-none-eabi/5.4.1/../../../arm-none-eabi/lib/armv7e-m/fpu/libg_nano.a(lib_a-impure.o)
 .debug_abbrev  0x00003294       0x14 /usr/lib/gcc/arm-none-eabi/5.4.1/../../../arm-none-eabi/lib/armv7e-m/fpu/libg_nano.a(lib_a-memcpy.o)
 .debug_abbrev  0x000032a8       0x9f /usr/lib/gcc/arm-none-eabi/5.4.1/../../../arm-none-eabi/lib/armv7e-m/fpu/libg_nano.a(lib_a-memset.o)
 .debug_abbrev  0x00003347      0x272 /usr/lib/gcc/arm-none-eabi/5.4.1/../../../arm-none-eabi/lib/armv7e-m/fpu/libg_nano.a(lib_a-nano-vfprintf_float.o)
 .debug_abbrev  0x000035b9      0x1f5 /usr/lib/gcc/arm-none-eabi/5.4.1/../../../arm-none-eabi/lib/armv7e-m/fpu/libg_nano.a(lib_a-nano-vfprintf_i.o)
 .debug_abbrev  0x000037ae      0x1ed /usr/lib/gcc/arm-none-eabi/5.4.1/../../../arm-none-eabi/lib/armv7e-m/fpu/libg_nano.a(lib_a-printf.o)
 .debug_abbrev  0x0000399b      0x235 /usr/lib/gcc/arm-none-eabi/5.4.1/../../../arm-none-eabi/lib/armv7e-m/fpu/libg_nano.a(lib_a-puts.o)
 .debug_abbrev  0x00003bd0       0x14 /usr/lib/gcc/arm-none-eabi/5.4.1/../../../arm-none-eabi/lib/armv7e-m/fpu/libg_nano.a(lib_a-strcmp.o)
 .debug_abbrev  0x00003be4       0x14 /usr/lib/gcc/arm-none-eabi/5.4.1/../../../arm-none-eabi/lib/armv7e-m/fpu/libg_nano.a(lib_a-strlen.o)
 .debug_abbrev  0x00003bf8      0x1e6 /usr/lib/gcc/arm-none-eabi/5.4.1/../../../arm-none-eabi/lib/armv7e-m/fpu/libg_nano.a(lib_a-vsnprintf.o)
 .debug_abbrev  0x00003dde      0x1e7 /usr/lib/gcc/arm-none-eabi/5.4.1/../../../arm-none-eabi/lib/armv7e-m/fpu/libg_nano.a(lib_a-wbuf.o)
 .debug_abbrev  0x00003fc5      0x1a3 /usr/lib/gcc/arm-none-eabi/5.4.1/../../../arm-none-eabi/lib/armv7e-m/fpu/libg_nano.a(lib_a-wsetup.o)
 .debug_abbrev  0x00004168      0x257 /usr/lib/gcc/arm-none-eabi/5.4.1/../../../arm-none-eabi/lib/armv7e-m/fpu/libg_nano.a(lib_a-dtoa.o)
 .debug_abbrev  0x000043bf      0x237 /usr/lib/gcc/arm-none-eabi/5.4.1/../../../arm-none-eabi/lib/armv7e-m/fpu/libg_nano.a(lib_a-fflush.o)
 .debug_abbrev  0x000045f6      0x320 /usr/lib/gcc/arm-none-eabi/5.4.1/../../../arm-none-eabi/lib/armv7e-m/fpu/libg_nano.a(lib_a-findfp.o)
 .debug_abbrev  0x00004916      0x167 /usr/lib/gcc/arm-none-eabi/5.4.1/../../../arm-none-eabi/lib/armv7e-m/fpu/libg_nano.a(lib_a-fwalk.o)
 .debug_abbrev  0x00004a7d      0x24d /usr/lib/gcc/arm-none-eabi/5.4.1/../../../arm-none-eabi/lib/armv7e-m/fpu/libg_nano.a(lib_a-locale.o)
 .debug_abbrev  0x00004cca      0x23b /usr/lib/gcc/arm-none-eabi/5.4.1/../../../arm-none-eabi/lib/armv7e-m/fpu/libg_nano.a(lib_a-makebuf.o)
 .debug_abbrev  0x00004f05      0x18a /usr/lib/gcc/arm-none-eabi/5.4.1/../../../arm-none-eabi/lib/armv7e-m/fpu/libg_nano.a(lib_a-malloc.o)
 .debug_abbrev  0x0000508f       0x14 /usr/lib/gcc/arm-none-eabi/5.4.1/../../../arm-none-eabi/lib/armv7e-m/fpu/libg_nano.a(lib_a-memchr.o)
 .debug_abbrev  0x000050a3      0x32b /usr/lib/gcc/arm-none-eabi/5.4.1/../../../arm-none-eabi/lib/armv7e-m/fpu/libg_nano.a(lib_a-mprec.o)
 .debug_abbrev  0x000053ce      0x187 /usr/lib/gcc/arm-none-eabi/5.4.1/../../../arm-none-eabi/lib/armv7e-m/fpu/libg_nano.a(lib_a-nano-callocr.o)
 .debug_abbrev  0x00005555      0x1b8 /usr/lib/gcc/arm-none-eabi/5.4.1/../../../arm-none-eabi/lib/armv7e-m/fpu/libg_nano.a(lib_a-nano-freer.o)
 .debug_abbrev  0x0000570d      0x22e /usr/lib/gcc/arm-none-eabi/5.4.1/../../../arm-none-eabi/lib/armv7e-m/fpu/libg_nano.a(lib_a-nano-mallocr.o)
 .debug_abbrev  0x0000593b      0x250 /usr/lib/gcc/arm-none-eabi/5.4.1/../../../arm-none-eabi/lib/armv7e-m/fpu/libg_nano.a(lib_a-nano-svfprintf.o)
 .debug_abbrev  0x00005b8b      0x275 /usr/lib/gcc/arm-none-eabi/5.4.1/../../../arm-none-eabi/lib/armv7e-m/fpu/libg_nano.a(lib_a-nano-vfprintf.o)
 .debug_abbrev  0x00005e00      0x1a0 /usr/lib/gcc/arm-none-eabi/5.4.1/../../../arm-none-eabi/lib/armv7e-m/fpu/libg_nano.a(lib_a-sbrkr.o)
 .debug_abbrev  0x00005fa0      0x1cf /usr/lib/gcc/arm-none-eabi/5.4.1/../../../arm-none-eabi/lib/armv7e-m/fpu/libg_nano.a(lib_a-stdio.o)
 .debug_abbrev  0x0000616f      0x1a0 /usr/lib/gcc/arm-none-eabi/5.4.1/../../../arm-none-eabi/lib/armv7e-m/fpu/libg_nano.a(lib_a-writer.o)
 .debug_abbrev  0x0000630f      0x19b /usr/lib/gcc/arm-none-eabi/5.4.1/../../../arm-none-eabi/lib/armv7e-m/fpu/libg_nano.a(lib_a-closer.o)
 .debug_abbrev  0x000064aa      0x1aa /usr/lib/gcc/arm-none-eabi/5.4.1/../../../arm-none-eabi/lib/armv7e-m/fpu/libg_nano.a(lib_a-fstatr.o)
 .debug_abbrev  0x00006654      0x1c1 /usr/lib/gcc/arm-none-eabi/5.4.1/../../../arm-none-eabi/lib/armv7e-m/fpu/libg_nano.a(lib_a-fvwrite.o)
 .debug_abbrev  0x00006815      0x19b /usr/lib/gcc/arm-none-eabi/5.4.1/../../../arm-none-eabi/lib/armv7e-m/fpu/libg_nano.a(lib_a-isattyr.o)
 .debug_abbrev  0x000069b0      0x1aa /usr/lib/gcc/arm-none-eabi/5.4.1/../../../arm-none-eabi/lib/armv7e-m/fpu/libg_nano.a(lib_a-lseekr.o)
 .debug_abbrev  0x00006b5a       0xab /usr/lib/gcc/arm-none-eabi/5.4.1/../../../arm-none-eabi/lib/armv7e-m/fpu/libg_nano.a(lib_a-memmove.o)
 .debug_abbrev  0x00006c05      0x1a2 /usr/lib/gcc/arm-none-eabi/5.4.1/../../../arm-none-eabi/lib/armv7e-m/fpu/libg_nano.a(lib_a-nano-reallocr.o)
 .debug_abbrev  0x00006da7      0x19b /usr/lib/gcc/arm-none-eabi/5.4.1/../../../arm-none-eabi/lib/armv7e-m/fpu/libg_nano.a(lib_a-readr.o)
 .debug_abbrev  0x00006f42      0x161 /usr/lib/gcc/arm-none-eabi/5.4.1/../../../arm-none-eabi/lib/armv7e-m/fpu/libg_nano.a(lib_a-nano-msizer.o)