Archive member included to satisfy reference by file (symbol)

/usr/lib/gcc/arm-none-eabi/5.4.1/../../../arm-none-eabi/lib/armv7e-m/fpu/libm.a(lib_a-s_atan.o)
                              ./src/modules/dynamic_unit.o (atan)
/usr/lib/gcc/arm-none-eabi/5.4.1/../../../arm-none-eabi/lib/armv7e-m/fpu/libm.a(lib_a-s_fabs.o)
                              /usr/lib/gcc/arm-none-eabi/5.4.1/../../../arm-none-eabi/lib/armv7e-m/fpu/libm.a(lib_a-s_atan.o) (fabs)
/usr/lib/gcc/arm-none-eabi/5.4.1/../../../arm-none-eabi/lib/armv7e-m/fpu/libm.a(lib_a-s_round.o)
                              ./src/modules/dynamic_unit.o (round)
/usr/lib/gcc/arm-none-eabi/5.4.1/../../../arm-none-eabi/lib/armv7e-m/fpu/libm.a(lib_a-w_pow.o)
                              ./src/modules/dynamic_unit.o (pow)
/usr/lib/gcc/arm-none-eabi/5.4.1/../../../arm-none-eabi/lib/armv7e-m/fpu/libm.a(lib_a-w_sqrt.o)
                              ./src/modules/dynamic_unit.o (sqrt)
/usr/lib/gcc/arm-none-eabi/5.4.1/../../../arm-none-eabi/lib/armv7e-m/fpu/libm.a(lib_a-e_pow.o)
                              /usr/lib/gcc/arm-none-eabi/5.4.1/../../../arm-none-eabi/lib/armv7e-m/fpu/libm.a(lib_a-w_pow.o) (__ieee754_pow)
/usr/lib/gcc/arm-none-eabi/5.4.1/../../../arm-none-eabi/lib/armv7e-m/fpu/libm.a(lib_a-e_sqrt.o)
                              /usr/lib/gcc/arm-none-eabi/5.4.1/../../../arm-none-eabi/lib/armv7e-m/fpu/libm.a(lib_a-w_sqrt.o) (__ieee754_sqrt)
/usr/lib/gcc/arm-none-eabi/5.4.1/../../../arm-none-eabi/lib/armv7e-m/fpu/libm.a(lib_a-s_finite.o)
                              /usr/lib/gcc/arm-none-eabi/5.4.1/../../../arm-none-eabi/lib/armv7e-m/fpu/libm.a(lib_a-w_pow.o) (finite)
/usr/lib/gcc/arm-none-eabi/5.4.1/../../../arm-none-eabi/lib/armv7e-m/fpu/libm.a(lib_a-s_lib_ver.o)
                              /usr/lib/gcc/arm-none-eabi/5.4.1/../../../arm-none-eabi/lib/armv7e-m/fpu/libm.a(lib_a-w_pow.o) (__fdlib_version)
/usr/lib/gcc/arm-none-eabi/5.4.1/../../../arm-none-eabi/lib/armv7e-m/fpu/libm.a(lib_a-s_matherr.o)
                              /usr/lib/gcc/arm-none-eabi/5.4.1/../../../arm-none-eabi/lib/armv7e-m/fpu/libm.a(lib_a-w_pow.o) (matherr)
/usr/lib/gcc/arm-none-eabi/5.4.1/../../../arm-none-eabi/lib/armv7e-m/fpu/libm.a(lib_a-s_nan.o)
                              /usr/lib/gcc/arm-none-eabi/5.4.1/../../../arm-none-eabi/lib/armv7e-m/fpu/libm.a(lib_a-e_pow.o) (nan)
/usr/lib/gcc/arm-none-eabi/5.4.1/../../../arm-none-eabi/lib/armv7e-m/fpu/libm.a(lib_a-s_rint.o)
                              /usr/lib/gcc/arm-none-eabi/5.4.1/../../../arm-none-eabi/lib/armv7e-m/fpu/libm.a(lib_a-w_pow.o) (rint)
/usr/lib/gcc/arm-none-eabi/5.4.1/../../../arm-none-eabi/lib/armv7e-m/fpu/libm.a(lib_a-s_scalbn.o)
                              /usr/lib/gcc/arm-none-eabi/5.4.1/../../../arm-none-eabi/lib/armv7e-m/fpu/libm.a(lib_a-e_pow.o) (scalbn)
/usr/lib/gcc/arm-none-eabi/5.4.1/../../../arm-none-eabi/lib/armv7e-m/fpu/libm.a(lib_a-s_copysign.o)
                              /usr/lib/gcc/arm-none-eabi/5.4.1/../../../arm-none-eabi/lib/armv7e-m/fpu/libm.a(lib_a-s_scalbn.o) (copysign)
/usr/lib/gcc/arm-none-eabi/5.4.1/armv7e-m/fpu/libgcc.a(_arm_addsubdf3.o)
                              /usr/lib/gcc/arm-none-eabi/5.4.1/../../../arm-none-eabi/lib/armv7e-m/fpu/libm.a(lib_a-s_atan.o) (__aeabi_dsub)
/usr/lib/gcc/arm-none-eabi/5.4.1/armv7e-m/fpu/libgcc.a(_arm_muldivdf3.o)
                              ./src/modules/dynamic_unit.o (__aeabi_dmul)
/usr/lib/gcc/arm-none-eabi/5.4.1/armv7e-m/fpu/libgcc.a(_arm_cmpdf2.o)
                              /usr/lib/gcc/arm-none-eabi/5.4.1/../../../arm-none-eabi/lib/armv7e-m/fpu/libm.a(lib_a-w_pow.o) (__aeabi_dcmpeq)
/usr/lib/gcc/arm-none-eabi/5.4.1/armv7e-m/fpu/libgcc.a(_arm_unorddf2.o)
                              /usr/lib/gcc/arm-none-eabi/5.4.1/../../../arm-none-eabi/lib/armv7e-m/fpu/libm.a(lib_a-w_pow.o) (__aeabi_dcmpun)
/usr/lib/gcc/arm-none-eabi/5.4.1/armv7e-m/fpu/libgcc.a(_arm_truncdfsf2.o)
                              ./src/modules/dynamic_unit.o (__aeabi_d2f)
/usr/lib/gcc/arm-none-eabi/5.4.1/../../../arm-none-eabi/lib/armv7e-m/fpu/libg_nano.a(lib_a-ctype_.o)
                              ./src/drivers/minmea.o (__ctype_ptr__)
/usr/lib/gcc/arm-none-eabi/5.4.1/../../../arm-none-eabi/lib/armv7e-m/fpu/libg_nano.a(lib_a-errno.o)
                              ./system/src/newlib/_sbrk.o (__errno)
/usr/lib/gcc/arm-none-eabi/5.4.1/../../../arm-none-eabi/lib/armv7e-m/fpu/libg_nano.a(lib_a-impure.o)
                              /usr/lib/gcc/arm-none-eabi/5.4.1/../../../arm-none-eabi/lib/armv7e-m/fpu/libg_nano.a(lib_a-errno.o) (_impure_ptr)
/usr/lib/gcc/arm-none-eabi/5.4.1/../../../arm-none-eabi/lib/armv7e-m/fpu/libg_nano.a(lib_a-memcpy.o)
                              ./FreeRTOS/queue.o (memcpy)
/usr/lib/gcc/arm-none-eabi/5.4.1/../../../arm-none-eabi/lib/armv7e-m/fpu/libg_nano.a(lib_a-memset.o)
                              ./src/drivers/gps_nmea.o (memset)
[...]
Memory Configuration

Name             Origin             Length             Attributes
RAM              0x20000000         0x00020000         xrw
CCMRAM           0x10000000         0x00010000         xrw
FLASH            0x08000000         0x00100000         xr
FLASHB1          0x00000000         0x00000000         xr
EXTMEMB0         0x00000000         0x00000000         xr
EXTMEMB1         0x00000000         0x00000000         xr
EXTMEMB2         0x00000000         0x00000000         xr
EXTMEMB3         0x00000000         0x00000000         xr
MEMORY_ARRAY     0x20002000         0x00000020         xrw
*default*        0x00000000         0xffffffff

Linker script and memory map

LOAD ./system/src/stm32f4-hal/stm32f4xx_hal.o
LOAD ./system/src/stm32f4-hal/stm32f4xx_hal_cortex.o
LOAD ./system/src/stm32f4-hal/stm32f4xx_hal_dfsdm.o
LOAD ./system/src/stm32f4-hal/stm32f4xx_hal_dma.o
LOAD ./system/src/stm32f4-hal/stm32f4xx_hal_dma_ex.o
LOAD ./system/src/stm32f4-hal/stm32f4xx_hal_flash.o
LOAD ./system/src/stm32f4-hal/stm32f4xx_hal_gpio.o
LOAD ./system/src/stm32f4-hal/stm32f4xx_hal_i2c.o
LOAD ./system/src/stm32f4-hal/stm32f4xx_hal_i2c_ex.o
LOAD ./system/src/stm32f4-hal/stm32f4xx_hal_iwdg.o
LOAD ./system/src/stm32f4-hal/stm32f4xx_hal_pwr.o
LOAD ./system/src/stm32f4-hal/stm32f4xx_hal_rcc.o
LOAD ./system/src/stm32f4-hal/stm32f4xx_hal_spi.o
LOAD ./system/src/stm32f4-hal/stm32f4xx_hal_tim.o
LOAD ./system/src/stm32f4-hal/stm32f4xx_hal_tim_ex.o
LOAD ./system/src/stm32f4-hal/stm32f4xx_hal_uart.o
LOAD ./system/src/stm32f4-hal/stm32f4xx_hal_usart.o
LOAD ./system/src/newlib/_cxx.o
LOAD ./system/src/newlib/_exit.o
LOAD ./system/src/newlib/_sbrk.o
LOAD ./system/src/newlib/_startup.o
LOAD ./system/src/newlib/_syscalls.o
LOAD ./system/src/newlib/assert.o
LOAD ./system/src/diag/Trace.o
LOAD ./system/src/diag/trace_impl.o
LOAD ./system/src/cortexm/_initialize_hardware.o
LOAD ./system/src/cortexm/_reset_hardware.o
LOAD ./system/src/cortexm/exception_handlers.o
LOAD ./system/src/cmsis/system_stm32f4xx.o
LOAD ./system/src/cmsis/vectors_stm32f405xx.o
LOAD ./system-usr/src_/stm32f4xx_hal_msp.o
LOAD ./system-usr/src_/stm32f4xx_hal_timebase_tim.o
LOAD ./src/modules/dynamic_unit.o
LOAD ./src/modules/kinematic_unit.o
LOAD ./src/modules/telemetry.o
LOAD ./src/library/MadgwickAHRS.o
LOAD ./src/library/quaternion.o
LOAD ./src/drivers/MPU9255.o
LOAD ./src/drivers/gps_nmea.o
LOAD ./src/drivers/minmea.o
LOAD ./src/drivers/nRF24L01.o
LOAD ./src/_initialize_hardware.o
LOAD ./src/_write.o
LOAD ./src/main.o
LOAD ./sofa/cp.o
LOAD ./sofa/pmp.o
LOAD ./sofa/rxp.o
LOAD ./FreeRTOS/portable/GCC/ARM_CM4F/port.o
LOAD ./FreeRTOS-usr/hooks.o
LOAD ./FreeRTOS/croutine.o
LOAD ./FreeRTOS/event_groups.o
LOAD ./FreeRTOS/list.o
LOAD ./FreeRTOS/queue.o
LOAD ./FreeRTOS/stream_buffer.o
LOAD ./FreeRTOS/tasks.o
LOAD ./FreeRTOS/timers.o
LOAD /usr/lib/gcc/arm-none-eabi/5.4.1/../../../arm-none-eabi/lib/armv7e-m/fpu/libstdc++_nano.a
LOAD /usr/lib/gcc/arm-none-eabi/5.4.1/../../../arm-none-eabi/lib/armv7e-m/fpu/libm.a
START GROUP
LOAD /usr/lib/gcc/arm-none-eabi/5.4.1/armv7e-m/fpu/libgcc.a
LOAD /usr/lib/gcc/arm-none-eabi/5.4.1/../../../arm-none-eabi/lib/armv7e-m/fpu/libg_nano.a
LOAD /usr/lib/gcc/arm-none-eabi/5.4.1/../../../arm-none-eabi/lib/armv7e-m/fpu/libc_nano.a
END GROUP
START GROUP
LOAD /usr/lib/gcc/arm-none-eabi/5.4.1/armv7e-m/fpu/libgcc.a
LOAD /usr/lib/gcc/arm-none-eabi/5.4.1/../../../arm-none-eabi/lib/armv7e-m/fpu/libc_nano.a
END GROUP
                0x20020000                __stack = (ORIGIN (RAM) + LENGTH (RAM))
                0x20020000                _estack = __stack
                0x00000400                __Main_Stack_Size = 0x400
                [!provide]                PROVIDE (_Main_Stack_Size, __Main_Stack_Size)
                0x2001fc00                __Main_Stack_Limit = (__stack - __Main_Stack_Size)
                [!provide]                PROVIDE (_Main_Stack_Limit, __Main_Stack_Limit)
                0x00000100                _Minimum_Stack_Size = 0x100
                0x20003ac4                PROVIDE (_Heap_Begin, _end_noinit)
                0x2001fc00                PROVIDE (_Heap_Limit, (__stack - __Main_Stack_Size))

.isr_vector     0x08000000      0x3ec
 FILL mask 0xff
                0x08000000                __vectors_start = ABSOLUTE (.)
                0x08000000                __vectors_start__ = ABSOLUTE (.)
 *(.isr_vector)
 .isr_vector    0x08000000      0x188 ./system/src/cmsis/vectors_stm32f405xx.o
                0x08000000                __isr_vectors
 *(.cfmconfig)
 *(.after_vectors .after_vectors.*)
 .after_vectors
                0x08000188      0x130 ./system/src/newlib/_startup.o
                0x08000188                _start
 .after_vectors
                0x080002b8      0x130 ./system/src/cortexm/exception_handlers.o
                0x080002b8                Reset_Handler
                0x080002c0                NMI_Handler
                0x080002c4                HardFault_Handler
                0x080002d8                HardFault_Handler_C
                0x08000338                MemManage_Handler
                0x0800033c                BusFault_Handler
                0x08000350                BusFault_Handler_C
                0x08000384                UsageFault_Handler
                0x08000398                UsageFault_Handler_C
                0x080003d0                DebugMon_Handler
 .after_vectors
                0x080003e8        0x4 ./system/src/cmsis/vectors_stm32f405xx.o
                0x080003e8                RTC_Alarm_IRQHandler
                0x080003e8                HASH_RNG_IRQHandler
                0x080003e8                EXTI2_IRQHandler
                0x080003e8                TIM8_CC_IRQHandler
                0x080003e8                TIM1_CC_IRQHandler
                0x080003e8                DMA2_Stream5_IRQHandler
                0x080003e8                DMA1_Stream5_IRQHandler
                0x080003e8                PVD_IRQHandler
                0x080003e8                SDIO_IRQHandler
                0x080003e8                TAMP_STAMP_IRQHandler
                0x080003e8                CAN2_RX1_IRQHandler
                0x080003e8                EXTI3_IRQHandler
                0x080003e8                TIM8_TRG_COM_TIM14_IRQHandler
                0x080003e8                TIM1_UP_TIM10_IRQHandler
                0x080003e8                TIM8_UP_TIM13_IRQHandler
                0x080003e8                I2C3_ER_IRQHandler
                0x080003e8                EXTI0_IRQHandler
                0x080003e8                I2C2_EV_IRQHandler
                0x080003e8                DMA1_Stream2_IRQHandler
                0x080003e8                CAN1_RX0_IRQHandler
                0x080003e8                FPU_IRQHandler
                0x080003e8                OTG_HS_WKUP_IRQHandler
                0x080003e8                CAN2_SCE_IRQHandler
                0x080003e8                DMA2_Stream2_IRQHandler
                0x080003e8                SPI1_IRQHandler
                0x080003e8                TIM1_BRK_TIM9_IRQHandler
                0x080003e8                CAN2_RX0_IRQHandler
                0x080003e8                DMA2_Stream3_IRQHandler
                0x080003e8                USART6_IRQHandler
                0x080003e8                USART3_IRQHandler
                0x080003e8                CAN1_RX1_IRQHandler
                0x080003e8                UART5_IRQHandler
                0x080003e8                DMA2_Stream0_IRQHandler
                0x080003e8                TIM4_IRQHandler
                0x080003e8                I2C1_EV_IRQHandler
                0x080003e8                DMA1_Stream6_IRQHandler
                0x080003e8                DMA1_Stream1_IRQHandler
                0x080003e8                UART4_IRQHandler
                0x080003e8                TIM3_IRQHandler
                0x080003e8                RCC_IRQHandler
                0x080003e8                TIM8_BRK_TIM12_IRQHandler
                0x080003e8                Default_Handler
                0x080003e8                EXTI15_10_IRQHandler
                0x080003e8                ADC_IRQHandler
                0x080003e8                DMA1_Stream7_IRQHandler
                0x080003e8                TIM7_IRQHandler
                0x080003e8                CAN2_TX_IRQHandler
                0x080003e8                TIM5_IRQHandler
                0x080003e8                DMA2_Stream7_IRQHandler
                0x080003e8                I2C3_EV_IRQHandler
                0x080003e8                EXTI9_5_IRQHandler
                0x080003e8                RTC_WKUP_IRQHandler
                0x080003e8                SPI2_IRQHandler
                0x080003e8                OTG_HS_EP1_IN_IRQHandler
                0x080003e8                DMA1_Stream0_IRQHandler
                0x080003e8                CAN1_TX_IRQHandler
                0x080003e8                EXTI4_IRQHandler
                0x080003e8                OTG_HS_EP1_OUT_IRQHandler
                0x080003e8                WWDG_IRQHandler
                0x080003e8                TIM2_IRQHandler
                0x080003e8                OTG_FS_WKUP_IRQHandler
                0x080003e8                TIM1_TRG_COM_TIM11_IRQHandler
                0x080003e8                OTG_HS_IRQHandler
                0x080003e8                EXTI1_IRQHandler
                0x080003e8                USART2_IRQHandler
                0x080003e8                I2C2_ER_IRQHandler
                0x080003e8                DMA2_Stream1_IRQHandler
                0x080003e8                CAN1_SCE_IRQHandler
                0x080003e8                FLASH_IRQHandler
                0x080003e8                DMA2_Stream4_IRQHandler
                0x080003e8                USART1_IRQHandler
                0x080003e8                OTG_FS_IRQHandler
                0x080003e8                SPI3_IRQHandler
                0x080003e8                DMA1_Stream4_IRQHandler
                0x080003e8                I2C1_ER_IRQHandler
                0x080003e8                FMC_IRQHandler
                0x080003e8                DMA2_Stream6_IRQHandler
                0x080003e8                DMA1_Stream3_IRQHandler

.inits          0x080003ec       0x28
                0x080003ec                __data_regions_array_start = .
                0x080003ec        0x4 LONG 0x800876c LOADADDR (.data)
                0x080003f0        0x4 LONG 0x20000000 ADDR (.data)
                0x080003f4        0x4 LONG 0x200000f8 (ADDR (.data) + SIZEOF (.data))
                0x080003f8        0x4 LONG 0x800876c LOADADDR (.data_CCMRAM)
                0x080003fc        0x4 LONG 0x10000000 ADDR (.data_CCMRAM)
                0x08000400        0x4 LONG 0x10000000 (ADDR (.data_CCMRAM) + SIZEOF (.data_CCMRAM))
                0x08000404                __data_regions_array_end = .
                0x08000404                __bss_regions_array_start = .
                0x08000404        0x4 LONG 0x200000f8 ADDR (.bss)
                0x08000408        0x4 LONG 0x20003ac4 (ADDR (.bss) + SIZEOF (.bss))
                0x0800040c        0x4 LONG 0x10000000 ADDR (.bss_CCMRAM)
                0x08000410        0x4 LONG 0x10000000 (ADDR (.bss_CCMRAM) + SIZEOF (.bss_CCMRAM))
                0x08000414                __bss_regions_array_end = .
 *(.init)
 *(.fini)
                0x08000414                . = ALIGN (0x4)
                0x08000414                PROVIDE (__preinit_array_start, .)
 *(.preinit_array_sysinit .preinit_array_sysinit.*)
 *(.preinit_array_platform .preinit_array_platform.*)
 *(.preinit_array .preinit_array.*)
                0x08000414                PROVIDE (__preinit_array_end, .)
                0x08000414                . = ALIGN (0x4)
                0x08000414                PROVIDE (__init_array_start, .)
 *(SORT(.init_array.*))
 *(.init_array)
                0x08000414                PROVIDE (__init_array_end, .)
                0x08000414                . = ALIGN (0x4)
                0x08000414                PROVIDE (__fini_array_start, .)
 *(SORT(.fini_array.*))
 *(.fini_array)
                0x08000414                PROVIDE (__fini_array_end, .)

.flashtext
 *(.flashtext .flashtext.*)

.text           0x08000440     0x832c
 *(.text .text.*)
 .text.HAL_Init
                0x08000440       0x34 ./system/src/stm32f4-hal/stm32f4xx_hal.o
                0x08000440                HAL_Init
 .text.HAL_IncTick
                0x08000474       0x10 ./system/src/stm32f4-hal/stm32f4xx_hal.o
                0x08000474                HAL_IncTick
 .text.HAL_GetTick
                0x08000484        0xc ./system/src/stm32f4-hal/stm32f4xx_hal.o
                0x08000484                HAL_GetTick
 .text.HAL_NVIC_SetPriorityGrouping
                0x08000490       0x3c ./system/src/stm32f4-hal/stm32f4xx_hal_cortex.o
                0x08000490                HAL_NVIC_SetPriorityGrouping
 .text.HAL_NVIC_SetPriority
                0x080004cc       0x84 ./system/src/stm32f4-hal/stm32f4xx_hal_cortex.o
                0x080004cc                HAL_NVIC_SetPriority
 .text.HAL_NVIC_EnableIRQ
                0x08000550       0x2c ./system/src/stm32f4-hal/stm32f4xx_hal_cortex.o
                0x08000550                HAL_NVIC_EnableIRQ
 .text.HAL_SYSTICK_Config
                0x0800057c       0x2c ./system/src/stm32f4-hal/stm32f4xx_hal_cortex.o
                0x0800057c                HAL_SYSTICK_Config
 .text.HAL_SYSTICK_CLKSourceConfig
                0x080005a8       0x38 ./system/src/stm32f4-hal/stm32f4xx_hal_cortex.o
                0x080005a8                HAL_SYSTICK_CLKSourceConfig
 .text.DMA_SetConfig
                0x080005e0       0x2c ./system/src/stm32f4-hal/stm32f4xx_hal_dma.o
 .text.DMA_CalcBaseAndBitshift
                0x0800060c       0x3c ./system/src/stm32f4-hal/stm32f4xx_hal_dma.o
 .text.DMA_CheckFifoParam
                0x08000648       0xa0 ./system/src/stm32f4-hal/stm32f4xx_hal_dma.o
 .text.HAL_DMA_Init
                0x080006e8      0x270 ./system/src/stm32f4-hal/stm32f4xx_hal_dma.o
                0x080006e8                HAL_DMA_Init
 .text.HAL_DMA_Start
                0x08000958       0x74 ./system/src/stm32f4-hal/stm32f4xx_hal_dma.o
                0x08000958                HAL_DMA_Start
 .text.HAL_GPIO_Init
                0x080009cc      0x324 ./system/src/stm32f4-hal/stm32f4xx_hal_gpio.o
                0x080009cc                HAL_GPIO_Init
 .text.HAL_RCC_OscConfig
                0x08000cf0      0x448 ./system/src/stm32f4-hal/stm32f4xx_hal_rcc.o
                0x08000cf0                HAL_RCC_OscConfig
 .text.HAL_RCC_GetSysClockFreq
                0x08001138       0xa4 ./system/src/stm32f4-hal/stm32f4xx_hal_rcc.o
                0x08001138                HAL_RCC_GetSysClockFreq
 .text.HAL_RCC_ClockConfig
                0x080011dc      0x264 ./system/src/stm32f4-hal/stm32f4xx_hal_rcc.o
                0x080011dc                HAL_RCC_ClockConfig
 .text.HAL_RCC_GetHCLKFreq
                0x08001440        0xc ./system/src/stm32f4-hal/stm32f4xx_hal_rcc.o
                0x08001440                HAL_RCC_GetHCLKFreq
 .text.HAL_RCC_GetPCLK1Freq
                0x0800144c       0x30 ./system/src/stm32f4-hal/stm32f4xx_hal_rcc.o
                0x0800144c                HAL_RCC_GetPCLK1Freq
 .text.HAL_RCC_GetPCLK2Freq
                0x0800147c       0x30 ./system/src/stm32f4-hal/stm32f4xx_hal_rcc.o
                0x0800147c                HAL_RCC_GetPCLK2Freq
 .text.HAL_RCC_GetClockConfig
                0x080014ac       0x3c ./system/src/stm32f4-hal/stm32f4xx_hal_rcc.o
                0x080014ac                HAL_RCC_GetClockConfig
 .text.HAL_TIM_Base_MspInit
                0x080014e8        0x4 ./system/src/stm32f4-hal/stm32f4xx_hal_tim.o
                0x080014e8                HAL_TIM_Base_MspInit
 .text.HAL_TIM_Base_Start_IT
                0x080014ec       0x9c ./system/src/stm32f4-hal/stm32f4xx_hal_tim.o
                0x080014ec                HAL_TIM_Base_Start_IT
 .text.HAL_TIM_OC_DelayElapsedCallback
                0x08001588        0x4 ./system/src/stm32f4-hal/stm32f4xx_hal_tim.o
                0x08001588                HAL_TIM_OC_DelayElapsedCallback
 .text.HAL_TIM_IC_CaptureCallback
                0x0800158c        0x4 ./system/src/stm32f4-hal/stm32f4xx_hal_tim.o
                0x0800158c                HAL_TIM_IC_CaptureCallback
 .text.HAL_TIM_PWM_PulseFinishedCallback
                0x08001590        0x4 ./system/src/stm32f4-hal/stm32f4xx_hal_tim.o
                0x08001590                HAL_TIM_PWM_PulseFinishedCallback
 .text.HAL_TIM_TriggerCallback
                0x08001594        0x4 ./system/src/stm32f4-hal/stm32f4xx_hal_tim.o
                0x08001594                HAL_TIM_TriggerCallback
 .text.HAL_TIM_IRQHandler
                0x08001598      0x174 ./system/src/stm32f4-hal/stm32f4xx_hal_tim.o
                0x08001598                HAL_TIM_IRQHandler
 .text.TIM_Base_SetConfig
                0x0800170c      0x11c ./system/src/stm32f4-hal/stm32f4xx_hal_tim.o
                0x0800170c                TIM_Base_SetConfig
 .text.HAL_TIM_Base_Init
                0x08001828       0xec ./system/src/stm32f4-hal/stm32f4xx_hal_tim.o
                0x08001828                HAL_TIM_Base_Init
 .text.HAL_TIMEx_CommutationCallback
                0x08001914        0x4 ./system/src/stm32f4-hal/stm32f4xx_hal_tim_ex.o
                0x08001914                HAL_TIMEx_CommutationCallback
 .text.HAL_TIMEx_BreakCallback
                0x08001918        0x4 ./system/src/stm32f4-hal/stm32f4xx_hal_tim_ex.o
                0x08001918                HAL_TIMEx_BreakCallback
 .text.USART_SetConfig
                0x0800191c      0x220 ./system/src/stm32f4-hal/stm32f4xx_hal_usart.o
 .text.USART_WaitOnFlagUntilTimeout
                0x08001b3c       0x78 ./system/src/stm32f4-hal/stm32f4xx_hal_usart.o
 .text.HAL_USART_Init
                0x08001bb4       0x88 ./system/src/stm32f4-hal/stm32f4xx_hal_usart.o
                0x08001bb4                HAL_USART_Init
 .text.HAL_USART_Transmit
                0x08001c3c       0xe4 ./system/src/stm32f4-hal/stm32f4xx_hal_usart.o
                0x08001c3c                HAL_USART_Transmit
 .text._exit    0x08001d20        0x4 ./system/src/newlib/_exit.o
                0x08001d20                _exit
 .text.abort    0x08001d24       0x14 ./system/src/newlib/_exit.o
                0x08001d24                abort
 .text._sbrk    0x08001d38       0x44 ./system/src/newlib/_sbrk.o
                0x08001d38                _sbrk
 .text.__initialize_args
                0x08001d7c       0x10 ./system/src/newlib/_syscalls.o
                0x08001d7c                __initialize_args
 .text._close   0x08001d8c       0x10 ./system/src/newlib/_syscalls.o
                0x08001d8c                _close
 .text._fstat   0x08001d9c       0x10 ./system/src/newlib/_syscalls.o
                0x08001d9c                _fstat
 .text._isatty  0x08001dac       0x10 ./system/src/newlib/_syscalls.o
                0x08001dac                _isatty
 .text._lseek   0x08001dbc       0x10 ./system/src/newlib/_syscalls.o
                0x08001dbc                _lseek
 .text._read    0x08001dcc       0x10 ./system/src/newlib/_syscalls.o
                0x08001dcc                _read
 .text.__assert_func
                0x08001ddc       0x34 ./system/src/newlib/assert.o
                0x08001ddc                __assert_func
 .text.assert_failed
                0x08001e10       0x14 ./system/src/newlib/assert.o
                0x08001e10                assert_failed
 .text.trace_printf
                0x08001e24       0x30 ./system/src/diag/Trace.o
                0x08001e24                trace_printf
 .text.trace_puts
                0x08001e54       0x20 ./system/src/diag/Trace.o
                0x08001e54                trace_puts
 .text._trace_write_semihosting_debug
                0x08001e74       0x64 ./system/src/diag/trace_impl.o
 .text.trace_write
                0x08001ed8        0x8 ./system/src/diag/trace_impl.o
                0x08001ed8                trace_write
 .text.__initialize_hardware_early
                0x08001ee0       0x24 ./system/src/cortexm/_initialize_hardware.o
                0x08001ee0                __initialize_hardware_early
 .text.dumpExceptionStack
                0x08001f04       0xf0 ./system/src/cortexm/exception_handlers.o
                0x08001f04                dumpExceptionStack
 .text.isSemihosting
                0x08001ff4       0x20 ./system/src/cortexm/exception_handlers.o
                0x08001ff4                isSemihosting
 .text.SystemInit
                0x08002014       0x4c ./system/src/cmsis/system_stm32f4xx.o
                0x08002014                SystemInit
 .text.SystemCoreClockUpdate
                0x08002060       0xa0 ./system/src/cmsis/system_stm32f4xx.o
                0x08002060                SystemCoreClockUpdate
 .text.HAL_MspInit
                0x08002100        0x4 ./system-usr/src_/stm32f4xx_hal_msp.o
                0x08002100                HAL_MspInit
 .text.HAL_USART_MspInit
                0x08002104       0xec ./system-usr/src_/stm32f4xx_hal_msp.o
                0x08002104                HAL_USART_MspInit
 .text.HAL_InitTick
                0x080021f0       0x88 ./system-usr/src_/stm32f4xx_hal_timebase_tim.o
                0x080021f0                HAL_InitTick
 .text.HAL_TIM_PeriodElapsedCallback
                0x08002278        0x8 ./system-usr/src_/stm32f4xx_hal_timebase_tim.o
                0x08002278                HAL_TIM_PeriodElapsedCallback
 .text.TIM6_DAC_IRQHandler
                0x08002280       0x10 ./system-usr/src_/stm32f4xx_hal_timebase_tim.o
                0x08002280                TIM6_DAC_IRQHandler
 .text.IMU_task
                0x08002290       0x64 ./src/drivers/MPU9255.o
                0x08002290                IMU_task
 .text.GPS_task
                0x080022f4       0xc8 ./src/drivers/gps_nmea.o
                0x080022f4                GPS_task
 .text.SystemClock_Config
                0x080023bc       0x9c ./src/_initialize_hardware.o
                0x080023bc                SystemClock_Config
 .text.__initialize_hardware
                0x08002458       0x10 ./src/_initialize_hardware.o
                0x08002458                __initialize_hardware
 .text._write   0x08002468       0x28 ./src/_write.o
                0x08002468                _write
 .text.main     0x08002490      0x108 ./src/main.o
                0x08002490                main
 .text.prvPortStartFirstTask
                0x08002598       0x28 ./FreeRTOS/portable/GCC/ARM_CM4F/port.o
 .text.vPortEnableVFP
                0x080025c0       0x14 ./FreeRTOS/portable/GCC/ARM_CM4F/port.o
 .text.prvTaskExitError
                0x080025d4       0x64 ./FreeRTOS/portable/GCC/ARM_CM4F/port.o
 .text.pxPortInitialiseStack
                0x08002638       0x2c ./FreeRTOS/portable/GCC/ARM_CM4F/port.o
                0x08002638                pxPortInitialiseStack
 *fill*         0x08002664        0xc 
 .text.SVC_Handler
                0x08002670       0x24 ./FreeRTOS/portable/GCC/ARM_CM4F/port.o
                0x08002670                SVC_Handler
 .text.vPortEnterCritical
                0x08002694       0x68 ./FreeRTOS/portable/GCC/ARM_CM4F/port.o
                0x08002694                vPortEnterCritical
 .text.vPortExitCritical
                0x080026fc       0x4c ./FreeRTOS/portable/GCC/ARM_CM4F/port.o
                0x080026fc                vPortExitCritical
 *fill*         0x08002748        0x8 
 .text.PendSV_Handler
                0x08002750       0x64 ./FreeRTOS/portable/GCC/ARM_CM4F/port.o
                0x08002750                PendSV_Handler
 .text.SysTick_Handler
                0x080027b4       0x2c ./FreeRTOS/portable/GCC/ARM_CM4F/port.o
                0x080027b4                SysTick_Handler
 .text.vPortSetupTimerInterrupt
                0x080027e0       0x38 ./FreeRTOS/portable/GCC/ARM_CM4F/port.o
                0x080027e0                vPortSetupTimerInterrupt
 .text.xPortStartScheduler
                0x08002818      0x164 ./FreeRTOS/portable/GCC/ARM_CM4F/port.o
                0x08002818                xPortStartScheduler
 .text.vApplicationStackOverflowHook
                0x0800297c       0x10 ./FreeRTOS-usr/hooks.o
                0x0800297c                vApplicationStackOverflowHook
 .text.vApplicationGetIdleTaskMemory
                0x0800298c       0x18 ./FreeRTOS-usr/hooks.o
                0x0800298c                vApplicationGetIdleTaskMemory
 .text.vListInitialise
                0x080029a4       0x18 ./FreeRTOS/list.o
                0x080029a4                vListInitialise
 .text.vListInitialiseItem
                0x080029bc        0x8 ./FreeRTOS/list.o
                0x080029bc                vListInitialiseItem
 .text.vListInsertEnd
                0x080029c4       0x18 ./FreeRTOS/list.o
                0x080029c4                vListInsertEnd
 .text.vListInsert
                0x080029dc       0x34 ./FreeRTOS/list.o
                0x080029dc                vListInsert
 .text.uxListRemove
                0x08002a10       0x28 ./FreeRTOS/list.o
                0x08002a10                uxListRemove
 .text.prvResetNextTaskUnblockTime
                0x08002a38       0x34 ./FreeRTOS/tasks.o
 .text.prvInitialiseNewTask
                0x08002a6c       0x90 ./FreeRTOS/tasks.o
 .text.prvInitialiseTaskLists
                0x08002afc       0x68 ./FreeRTOS/tasks.o
 .text.prvAddNewTaskToReadyList
                0x08002b64       0xac ./FreeRTOS/tasks.o
 .text.prvCheckTasksWaitingTermination
                0x08002c10       0x40 ./FreeRTOS/tasks.o
 .text.prvIdleTask
                0x08002c50       0x28 ./FreeRTOS/tasks.o
 .text.prvAddCurrentTaskToDelayedList
                0x08002c78       0x98 ./FreeRTOS/tasks.o
 .text.xTaskCreateStatic
                0x08002d10       0xb8 ./FreeRTOS/tasks.o
                0x08002d10                xTaskCreateStatic
 .text.vTaskStartScheduler
                0x08002dc8       0x74 ./FreeRTOS/tasks.o
                0x08002dc8                vTaskStartScheduler
 .text.vTaskSuspendAll
                0x08002e3c       0x10 ./FreeRTOS/tasks.o
                0x08002e3c                vTaskSuspendAll
 .text.xTaskIncrementTick
                0x08002e4c      0x144 ./FreeRTOS/tasks.o
                0x08002e4c                xTaskIncrementTick
 .text.xTaskResumeAll
                0x08002f90      0x118 ./FreeRTOS/tasks.o
                0x08002f90                xTaskResumeAll
 .text.vTaskDelay
                0x080030a8       0x6c ./FreeRTOS/tasks.o
                0x080030a8                vTaskDelay
 .text.vTaskSwitchContext
                0x08003114       0xe8 ./FreeRTOS/tasks.o
                0x08003114                vTaskSwitchContext
 .text          0x080031fc      0x370 /usr/lib/gcc/arm-none-eabi/5.4.1/armv7e-m/fpu/libgcc.a(_arm_addsubdf3.o)
                0x080031fc                __aeabi_drsub
                0x08003204                __aeabi_dsub
                0x08003204                __subdf3
                0x08003208                __adddf3
                0x08003208                __aeabi_dadd
                0x08003480                __aeabi_ui2d
                0x08003480                __floatunsidf
                0x080034a0                __floatsidf
                0x080034a0                __aeabi_i2d
                0x080034c4                __extendsfdf2
                0x080034c4                __aeabi_f2d
                0x08003500                __aeabi_ul2d
                0x08003500                __floatundidf
                0x08003510                __floatdidf
                0x08003510                __aeabi_l2d
 .text          0x0800356c      0x424 /usr/lib/gcc/arm-none-eabi/5.4.1/armv7e-m/fpu/libgcc.a(_arm_muldivdf3.o)
                0x0800356c                __aeabi_dmul
                0x0800356c                __muldf3
                0x080037c0                __aeabi_ddiv
                0x080037c0                __divdf3
 .text          0x08003990      0x110 /usr/lib/gcc/arm-none-eabi/5.4.1/armv7e-m/fpu/libgcc.a(_arm_cmpdf2.o)
                0x08003990                __gtdf2
                0x08003990                __gedf2
                0x08003998                __ltdf2
                0x08003998                __ledf2
                0x080039a0                __cmpdf2
                0x080039a0                __eqdf2
                0x080039a0                __nedf2
                0x08003a1c                __aeabi_cdrcmple
                0x08003a2c                __aeabi_cdcmple
                0x08003a2c                __aeabi_cdcmpeq
                0x08003a3c                __aeabi_dcmpeq
                0x08003a50                __aeabi_dcmplt
                0x08003a64                __aeabi_dcmple
                0x08003a78                __aeabi_dcmpge
                0x08003a8c                __aeabi_dcmpgt
 .text          0x08003aa0       0x2c /usr/lib/gcc/arm-none-eabi/5.4.1/armv7e-m/fpu/libgcc.a(_arm_unorddf2.o)
                0x08003aa0                __aeabi_dcmpun
                0x08003aa0                __unorddf2
 .text          0x08003acc        0xc /usr/lib/gcc/arm-none-eabi/5.4.1/../../../arm-none-eabi/lib/armv7e-m/fpu/libg_nano.a(lib_a-errno.o)
                0x08003acc                __errno
 .text          0x08003ad8      0x134 /usr/lib/gcc/arm-none-eabi/5.4.1/../../../arm-none-eabi/lib/armv7e-m/fpu/libg_nano.a(lib_a-memcpy.o)
                0x08003ad8                memcpy
 .text          0x08003c0c       0x9c /usr/lib/gcc/arm-none-eabi/5.4.1/../../../arm-none-eabi/lib/armv7e-m/fpu/libg_nano.a(lib_a-memset.o)
                0x08003c0c                memset
 .text          0x08003ca8      0x714 /usr/lib/gcc/arm-none-eabi/5.4.1/../../../arm-none-eabi/lib/armv7e-m/fpu/libg_nano.a(lib_a-nano-vfprintf_float.o)
                0x08003ca8                __cvt
                0x08003dd0                __exponent
                0x08003e60                _printf_float
 .text          0x080043bc      0x3d8 /usr/lib/gcc/arm-none-eabi/5.4.1/../../../arm-none-eabi/lib/armv7e-m/fpu/libg_nano.a(lib_a-nano-vfprintf_i.o)
                0x080043bc                _printf_common
                0x080044ec                _printf_i
 .text          0x08004794       0x60 /usr/lib/gcc/arm-none-eabi/5.4.1/../../../arm-none-eabi/lib/armv7e-m/fpu/libg_nano.a(lib_a-printf.o)
                0x08004794                _printf_r
                0x08004794                _iprintf_r
                0x080047c0                printf
                0x080047c0                iprintf
 *fill*         0x080047f4        0xc 
 .text          0x08004800      0x2dc /usr/lib/gcc/arm-none-eabi/5.4.1/../../../arm-none-eabi/lib/armv7e-m/fpu/libg_nano.a(lib_a-strcmp.o)
                0x08004808                strcmp
 *fill*         0x08004adc       0x24 
 .text          0x08004b00       0xdc /usr/lib/gcc/arm-none-eabi/5.4.1/../../../arm-none-eabi/lib/armv7e-m/fpu/libg_nano.a(lib_a-strlen.o)
                0x08004b00                strlen
 .text          0x08004bdc       0x94 /usr/lib/gcc/arm-none-eabi/5.4.1/../../../arm-none-eabi/lib/armv7e-m/fpu/libg_nano.a(lib_a-vsnprintf.o)
                0x08004bdc                _vsnprintf_r
                0x08004bdc                _vsniprintf_r
                0x08004c50                vsnprintf
                0x08004c50                vsniprintf
 .text          0x08004c70      0xfa0 /usr/lib/gcc/arm-none-eabi/5.4.1/../../../arm-none-eabi/lib/armv7e-m/fpu/libg_nano.a(lib_a-dtoa.o)
                0x08004d98                _dtoa_r
 .text          0x08005c10      0x22c /usr/lib/gcc/arm-none-eabi/5.4.1/../../../arm-none-eabi/lib/armv7e-m/fpu/libg_nano.a(lib_a-findfp.o)
                0x08005c14                _cleanup_r
                0x08005c24                __sfmoreglue
                0x08005c54                __sfp
                0x08005de8                _cleanup
                0x08005dfc                __sinit
                0x08005e04                __sfp_lock_acquire
                0x08005e08                __sfp_lock_release
                0x08005e0c                __sinit_lock_acquire
                0x08005e10                __sinit_lock_release
                0x08005e14                __fp_lock_all
                0x08005e28                __fp_unlock_all
 .text          0x08005e3c       0xa0 /usr/lib/gcc/arm-none-eabi/5.4.1/../../../arm-none-eabi/lib/armv7e-m/fpu/libg_nano.a(lib_a-fwalk.o)
                0x08005e3c                _fwalk
                0x08005e88                _fwalk_reent
 .text          0x08005edc       0x80 /usr/lib/gcc/arm-none-eabi/5.4.1/../../../arm-none-eabi/lib/armv7e-m/fpu/libg_nano.a(lib_a-locale.o)
                0x08005edc                _setlocale_r
                0x08005f1c                __locale_charset
                0x08005f24                __locale_mb_cur_max
                0x08005f30                __locale_msgcharset
                0x08005f38                __locale_cjk_lang
                0x08005f3c                _localeconv_r
                0x08005f44                setlocale
                0x08005f54                localeconv
 .text          0x08005f5c       0x20 /usr/lib/gcc/arm-none-eabi/5.4.1/../../../arm-none-eabi/lib/armv7e-m/fpu/libg_nano.a(lib_a-malloc.o)
                0x08005f5c                malloc
                0x08005f6c                free
 *fill*         0x08005f7c        0x4 
 .text          0x08005f80       0xa0 /usr/lib/gcc/arm-none-eabi/5.4.1/../../../arm-none-eabi/lib/armv7e-m/fpu/libg_nano.a(lib_a-memchr.o)
                0x08005f80                memchr
 .text          0x08006020      0x96c /usr/lib/gcc/arm-none-eabi/5.4.1/../../../arm-none-eabi/lib/armv7e-m/fpu/libg_nano.a(lib_a-mprec.o)
                0x08006020                _Balloc
                0x08006088                _Bfree
                0x080060c0                __multadd
                0x0800613c                __s2b
                0x080061d4                __hi0bits
                0x08006214                __lo0bits
                0x08006270                __i2b
                0x08006284                __multiply
                0x080063b4                __pow5mult
                0x0800646c                __lshift
                0x08006514                __mcmp
                0x08006558                __mdiff
                0x0800666c                __ulp
                0x080066c0                __b2d
                0x08006790                __d2b
                0x0800684c                __ratio
                0x080068ac                _mprec_log10
                0x080068e4                __copybits
                0x0800692c                __any_on
 .text          0x0800698c       0x1c /usr/lib/gcc/arm-none-eabi/5.4.1/../../../arm-none-eabi/lib/armv7e-m/fpu/libg_nano.a(lib_a-nano-callocr.o)
                0x0800698c                _calloc_r
 .text          0x080069a8       0x8c /usr/lib/gcc/arm-none-eabi/5.4.1/../../../arm-none-eabi/lib/armv7e-m/fpu/libg_nano.a(lib_a-nano-freer.o)
                0x080069a8                _free_r
 .text          0x08006a34       0xbc /usr/lib/gcc/arm-none-eabi/5.4.1/../../../arm-none-eabi/lib/armv7e-m/fpu/libg_nano.a(lib_a-nano-mallocr.o)
                0x08006a34                _malloc_r
 .text          0x08006af0      0x3f8 /usr/lib/gcc/arm-none-eabi/5.4.1/../../../arm-none-eabi/lib/armv7e-m/fpu/libg_nano.a(lib_a-nano-svfprintf.o)
                0x08006af0                __ssputs_r
                0x08006bbc                __ssprint_r
                0x08006cbc                _svfprintf_r
                0x08006cbc                _svfiprintf_r
 .text          0x08006ee8      0x2fc /usr/lib/gcc/arm-none-eabi/5.4.1/../../../arm-none-eabi/lib/armv7e-m/fpu/libg_nano.a(lib_a-nano-vfprintf.o)
                0x08006f1c                __sfputs_r
                0x08006f48                __sprint_r
                0x08006f64                _vfiprintf_r
                0x08006f64                _vfprintf_r
                0x080071cc                vfiprintf
                0x080071cc                vfprintf
 .text          0x080071e4       0x24 /usr/lib/gcc/arm-none-eabi/5.4.1/../../../arm-none-eabi/lib/armv7e-m/fpu/libg_nano.a(lib_a-sbrkr.o)
                0x080071e4                _sbrk_r
 .text          0x08007208       0x8c /usr/lib/gcc/arm-none-eabi/5.4.1/../../../arm-none-eabi/lib/armv7e-m/fpu/libg_nano.a(lib_a-stdio.o)
                0x08007208                __sread
                0x0800722c                __seofread
                0x08007230                __swrite
                0x0800726c                __sseek
                0x0800728c                __sclose
 .text          0x08007294       0xc4 /usr/lib/gcc/arm-none-eabi/5.4.1/../../../arm-none-eabi/lib/armv7e-m/fpu/libg_nano.a(lib_a-wbuf.o)
                0x08007294                __swbuf_r
                0x08007348                __swbuf
 .text          0x08007358       0x2c /usr/lib/gcc/arm-none-eabi/5.4.1/../../../arm-none-eabi/lib/armv7e-m/fpu/libg_nano.a(lib_a-writer.o)
                0x08007358                _write_r
 .text          0x08007384       0xf4 /usr/lib/gcc/arm-none-eabi/5.4.1/../../../arm-none-eabi/lib/armv7e-m/fpu/libg_nano.a(lib_a-wsetup.o)
                0x08007384                __swsetup_r
 .text          0x08007478       0x24 /usr/lib/gcc/arm-none-eabi/5.4.1/../../../arm-none-eabi/lib/armv7e-m/fpu/libg_nano.a(lib_a-closer.o)
                0x08007478                _close_r
 .text          0x0800749c      0x1b8 /usr/lib/gcc/arm-none-eabi/5.4.1/../../../arm-none-eabi/lib/armv7e-m/fpu/libg_nano.a(lib_a-fflush.o)
                0x0800749c                __sflush_r
                0x080075cc                _fflush_r
                0x08007630                fflush
 .text          0x08007654      0x304 /usr/lib/gcc/arm-none-eabi/5.4.1/../../../arm-none-eabi/lib/armv7e-m/fpu/libg_nano.a(lib_a-fvwrite.o)
                0x08007654                __sfvwrite_r
 .text          0x08007958       0x2c /usr/lib/gcc/arm-none-eabi/5.4.1/../../../arm-none-eabi/lib/armv7e-m/fpu/libg_nano.a(lib_a-lseekr.o)
                0x08007958                _lseek_r
 .text          0x08007984       0xe4 /usr/lib/gcc/arm-none-eabi/5.4.1/../../../arm-none-eabi/lib/armv7e-m/fpu/libg_nano.a(lib_a-makebuf.o)
                0x08007984                __swhatbuf_r
                0x080079e0                __smakebuf_r
 .text          0x08007a68       0xc8 /usr/lib/gcc/arm-none-eabi/5.4.1/../../../arm-none-eabi/lib/armv7e-m/fpu/libg_nano.a(lib_a-memmove.o)
                0x08007a68                memmove
 .text          0x08007b30       0x48 /usr/lib/gcc/arm-none-eabi/5.4.1/../../../arm-none-eabi/lib/armv7e-m/fpu/libg_nano.a(lib_a-nano-reallocr.o)
                0x08007b30                _realloc_r
 .text          0x08007b78       0x2c /usr/lib/gcc/arm-none-eabi/5.4.1/../../../arm-none-eabi/lib/armv7e-m/fpu/libg_nano.a(lib_a-readr.o)
                0x08007b78                _read_r
 .text          0x08007ba4       0x28 /usr/lib/gcc/arm-none-eabi/5.4.1/../../../arm-none-eabi/lib/armv7e-m/fpu/libg_nano.a(lib_a-fstatr.o)
                0x08007ba4                _fstat_r
 .text          0x08007bcc       0x24 /usr/lib/gcc/arm-none-eabi/5.4.1/../../../arm-none-eabi/lib/armv7e-m/fpu/libg_nano.a(lib_a-isattyr.o)
                0x08007bcc                _isatty_r
 .text          0x08007bf0       0x14 /usr/lib/gcc/arm-none-eabi/5.4.1/../../../arm-none-eabi/lib/armv7e-m/fpu/libg_nano.a(lib_a-nano-msizer.o)
                0x08007bf0                _malloc_usable_size_r
 .text          0x08007c04       0x50 /usr/lib/gcc/arm-none-eabi/5.4.1/armv7e-m/fpu/libgcc.a(_arm_fixdfsi.o)
                0x08007c04                __fixdfsi
                0x08007c04                __aeabi_d2iz
 *(.rodata .rodata.* .constdata .constdata.*)
 .rodata.str1.4
                0x08007c54       0x31 ./system/src/stm32f4-hal/stm32f4xx_hal_cortex.o
 *fill*         0x08007c85        0x3 
 .rodata.str1.4
                0x08007c88       0x2e ./system/src/stm32f4-hal/stm32f4xx_hal_dma.o
 *fill*         0x08007cb6        0x2 
 .rodata.flagBitshiftOffset.10119
                0x08007cb8        0x8 ./system/src/stm32f4-hal/stm32f4xx_hal_dma.o
 .rodata.str1.4
                0x08007cc0       0x2f ./system/src/stm32f4-hal/stm32f4xx_hal_gpio.o
 *fill*         0x08007cef        0x1 
 .rodata.APBAHBPrescTable
                0x08007cf0       0x10 ./system/src/stm32f4-hal/stm32f4xx_hal_rcc.o
                0x08007cf0                APBAHBPrescTable
 .rodata.str1.4
                0x08007d00       0x2e ./system/src/stm32f4-hal/stm32f4xx_hal_rcc.o
 *fill*         0x08007d2e        0x2 
 .rodata.str1.4
                0x08007d30       0x2e ./system/src/stm32f4-hal/stm32f4xx_hal_tim.o
 *fill*         0x08007d5e        0x2 
 .rodata.str1.4
                0x08007d60       0x30 ./system/src/stm32f4-hal/stm32f4xx_hal_usart.o
 .rodata.str1.4
                0x08007d90       0x14 ./system/src/newlib/_exit.o
 .rodata.str1.4
                0x08007da4       0x6b ./system/src/newlib/assert.o
                                 0x6f (size before relaxing)
 *fill*         0x08007e0f        0x1 
 .rodata.str1.4
                0x08007e10       0x29 ./system/src/diag/Trace.o
                                 0x2d (size before relaxing)
 *fill*         0x08007e39        0x3 
 .rodata.str1.4
                0x08007e3c      0x146 ./system/src/cortexm/exception_handlers.o
 *fill*         0x08007f82        0x2 
 .rodata.AHBPrescTable
                0x08007f84       0x10 ./system/src/cmsis/system_stm32f4xx.o
                0x08007f84                AHBPrescTable
 .rodata.str1.4
                0x08007f94       0x37 ./src/drivers/gps_nmea.o
 *fill*         0x08007fcb        0x1 
 .rodata.str1.4
                0x08007fcc        0x8 ./src/main.o
 .rodata.__func__.4606
                0x08007fd4       0x11 ./FreeRTOS/portable/GCC/ARM_CM4F/port.o
 *fill*         0x08007fe5        0x3 
 .rodata.__func__.4619
                0x08007fe8       0x14 ./FreeRTOS/portable/GCC/ARM_CM4F/port.o
 .rodata.str1.4
                0x08007ffc      0x1fb ./FreeRTOS/portable/GCC/ARM_CM4F/port.o
 *fill*         0x080081f7        0x1 
 .rodata.__func__.4633
                0x080081f8       0x13 ./FreeRTOS/portable/GCC/ARM_CM4F/port.o
 *fill*         0x0800820b        0x1 
 .rodata.__func__.4637
                0x0800820c       0x12 ./FreeRTOS/portable/GCC/ARM_CM4F/port.o
 *fill*         0x0800821e        0x2 
 .rodata.str1.4
                0x08008220       0x16 ./FreeRTOS-usr/hooks.o
 *fill*         0x08008236        0x2 
 .rodata.__func__.5470
                0x08008238       0x12 ./FreeRTOS/tasks.o
 *fill*         0x0800824a        0x2 
 .rodata.__func__.5620
                0x0800824c       0x13 ./FreeRTOS/tasks.o
 *fill*         0x0800825f        0x1 
 .rodata.__func__.5629
                0x08008260       0x13 ./FreeRTOS/tasks.o
 *fill*         0x08008273        0x1 
 .rodata.__func__.5579
                0x08008274        0xf ./FreeRTOS/tasks.o
 *fill*         0x08008283        0x1 
 .rodata.__func__.5509
                0x08008284        0xb ./FreeRTOS/tasks.o
 *fill*         0x0800828f        0x1 
 .rodata.str1.4
                0x08008290      0x2df ./FreeRTOS/tasks.o
 *fill*         0x0800856f        0x1 
 .rodata        0x08008570        0x4 /usr/lib/gcc/arm-none-eabi/5.4.1/../../../arm-none-eabi/lib/armv7e-m/fpu/libg_nano.a(lib_a-impure.o)
                0x08008570                _global_impure_ptr
 .rodata.str1.4
                0x08008574        0x2 /usr/lib/gcc/arm-none-eabi/5.4.1/../../../arm-none-eabi/lib/armv7e-m/fpu/libg_nano.a(lib_a-impure.o)
 *fill*         0x08008576        0x2 
 .rodata.str1.4
                0x08008578       0x10 /usr/lib/gcc/arm-none-eabi/5.4.1/../../../arm-none-eabi/lib/armv7e-m/fpu/libg_nano.a(lib_a-nano-vfprintf_float.o)
                                 0x12 (size before relaxing)
 .rodata.str1.4
                0x08008588       0x25 /usr/lib/gcc/arm-none-eabi/5.4.1/../../../arm-none-eabi/lib/armv7e-m/fpu/libg_nano.a(lib_a-nano-vfprintf_i.o)
 *fill*         0x080085ad        0x3 
 .rodata.str1.4
                0x080085b0       0x10 /usr/lib/gcc/arm-none-eabi/5.4.1/../../../arm-none-eabi/lib/armv7e-m/fpu/libg_nano.a(lib_a-dtoa.o)
                                 0x12 (size before relaxing)
 .rodata        0x080085c0       0x60 /usr/lib/gcc/arm-none-eabi/5.4.1/../../../arm-none-eabi/lib/armv7e-m/fpu/libg_nano.a(lib_a-findfp.o)
                0x080085c0                __sf_fake_stderr
                0x080085e0                __sf_fake_stdout
                0x08008600                __sf_fake_stdin
 .rodata.str1.4
                0x08008620        0xa /usr/lib/gcc/arm-none-eabi/5.4.1/../../../arm-none-eabi/lib/armv7e-m/fpu/libg_nano.a(lib_a-locale.o)
                                 0x12 (size before relaxing)
 *fill*         0x0800862a        0x6 
 .rodata        0x08008630      0x128 /usr/lib/gcc/arm-none-eabi/5.4.1/../../../arm-none-eabi/lib/armv7e-m/fpu/libg_nano.a(lib_a-mprec.o)
                0x08008640                __mprec_tens
                0x08008708                __mprec_tinytens
                0x08008730                __mprec_bigtens
 .rodata.str1.4
                0x08008758       0x14 /usr/lib/gcc/arm-none-eabi/5.4.1/../../../arm-none-eabi/lib/armv7e-m/fpu/libg_nano.a(lib_a-nano-svfprintf.o)
                                 0x13 (size before relaxing)
 .rodata.str1.4
                0x0800876c       0x13 /usr/lib/gcc/arm-none-eabi/5.4.1/../../../arm-none-eabi/lib/armv7e-m/fpu/libg_nano.a(lib_a-nano-vfprintf.o)
 *(vtable)
 *(.eh_frame*)
 *(.glue_7)
 .glue_7        0x0800876c        0x0 linker stubs
 *(.glue_7t)
 .glue_7t       0x0800876c        0x0 linker stubs

.vfp11_veneer   0x0800876c        0x0
 .vfp11_veneer  0x0800876c        0x0 linker stubs

.v4_bx          0x0800876c        0x0
 .v4_bx         0x0800876c        0x0 linker stubs

.iplt           0x0800876c        0x0
 .iplt          0x0800876c        0x0 ./system/src/stm32f4-hal/stm32f4xx_hal.o

.rel.dyn        0x0800876c        0x0
 .rel.iplt      0x0800876c        0x0 ./system/src/stm32f4-hal/stm32f4xx_hal.o

.ARM.extab
 *(.ARM.extab* .gnu.linkonce.armextab.*)
                0x0800876c                . = ALIGN (0x4)
                0x0800876c                __exidx_start = .

.ARM.exidx
 *(.ARM.exidx* .gnu.linkonce.armexidx.*)
                0x0800876c                __exidx_end = .
                0x0800876c                . = ALIGN (0x4)
                0x0800876c                _etext = .
                0x0800876c                __etext = .

.data_CCMRAM    0x10000000        0x0 load address 0x0800876c
 FILL mask 0xff
 *(.data.CCMRAM .data.CCMRAM.*)
                0x10000000                . = ALIGN (0x4)
                0x0800876c                _sidata = LOADADDR (.data)

.data           0x20000000       0xf8 load address 0x0800876c
 FILL mask 0xff
                0x20000000                _sdata = .
                0x20000000                __data_start__ = .
 *(.data_begin .data_begin.*)
 .data_begin    0x20000000        0x4 ./system/src/newlib/_startup.o
 *(.data .data.*)
 .data.argv.4764
                0x20000004        0x8 ./system/src/newlib/_syscalls.o
 .data.SystemCoreClock
                0x2000000c        0x4 ./system/src/cmsis/system_stm32f4xx.o
                0x2000000c                SystemCoreClock
 .data.uxCriticalNesting
                0x20000010        0x4 ./FreeRTOS/portable/GCC/ARM_CM4F/port.o
 .data          0x20000014       0x64 /usr/lib/gcc/arm-none-eabi/5.4.1/../../../arm-none-eabi/lib/armv7e-m/fpu/libg_nano.a(lib_a-impure.o)
                0x20000014                _impure_ptr
 .data          0x20000078       0x7c /usr/lib/gcc/arm-none-eabi/5.4.1/../../../arm-none-eabi/lib/armv7e-m/fpu/libg_nano.a(lib_a-locale.o)
                0x20000098                __mb_cur_max
 *(.data_end .data_end.*)
 .data_end      0x200000f4        0x4 ./system/src/newlib/_startup.o
                0x200000f8                . = ALIGN (0x4)
                0x200000f8                _edata = .
                0x200000f8                __data_end__ = .

.igot.plt       0x200000f8        0x0 load address 0x08008864
 .igot.plt      0x200000f8        0x0 ./system/src/stm32f4-hal/stm32f4xx_hal.o

.bss_CCMRAM     0x10000000        0x0
 *(.bss.CCMRAM .bss.CCMRAM.*)

.bss            0x200000f8     0x39cc
                0x200000f8                __bss_start__ = .
                0x200000f8                _sbss = .
 *(.bss_begin .bss_begin.*)
 .bss_begin     0x200000f8        0x4 ./system/src/newlib/_startup.o
 *(.bss .bss.*)
 .bss.current_heap_end.4455
                0x200000fc        0x4 ./system/src/newlib/_sbrk.o
 .bss.name.4763
                0x20000100        0x1 ./system/src/newlib/_syscalls.o
 *fill*         0x20000101        0x3 
 .bss.buf.5647  0x20000104       0x80 ./system/src/diag/Trace.o
 .bss._dma_buffer
                0x20000184      0x1f4 ./src/drivers/gps_nmea.o
 .bss._gpsTaskObj
                0x20000378       0x58 ./src/main.o
 .bss._IMUTaskStack
                0x200003d0     0x2000 ./src/main.o
 .bss._IMUTaskObj
                0x200023d0       0x58 ./src/main.o
 .bss._gpsTaskStack
                0x20002428     0x1000 ./src/main.o
 .bss.ucMaxSysCallPriority
                0x20003428        0x1 ./FreeRTOS/portable/GCC/ARM_CM4F/port.o
 *fill*         0x20003429        0x3 
 .bss.ulMaxPRIGROUPValue
                0x2000342c        0x4 ./FreeRTOS/portable/GCC/ARM_CM4F/port.o
 .bss.uxIdleTaskStack.5567
                0x20003430      0x208 ./FreeRTOS-usr/hooks.o
 .bss.xIdleTaskTCB.5566
                0x20003638       0x58 ./FreeRTOS-usr/hooks.o
 .bss.xTickCount
                0x20003690        0x4 ./FreeRTOS/tasks.o
 .bss.pxDelayedTaskList
                0x20003694        0x4 ./FreeRTOS/tasks.o
 .bss.uxCurrentNumberOfTasks
                0x20003698        0x4 ./FreeRTOS/tasks.o
 .bss.pxCurrentTCB
                0x2000369c        0x4 ./FreeRTOS/tasks.o
                0x2000369c                pxCurrentTCB
 .bss.xNextTaskUnblockTime
                0x200036a0        0x4 ./FreeRTOS/tasks.o
 .bss.uxDeletedTasksWaitingCleanUp
                0x200036a4        0x4 ./FreeRTOS/tasks.o
 .bss.xDelayedTaskList2
                0x200036a8       0x14 ./FreeRTOS/tasks.o
 .bss.xTasksWaitingTermination
                0x200036bc       0x14 ./FreeRTOS/tasks.o
 .bss.xSchedulerRunning
                0x200036d0        0x4 ./FreeRTOS/tasks.o
 .bss.uxPendedTicks
                0x200036d4        0x4 ./FreeRTOS/tasks.o
 .bss.uxTaskNumber
                0x200036d8        0x4 ./FreeRTOS/tasks.o
 .bss.uxTopReadyPriority
                0x200036dc        0x4 ./FreeRTOS/tasks.o
 .bss.xPendingReadyList
                0x200036e0       0x14 ./FreeRTOS/tasks.o
 .bss.pxOverflowDelayedTaskList
                0x200036f4        0x4 ./FreeRTOS/tasks.o
 .bss.xYieldPending
                0x200036f8        0x4 ./FreeRTOS/tasks.o
 .bss.pxReadyTasksLists
                0x200036fc       0x64 ./FreeRTOS/tasks.o
 .bss.uxSchedulerSuspended
                0x20003760        0x4 ./FreeRTOS/tasks.o
 .bss.xNumOfOverflows
                0x20003764        0x4 ./FreeRTOS/tasks.o
 .bss.xDelayedTaskList1
                0x20003768       0x14 ./FreeRTOS/tasks.o
 .bss.xSuspendedTaskList
                0x2000377c       0x14 ./FreeRTOS/tasks.o
 .bss           0x20003790        0x8 /usr/lib/gcc/arm-none-eabi/5.4.1/../../../arm-none-eabi/lib/armv7e-m/fpu/libg_nano.a(lib_a-nano-mallocr.o)
                0x20003790                __malloc_free_list
                0x20003794                __malloc_sbrk_start
 *(COMMON)
 COMMON         0x20003798        0x4 ./system/src/stm32f4-hal/stm32f4xx_hal.o
                0x20003798                uwTick
 COMMON         0x2000379c        0x4 ./system/src/newlib/_syscalls.o
                0x2000379c                errno
 COMMON         0x200037a0       0x3c ./system-usr/src_/stm32f4xx_hal_timebase_tim.o
                0x200037a0                TimHandle
 COMMON         0x200037dc      0x2e4 ./src/main.o
                0x200037dc                state_zero
                0x20003808                state_system_prev
                0x20003818                usart_GPS
                0x2000385c                stateCamera_orient_prev
                0x20003864                usart_dbg
                0x200038a8                state_system
                0x200038b8                stateSensors
                0x200038c4                i2c_mpu9255
                0x20003918                stateIMU_isc_prev
                0x20003964                stateCamera_orient
                0x2000396c                stateGPS
                0x2000397c                stateIMU_isc
                0x200039c8                stateIMU_raw
                0x200039dc                spi_nRF24L01
                0x20003a34                stateIMU_rsc
                0x20003a58                stateSensors_raw
                0x20003a5c                stateTasks_flags
                0x20003a60                dma_GPS
 *(.bss_end .bss_end.*)
 .bss_end       0x20003ac0        0x4 ./system/src/newlib/_startup.o
                0x20003ac4                . = ALIGN (0x4)
                0x20003ac4                __bss_end__ = .
                0x20003ac4                _ebss = .

.noinit_CCMRAM
 *(.noinit.CCMRAM .noinit.CCMRAM.*)

.noinit         0x20003ac4        0x0
                0x20003ac4                _noinit = .
 *(.noinit .noinit.*)
                0x20003ac4                . = ALIGN (0x4)
                0x20003ac4                _end_noinit = .
                [!provide]                PROVIDE (end, _end_noinit)
                [!provide]                PROVIDE (_end, _end_noinit)
                [!provide]                PROVIDE (__end, _end_noinit)
                [!provide]                PROVIDE (__end__, _end_noinit)

._check_stack   0x20003ac4      0x100
                0x20003bc4                . = (. + _Minimum_Stack_Size)
 *fill*         0x20003ac4      0x100 

.b1text
 *(.b1text)
 *(.b1rodata)
 *(.b1rodata.*)

.eb0text
 *(.eb0text)
 *(.eb0rodata)
 *(.eb0rodata.*)

.eb1text
 *(.eb1text)
 *(.eb1rodata)
 *(.eb1rodata.*)

.eb2text
 *(.eb2text)
 *(.eb2rodata)
 *(.eb2rodata.*)

.eb3text
 *(.eb3text)
 *(.eb3rodata)
 *(.eb3rodata.*)

.stab
 *(.stab)

.stabstr
 *(.stabstr)

.stab.excl
 *(.stab.excl)

.stab.exclstr
 *(.stab.exclstr)

.stab.index
 *(.stab.index)

.stab.indexstr
 *(.stab.indexstr)

.comment        0x00000000       0x2b
 *(.comment)
 .comment       0x00000000       0x2b ./system/src/stm32f4-hal/stm32f4xx_hal.o
                                 0x2c (size before relaxing)
 .comment       0x0000002b       0x2c ./system/src/stm32f4-hal/stm32f4xx_hal_cortex.o
 .comment       0x0000002b       0x2c ./system/src/stm32f4-hal/stm32f4xx_hal_dma.o
 .comment       0x0000002b       0x2c ./system/src/stm32f4-hal/stm32f4xx_hal_gpio.o
 .comment       0x0000002b       0x2c ./system/src/stm32f4-hal/stm32f4xx_hal_rcc.o
 .comment       0x0000002b       0x2c ./system/src/stm32f4-hal/stm32f4xx_hal_tim.o
 .comment       0x0000002b       0x2c ./system/src/stm32f4-hal/stm32f4xx_hal_tim_ex.o
 .comment       0x0000002b       0x2c ./system/src/stm32f4-hal/stm32f4xx_hal_usart.o
 .comment       0x0000002b       0x2c ./system/src/newlib/_exit.o
 .comment       0x0000002b       0x2c ./system/src/newlib/_sbrk.o
 .comment       0x0000002b       0x2c ./system/src/newlib/_startup.o
 .comment       0x0000002b       0x2c ./system/src/newlib/_syscalls.o
 .comment       0x0000002b       0x2c ./system/src/newlib/assert.o
 .comment       0x0000002b       0x2c ./system/src/diag/Trace.o
 .comment       0x0000002b       0x2c ./system/src/diag/trace_impl.o
 .comment       0x0000002b       0x2c ./system/src/cortexm/_initialize_hardware.o
 .comment       0x0000002b       0x2c ./system/src/cortexm/exception_handlers.o
 .comment       0x0000002b       0x2c ./system/src/cmsis/system_stm32f4xx.o
 .comment       0x0000002b       0x2c ./system/src/cmsis/vectors_stm32f405xx.o
 .comment       0x0000002b       0x2c ./system-usr/src_/stm32f4xx_hal_msp.o
 .comment       0x0000002b       0x2c ./system-usr/src_/stm32f4xx_hal_timebase_tim.o
 .comment       0x0000002b       0x2c ./src/drivers/MPU9255.o
 .comment       0x0000002b       0x2c ./src/drivers/gps_nmea.o
 .comment       0x0000002b       0x2c ./src/_initialize_hardware.o
 .comment       0x0000002b       0x2c ./src/_write.o
 .comment       0x0000002b       0x2c ./src/main.o
 .comment       0x0000002b       0x2c ./FreeRTOS/portable/GCC/ARM_CM4F/port.o
 .comment       0x0000002b       0x2c ./FreeRTOS-usr/hooks.o
 .comment       0x0000002b       0x2c ./FreeRTOS/list.o
 .comment       0x0000002b       0x2c ./FreeRTOS/tasks.o
 .comment       0x0000002b       0x2c /usr/lib/gcc/arm-none-eabi/5.4.1/../../../arm-none-eabi/lib/armv7e-m/fpu/libg_nano.a(lib_a-errno.o)
 .comment       0x0000002b       0x2c /usr/lib/gcc/arm-none-eabi/5.4.1/../../../arm-none-eabi/lib/armv7e-m/fpu/libg_nano.a(lib_a-impure.o)
 .comment       0x0000002b       0x2c /usr/lib/gcc/arm-none-eabi/5.4.1/../../../arm-none-eabi/lib/armv7e-m/fpu/libg_nano.a(lib_a-memset.o)
 .comment       0x0000002b       0x2c /usr/lib/gcc/arm-none-eabi/5.4.1/../../../arm-none-eabi/lib/armv7e-m/fpu/libg_nano.a(lib_a-nano-vfprintf_float.o)
 .comment       0x0000002b       0x2c /usr/lib/gcc/arm-none-eabi/5.4.1/../../../arm-none-eabi/lib/armv7e-m/fpu/libg_nano.a(lib_a-nano-vfprintf_i.o)
 .comment       0x0000002b       0x2c /usr/lib/gcc/arm-none-eabi/5.4.1/../../../arm-none-eabi/lib/armv7e-m/fpu/libg_nano.a(lib_a-printf.o)
 .comment       0x0000002b       0x2c /usr/lib/gcc/arm-none-eabi/5.4.1/../../../arm-none-eabi/lib/armv7e-m/fpu/libg_nano.a(lib_a-vsnprintf.o)
 .comment       0x0000002b       0x2c /usr/lib/gcc/arm-none-eabi/5.4.1/../../../arm-none-eabi/lib/armv7e-m/fpu/libg_nano.a(lib_a-dtoa.o)
 .comment       0x0000002b       0x2c /usr/lib/gcc/arm-none-eabi/5.4.1/../../../arm-none-eabi/lib/armv7e-m/fpu/libg_nano.a(lib_a-findfp.o)
 .comment       0x0000002b       0x2c /usr/lib/gcc/arm-none-eabi/5.4.1/../../../arm-none-eabi/lib/armv7e-m/fpu/libg_nano.a(lib_a-fwalk.o)
 .comment       0x0000002b       0x2c /usr/lib/gcc/arm-none-eabi/5.4.1/../../../arm-none-eabi/lib/armv7e-m/fpu/libg_nano.a(lib_a-locale.o)
 .comment       0x0000002b       0x2c /usr/lib/gcc/arm-none-eabi/5.4.1/../../../arm-none-eabi/lib/armv7e-m/fpu/libg_nano.a(lib_a-malloc.o)
 .comment       0x0000002b       0x2c /usr/lib/gcc/arm-none-eabi/5.4.1/../../../arm-none-eabi/lib/armv7e-m/fpu/libg_nano.a(lib_a-mprec.o)
 .comment       0x0000002b       0x2c /usr/lib/gcc/arm-none-eabi/5.4.1/../../../arm-none-eabi/lib/armv7e-m/fpu/libg_nano.a(lib_a-nano-callocr.o)
 .comment       0x0000002b       0x2c /usr/lib/gcc/arm-none-eabi/5.4.1/../../../arm-none-eabi/lib/armv7e-m/fpu/libg_nano.a(lib_a-nano-freer.o)
 .comment       0x0000002b       0x2c /usr/lib/gcc/arm-none-eabi/5.4.1/../../../arm-none-eabi/lib/armv7e-m/fpu/libg_nano.a(lib_a-nano-mallocr.o)
 .comment       0x0000002b       0x2c /usr/lib/gcc/arm-none-eabi/5.4.1/../../../arm-none-eabi/lib/armv7e-m/fpu/libg_nano.a(lib_a-nano-svfprintf.o)
 .comment       0x0000002b       0x2c /usr/lib/gcc/arm-none-eabi/5.4.1/../../../arm-none-eabi/lib/armv7e-m/fpu/libg_nano.a(lib_a-nano-vfprintf.o)
 .comment       0x0000002b       0x2c /usr/lib/gcc/arm-none-eabi/5.4.1/../../../arm-none-eabi/lib/armv7e-m/fpu/libg_nano.a(lib_a-sbrkr.o)
 .comment       0x0000002b       0x2c /usr/lib/gcc/arm-none-eabi/5.4.1/../../../arm-none-eabi/lib/armv7e-m/fpu/libg_nano.a(lib_a-stdio.o)
 .comment       0x0000002b       0x2c /usr/lib/gcc/arm-none-eabi/5.4.1/../../../arm-none-eabi/lib/armv7e-m/fpu/libg_nano.a(lib_a-wbuf.o)
 .comment       0x0000002b       0x2c /usr/lib/gcc/arm-none-eabi/5.4.1/../../../arm-none-eabi/lib/armv7e-m/fpu/libg_nano.a(lib_a-writer.o)
 .comment       0x0000002b       0x2c /usr/lib/gcc/arm-none-eabi/5.4.1/../../../arm-none-eabi/lib/armv7e-m/fpu/libg_nano.a(lib_a-wsetup.o)
 .comment       0x0000002b       0x2c /usr/lib/gcc/arm-none-eabi/5.4.1/../../../arm-none-eabi/lib/armv7e-m/fpu/libg_nano.a(lib_a-closer.o)
 .comment       0x0000002b       0x2c /usr/lib/gcc/arm-none-eabi/5.4.1/../../../arm-none-eabi/lib/armv7e-m/fpu/libg_nano.a(lib_a-fflush.o)
 .comment       0x0000002b       0x2c /usr/lib/gcc/arm-none-eabi/5.4.1/../../../arm-none-eabi/lib/armv7e-m/fpu/libg_nano.a(lib_a-fvwrite.o)
 .comment       0x0000002b       0x2c /usr/lib/gcc/arm-none-eabi/5.4.1/../../../arm-none-eabi/lib/armv7e-m/fpu/libg_nano.a(lib_a-lseekr.o)
 .comment       0x0000002b       0x2c /usr/lib/gcc/arm-none-eabi/5.4.1/../../../arm-none-eabi/lib/armv7e-m/fpu/libg_nano.a(lib_a-makebuf.o)
 .comment       0x0000002b       0x2c /usr/lib/gcc/arm-none-eabi/5.4.1/../../../arm-none-eabi/lib/armv7e-m/fpu/libg_nano.a(lib_a-memmove.o)
 .comment       0x0000002b       0x2c /usr/lib/gcc/arm-none-eabi/5.4.1/../../../arm-none-eabi/lib/armv7e-m/fpu/libg_nano.a(lib_a-nano-reallocr.o)
 .comment       0x0000002b       0x2c /usr/lib/gcc/arm-none-eabi/5.4.1/../../../arm-none-eabi/lib/armv7e-m/fpu/libg_nano.a(lib_a-readr.o)
 .comment       0x0000002b       0x2c /usr/lib/gcc/arm-none-eabi/5.4.1/../../../arm-none-eabi/lib/armv7e-m/fpu/libg_nano.a(lib_a-fstatr.o)
 .comment       0x0000002b       0x2c /usr/lib/gcc/arm-none-eabi/5.4.1/../../../arm-none-eabi/lib/armv7e-m/fpu/libg_nano.a(lib_a-isattyr.o)
 .comment       0x0000002b       0x2c /usr/lib/gcc/arm-none-eabi/5.4.1/../../../arm-none-eabi/lib/armv7e-m/fpu/libg_nano.a(lib_a-nano-msizer.o)

.ARM.attributes
                0x00000000       0x37
 .ARM.attributes
                0x00000000       0x39 ./system/src/stm32f4-hal/stm32f4xx_hal.o
 .ARM.attributes
                0x00000039       0x39 ./system/src/stm32f4-hal/stm32f4xx_hal_cortex.o
 .ARM.attributes
                0x00000072       0x39 ./system/src/stm32f4-hal/stm32f4xx_hal_dma.o
 .ARM.attributes
                0x000000ab       0x39 ./system/src/stm32f4-hal/stm32f4xx_hal_gpio.o
 .ARM.attributes
                0x000000e4       0x39 ./system/src/stm32f4-hal/stm32f4xx_hal_rcc.o
 .ARM.attributes
                0x0000011d       0x39 ./system/src/stm32f4-hal/stm32f4xx_hal_tim.o
 .ARM.attributes
                0x00000156       0x39 ./system/src/stm32f4-hal/stm32f4xx_hal_tim_ex.o
 .ARM.attributes
                0x0000018f       0x39 ./system/src/stm32f4-hal/stm32f4xx_hal_usart.o
 .ARM.attributes
                0x000001c8       0x39 ./system/src/newlib/_exit.o
 .ARM.attributes
                0x00000201       0x39 ./system/src/newlib/_sbrk.o
 .ARM.attributes
                0x0000023a       0x39 ./system/src/newlib/_startup.o
 .ARM.attributes
                0x00000273       0x39 ./system/src/newlib/_syscalls.o
 .ARM.attributes
                0x000002ac       0x39 ./system/src/newlib/assert.o
 .ARM.attributes
                0x000002e5       0x39 ./system/src/diag/Trace.o
 .ARM.attributes
                0x0000031e       0x39 ./system/src/diag/trace_impl.o
 .ARM.attributes
                0x00000357       0x39 ./system/src/cortexm/_initialize_hardware.o
 .ARM.attributes
                0x00000390       0x39 ./system/src/cortexm/exception_handlers.o
 .ARM.attributes
                0x000003c9       0x39 ./system/src/cmsis/system_stm32f4xx.o
 .ARM.attributes
                0x00000402       0x39 ./system/src/cmsis/vectors_stm32f405xx.o
 .ARM.attributes
                0x0000043b       0x39 ./system-usr/src_/stm32f4xx_hal_msp.o
 .ARM.attributes
                0x00000474       0x39 ./system-usr/src_/stm32f4xx_hal_timebase_tim.o
 .ARM.attributes
                0x000004ad       0x39 ./src/drivers/MPU9255.o
 .ARM.attributes
                0x000004e6       0x39 ./src/drivers/gps_nmea.o
 .ARM.attributes
                0x0000051f       0x39 ./src/_initialize_hardware.o
 .ARM.attributes
                0x00000558       0x39 ./src/_write.o
 .ARM.attributes
                0x00000591       0x39 ./src/main.o
 .ARM.attributes
                0x000005ca       0x39 ./FreeRTOS/portable/GCC/ARM_CM4F/port.o
 .ARM.attributes
                0x00000603       0x39 ./FreeRTOS-usr/hooks.o
 .ARM.attributes
                0x0000063c       0x39 ./FreeRTOS/list.o
 .ARM.attributes
                0x00000675       0x39 ./FreeRTOS/tasks.o
 .ARM.attributes
                0x000006ae       0x22 /usr/lib/gcc/arm-none-eabi/5.4.1/armv7e-m/fpu/libgcc.a(_arm_addsubdf3.o)
 .ARM.attributes
                0x000006d0       0x22 /usr/lib/gcc/arm-none-eabi/5.4.1/armv7e-m/fpu/libgcc.a(_arm_muldivdf3.o)
 .ARM.attributes
                0x000006f2       0x22 /usr/lib/gcc/arm-none-eabi/5.4.1/armv7e-m/fpu/libgcc.a(_arm_cmpdf2.o)
 .ARM.attributes
                0x00000714       0x22 /usr/lib/gcc/arm-none-eabi/5.4.1/armv7e-m/fpu/libgcc.a(_arm_unorddf2.o)
 .ARM.attributes
                0x00000736       0x34 /usr/lib/gcc/arm-none-eabi/5.4.1/../../../arm-none-eabi/lib/armv7e-m/fpu/libg_nano.a(lib_a-errno.o)
 .ARM.attributes
                0x0000076a       0x34 /usr/lib/gcc/arm-none-eabi/5.4.1/../../../arm-none-eabi/lib/armv7e-m/fpu/libg_nano.a(lib_a-impure.o)
 .ARM.attributes
                0x0000079e       0x20 /usr/lib/gcc/arm-none-eabi/5.4.1/../../../arm-none-eabi/lib/armv7e-m/fpu/libg_nano.a(lib_a-memcpy.o)
 .ARM.attributes
                0x000007be       0x34 /usr/lib/gcc/arm-none-eabi/5.4.1/../../../arm-none-eabi/lib/armv7e-m/fpu/libg_nano.a(lib_a-memset.o)
 .ARM.attributes
                0x000007f2       0x34 /usr/lib/gcc/arm-none-eabi/5.4.1/../../../arm-none-eabi/lib/armv7e-m/fpu/libg_nano.a(lib_a-nano-vfprintf_float.o)
 .ARM.attributes
                0x00000826       0x34 /usr/lib/gcc/arm-none-eabi/5.4.1/../../../arm-none-eabi/lib/armv7e-m/fpu/libg_nano.a(lib_a-nano-vfprintf_i.o)
 .ARM.attributes
                0x0000085a       0x34 /usr/lib/gcc/arm-none-eabi/5.4.1/../../../arm-none-eabi/lib/armv7e-m/fpu/libg_nano.a(lib_a-printf.o)
 .ARM.attributes
                0x0000088e       0x20 /usr/lib/gcc/arm-none-eabi/5.4.1/../../../arm-none-eabi/lib/armv7e-m/fpu/libg_nano.a(lib_a-strcmp.o)
 .ARM.attributes
                0x000008ae       0x20 /usr/lib/gcc/arm-none-eabi/5.4.1/../../../arm-none-eabi/lib/armv7e-m/fpu/libg_nano.a(lib_a-strlen.o)
 .ARM.attributes
                0x000008ce       0x34 /usr/lib/gcc/arm-none-eabi/5.4.1/../../../arm-none-eabi/lib/armv7e-m/fpu/libg_nano.a(lib_a-vsnprintf.o)
 .ARM.attributes
                0x00000902       0x34 /usr/lib/gcc/arm-none-eabi/5.4.1/../../../arm-none-eabi/lib/armv7e-m/fpu/libg_nano.a(lib_a-dtoa.o)
 .ARM.attributes
                0x00000936       0x34 /usr/lib/gcc/arm-none-eabi/5.4.1/../../../arm-none-eabi/lib/armv7e-m/fpu/libg_nano.a(lib_a-findfp.o)
 .ARM.attributes
                0x0000096a       0x34 /usr/lib/gcc/arm-none-eabi/5.4.1/../../../arm-none-eabi/lib/armv7e-m/fpu/libg_nano.a(lib_a-fwalk.o)
 .ARM.attributes
                0x0000099e       0x34 /usr/lib/gcc/arm-none-eabi/5.4.1/../../../arm-none-eabi/lib/armv7e-m/fpu/libg_nano.a(lib_a-locale.o)
 .ARM.attributes
                0x000009d2       0x34 /usr/lib/gcc/arm-none-eabi/5.4.1/../../../arm-none-eabi/lib/armv7e-m/fpu/libg_nano.a(lib_a-malloc.o)
 .ARM.attributes
                0x00000a06       0x20 /usr/lib/gcc/arm-none-eabi/5.4.1/../../../arm-none-eabi/lib/armv7e-m/fpu/libg_nano.a(lib_a-memchr.o)
 .ARM.attributes
                0x00000a26       0x34 /usr/lib/gcc/arm-none-eabi/5.4.1/../../../arm-none-eabi/lib/armv7e-m/fpu/libg_nano.a(lib_a-mprec.o)
 .ARM.attributes
                0x00000a5a       0x34 /usr/lib/gcc/arm-none-eabi/5.4.1/../../../arm-none-eabi/lib/armv7e-m/fpu/libg_nano.a(lib_a-nano-callocr.o)
 .ARM.attributes
                0x00000a8e       0x34 /usr/lib/gcc/arm-none-eabi/5.4.1/../../../arm-none-eabi/lib/armv7e-m/fpu/libg_nano.a(lib_a-nano-freer.o)
 .ARM.attributes
                0x00000ac2       0x34 /usr/lib/gcc/arm-none-eabi/5.4.1/../../../arm-none-eabi/lib/armv7e-m/fpu/libg_nano.a(lib_a-nano-mallocr.o)
 .ARM.attributes
                0x00000af6       0x34 /usr/lib/gcc/arm-none-eabi/5.4.1/../../../arm-none-eabi/lib/armv7e-m/fpu/libg_nano.a(lib_a-nano-svfprintf.o)
 .ARM.attributes
                0x00000b2a       0x34 /usr/lib/gcc/arm-none-eabi/5.4.1/../../../arm-none-eabi/lib/armv7e-m/fpu/libg_nano.a(lib_a-nano-vfprintf.o)
 .ARM.attributes
                0x00000b5e       0x34 /usr/lib/gcc/arm-none-eabi/5.4.1/../../../arm-none-eabi/lib/armv7e-m/fpu/libg_nano.a(lib_a-sbrkr.o)
 .ARM.attributes
                0x00000b92       0x34 /usr/lib/gcc/arm-none-eabi/5.4.1/../../../arm-none-eabi/lib/armv7e-m/fpu/libg_nano.a(lib_a-stdio.o)
 .ARM.attributes
                0x00000bc6       0x34 /usr/lib/gcc/arm-none-eabi/5.4.1/../../../arm-none-eabi/lib/armv7e-m/fpu/libg_nano.a(lib_a-wbuf.o)
 .ARM.attributes
                0x00000bfa       0x34 /usr/lib/gcc/arm-none-eabi/5.4.1/../../../arm-none-eabi/lib/armv7e-m/fpu/libg_nano.a(lib_a-writer.o)
 .ARM.attributes
                0x00000c2e       0x34 /usr/lib/gcc/arm-none-eabi/5.4.1/../../../arm-none-eabi/lib/armv7e-m/fpu/libg_nano.a(lib_a-wsetup.o)
 .ARM.attributes
                0x00000c62       0x34 /usr/lib/gcc/arm-none-eabi/5.4.1/../../../arm-none-eabi/lib/armv7e-m/fpu/libg_nano.a(lib_a-closer.o)
 .ARM.attributes
                0x00000c96       0x34 /usr/lib/gcc/arm-none-eabi/5.4.1/../../../arm-none-eabi/lib/armv7e-m/fpu/libg_nano.a(lib_a-fflush.o)
 .ARM.attributes
                0x00000cca       0x34 /usr/lib/gcc/arm-none-eabi/5.4.1/../../../arm-none-eabi/lib/armv7e-m/fpu/libg_nano.a(lib_a-fvwrite.o)
 .ARM.attributes
                0x00000cfe       0x34 /usr/lib/gcc/arm-none-eabi/5.4.1/../../../arm-none-eabi/lib/armv7e-m/fpu/libg_nano.a(lib_a-lseekr.o)
 .ARM.attributes
                0x00000d32       0x34 /usr/lib/gcc/arm-none-eabi/5.4.1/../../../arm-none-eabi/lib/armv7e-m/fpu/libg_nano.a(lib_a-makebuf.o)
 .ARM.attributes
                0x00000d66       0x34 /usr/lib/gcc/arm-none-eabi/5.4.1/../../../arm-none-eabi/lib/armv7e-m/fpu/libg_nano.a(lib_a-memmove.o)
 .ARM.attributes
                0x00000d9a       0x34 /usr/lib/gcc/arm-none-eabi/5.4.1/../../../arm-none-eabi/lib/armv7e-m/fpu/libg_nano.a(lib_a-nano-reallocr.o)
 .ARM.attributes
                0x00000dce       0x34 /usr/lib/gcc/arm-none-eabi/5.4.1/../../../arm-none-eabi/lib/armv7e-m/fpu/libg_nano.a(lib_a-readr.o)
 .ARM.attributes
                0x00000e02       0x34 /usr/lib/gcc/arm-none-eabi/5.4.1/../../../arm-none-eabi/lib/armv7e-m/fpu/libg_nano.a(lib_a-fstatr.o)
 .ARM.attributes
                0x00000e36       0x34 /usr/lib/gcc/arm-none-eabi/5.4.1/../../../arm-none-eabi/lib/armv7e-m/fpu/libg_nano.a(lib_a-isattyr.o)
 .ARM.attributes
                0x00000e6a       0x34 /usr/lib/gcc/arm-none-eabi/5.4.1/../../../arm-none-eabi/lib/armv7e-m/fpu/libg_nano.a(lib_a-nano-msizer.o)
 .ARM.attributes
                0x00000e9e       0x22 /usr/lib/gcc/arm-none-eabi/5.4.1/armv7e-m/fpu/libgcc.a(_arm_fixdfsi.o)

.debug
 *(.debug)

.line
 *(.line)

.debug_srcinfo
 *(.debug_srcinfo)

.debug_sfnames
 *(.debug_sfnames)

.debug_aranges  0x00000000     0x1538
 *(.debug_aranges)
 .debug_aranges
                0x00000000       0xc0 ./system/src/stm32f4-hal/stm32f4xx_hal.o
 .debug_aranges
                0x000000c0       0x98 ./system/src/stm32f4-hal/stm32f4xx_hal_cortex.o
 .debug_aranges
                0x00000158       0x90 ./system/src/stm32f4-hal/stm32f4xx_hal_dma.o
 .debug_aranges
                0x000001e8       0x58 ./system/src/stm32f4-hal/stm32f4xx_hal_gpio.o
 .debug_aranges
                0x00000240       0x88 ./system/src/stm32f4-hal/stm32f4xx_hal_rcc.o
 .debug_aranges
                0x000002c8      0x368 ./system/src/stm32f4-hal/stm32f4xx_hal_tim.o
 .debug_aranges
                0x00000630      0x140 ./system/src/stm32f4-hal/stm32f4xx_hal_tim_ex.o
 .debug_aranges
                0x00000770      0x150 ./system/src/stm32f4-hal/stm32f4xx_hal_usart.o
 .debug_aranges
                0x000008c0       0x28 ./system/src/newlib/_exit.o
 .debug_aranges
                0x000008e8       0x20 ./system/src/newlib/_sbrk.o
 .debug_aranges
                0x00000908       0x40 ./system/src/newlib/_startup.o
 .debug_aranges
                0x00000948       0xd0 ./system/src/newlib/_syscalls.o
 .debug_aranges
                0x00000a18       0x28 ./system/src/newlib/assert.o
 .debug_aranges
                0x00000a40       0x38 ./system/src/diag/Trace.o
 .debug_aranges
                0x00000a78       0x30 ./system/src/diag/trace_impl.o
 .debug_aranges
                0x00000aa8       0x28 ./system/src/cortexm/_initialize_hardware.o
 .debug_aranges
                0x00000ad0       0x90 ./system/src/cortexm/exception_handlers.o
 .debug_aranges
                0x00000b60       0x28 ./system/src/cmsis/system_stm32f4xx.o
 .debug_aranges
                0x00000b88       0x20 ./system/src/cmsis/vectors_stm32f405xx.o
 .debug_aranges
                0x00000ba8       0x50 ./system-usr/src_/stm32f4xx_hal_msp.o
 .debug_aranges
                0x00000bf8       0x40 ./system-usr/src_/stm32f4xx_hal_timebase_tim.o
 .debug_aranges
                0x00000c38       0x68 ./src/drivers/MPU9255.o
 .debug_aranges
                0x00000ca0       0x20 ./src/drivers/gps_nmea.o
 .debug_aranges
                0x00000cc0       0x28 ./src/_initialize_hardware.o
 .debug_aranges
                0x00000ce8       0x20 ./src/_write.o
 .debug_aranges
                0x00000d08       0x20 ./src/main.o
 .debug_aranges
                0x00000d28       0x80 ./FreeRTOS/portable/GCC/ARM_CM4F/port.o
 .debug_aranges
                0x00000da8       0x28 ./FreeRTOS-usr/hooks.o
 .debug_aranges
                0x00000dd0       0x40 ./FreeRTOS/list.o
 .debug_aranges
                0x00000e10      0x1d0 ./FreeRTOS/tasks.o
 .debug_aranges
                0x00000fe0       0x20 /usr/lib/gcc/arm-none-eabi/5.4.1/armv7e-m/fpu/libgcc.a(_arm_addsubdf3.o)
 .debug_aranges
                0x00001000       0x20 /usr/lib/gcc/arm-none-eabi/5.4.1/armv7e-m/fpu/libgcc.a(_arm_muldivdf3.o)
 .debug_aranges
                0x00001020       0x20 /usr/lib/gcc/arm-none-eabi/5.4.1/armv7e-m/fpu/libgcc.a(_arm_cmpdf2.o)
 .debug_aranges
                0x00001040       0x20 /usr/lib/gcc/arm-none-eabi/5.4.1/armv7e-m/fpu/libgcc.a(_arm_unorddf2.o)
 .debug_aranges
                0x00001060       0x20 /usr/lib/gcc/arm-none-eabi/5.4.1/../../../arm-none-eabi/lib/armv7e-m/fpu/libg_nano.a(lib_a-errno.o)
 .debug_aranges
                0x00001080       0x18 /usr/lib/gcc/arm-none-eabi/5.4.1/../../../arm-none-eabi/lib/armv7e-m/fpu/libg_nano.a(lib_a-impure.o)
 .debug_aranges
                0x00001098       0x20 /usr/lib/gcc/arm-none-eabi/5.4.1/../../../arm-none-eabi/lib/armv7e-m/fpu/libg_nano.a(lib_a-memcpy.o)
 .debug_aranges
                0x000010b8       0x20 /usr/lib/gcc/arm-none-eabi/5.4.1/../../../arm-none-eabi/lib/armv7e-m/fpu/libg_nano.a(lib_a-memset.o)
 .debug_aranges
                0x000010d8       0x20 /usr/lib/gcc/arm-none-eabi/5.4.1/../../../arm-none-eabi/lib/armv7e-m/fpu/libg_nano.a(lib_a-nano-vfprintf_float.o)
 .debug_aranges
                0x000010f8       0x20 /usr/lib/gcc/arm-none-eabi/5.4.1/../../../arm-none-eabi/lib/armv7e-m/fpu/libg_nano.a(lib_a-nano-vfprintf_i.o)
 .debug_aranges
                0x00001118       0x20 /usr/lib/gcc/arm-none-eabi/5.4.1/../../../arm-none-eabi/lib/armv7e-m/fpu/libg_nano.a(lib_a-printf.o)
 .debug_aranges
                0x00001138       0x20 /usr/lib/gcc/arm-none-eabi/5.4.1/../../../arm-none-eabi/lib/armv7e-m/fpu/libg_nano.a(lib_a-strcmp.o)
 .debug_aranges
                0x00001158       0x20 /usr/lib/gcc/arm-none-eabi/5.4.1/../../../arm-none-eabi/lib/armv7e-m/fpu/libg_nano.a(lib_a-strlen.o)
 .debug_aranges
                0x00001178       0x20 /usr/lib/gcc/arm-none-eabi/5.4.1/../../../arm-none-eabi/lib/armv7e-m/fpu/libg_nano.a(lib_a-vsnprintf.o)
 .debug_aranges
                0x00001198       0x20 /usr/lib/gcc/arm-none-eabi/5.4.1/../../../arm-none-eabi/lib/armv7e-m/fpu/libg_nano.a(lib_a-dtoa.o)
 .debug_aranges
                0x000011b8       0x20 /usr/lib/gcc/arm-none-eabi/5.4.1/../../../arm-none-eabi/lib/armv7e-m/fpu/libg_nano.a(lib_a-findfp.o)
 .debug_aranges
                0x000011d8       0x20 /usr/lib/gcc/arm-none-eabi/5.4.1/../../../arm-none-eabi/lib/armv7e-m/fpu/libg_nano.a(lib_a-fwalk.o)
 .debug_aranges
                0x000011f8       0x20 /usr/lib/gcc/arm-none-eabi/5.4.1/../../../arm-none-eabi/lib/armv7e-m/fpu/libg_nano.a(lib_a-locale.o)
 .debug_aranges
                0x00001218       0x20 /usr/lib/gcc/arm-none-eabi/5.4.1/../../../arm-none-eabi/lib/armv7e-m/fpu/libg_nano.a(lib_a-malloc.o)
 .debug_aranges
                0x00001238       0x20 /usr/lib/gcc/arm-none-eabi/5.4.1/../../../arm-none-eabi/lib/armv7e-m/fpu/libg_nano.a(lib_a-memchr.o)
 .debug_aranges
                0x00001258       0x20 /usr/lib/gcc/arm-none-eabi/5.4.1/../../../arm-none-eabi/lib/armv7e-m/fpu/libg_nano.a(lib_a-mprec.o)
 .debug_aranges
                0x00001278       0x20 /usr/lib/gcc/arm-none-eabi/5.4.1/../../../arm-none-eabi/lib/armv7e-m/fpu/libg_nano.a(lib_a-nano-callocr.o)
 .debug_aranges
                0x00001298       0x20 /usr/lib/gcc/arm-none-eabi/5.4.1/../../../arm-none-eabi/lib/armv7e-m/fpu/libg_nano.a(lib_a-nano-freer.o)
 .debug_aranges
                0x000012b8       0x20 /usr/lib/gcc/arm-none-eabi/5.4.1/../../../arm-none-eabi/lib/armv7e-m/fpu/libg_nano.a(lib_a-nano-mallocr.o)
 .debug_aranges
                0x000012d8       0x20 /usr/lib/gcc/arm-none-eabi/5.4.1/../../../arm-none-eabi/lib/armv7e-m/fpu/libg_nano.a(lib_a-nano-svfprintf.o)
 .debug_aranges
                0x000012f8       0x20 /usr/lib/gcc/arm-none-eabi/5.4.1/../../../arm-none-eabi/lib/armv7e-m/fpu/libg_nano.a(lib_a-nano-vfprintf.o)
 .debug_aranges
                0x00001318       0x20 /usr/lib/gcc/arm-none-eabi/5.4.1/../../../arm-none-eabi/lib/armv7e-m/fpu/libg_nano.a(lib_a-sbrkr.o)
 .debug_aranges
                0x00001338       0x20 /usr/lib/gcc/arm-none-eabi/5.4.1/../../../arm-none-eabi/lib/armv7e-m/fpu/libg_nano.a(lib_a-stdio.o)
 .debug_aranges
                0x00001358       0x20 /usr/lib/gcc/arm-none-eabi/5.4.1/../../../arm-none-eabi/lib/armv7e-m/fpu/libg_nano.a(lib_a-wbuf.o)
 .debug_aranges
                0x00001378       0x20 /usr/lib/gcc/arm-none-eabi/5.4.1/../../../arm-none-eabi/lib/armv7e-m/fpu/libg_nano.a(lib_a-writer.o)
 .debug_aranges
                0x00001398       0x20 /usr/lib/gcc/arm-none-eabi/5.4.1/../../../arm-none-eabi/lib/armv7e-m/fpu/libg_nano.a(lib_a-wsetup.o)
 .debug_aranges
                0x000013b8       0x20 /usr/lib/gcc/arm-none-eabi/5.4.1/../../../arm-none-eabi/lib/armv7e-m/fpu/libg_nano.a(lib_a-closer.o)
 .debug_aranges
                0x000013d8       0x20 /usr/lib/gcc/arm-none-eabi/5.4.1/../../../arm-none-eabi/lib/armv7e-m/fpu/libg_nano.a(lib_a-fflush.o)
 .debug_aranges
                0x000013f8       0x20 /usr/lib/gcc/arm-none-eabi/5.4.1/../../../arm-none-eabi/lib/armv7e-m/fpu/libg_nano.a(lib_a-fvwrite.o)
 .debug_aranges
                0x00001418       0x20 /usr/lib/gcc/arm-none-eabi/5.4.1/../../../arm-none-eabi/lib/armv7e-m/fpu/libg_nano.a(lib_a-lseekr.o)
 .debug_aranges
                0x00001438       0x20 /usr/lib/gcc/arm-none-eabi/5.4.1/../../../arm-none-eabi/lib/armv7e-m/fpu/libg_nano.a(lib_a-makebuf.o)
 .debug_aranges
                0x00001458       0x20 /usr/lib/gcc/arm-none-eabi/5.4.1/../../../arm-none-eabi/lib/armv7e-m/fpu/libg_nano.a(lib_a-memmove.o)
 .debug_aranges
                0x00001478       0x20 /usr/lib/gcc/arm-none-eabi/5.4.1/../../../arm-none-eabi/lib/armv7e-m/fpu/libg_nano.a(lib_a-nano-reallocr.o)
 .debug_aranges
                0x00001498       0x20 /usr/lib/gcc/arm-none-eabi/5.4.1/../../../arm-none-eabi/lib/armv7e-m/fpu/libg_nano.a(lib_a-readr.o)
 .debug_aranges
                0x000014b8       0x20 /usr/lib/gcc/arm-none-eabi/5.4.1/../../../arm-none-eabi/lib/armv7e-m/fpu/libg_nano.a(lib_a-fstatr.o)
 .debug_aranges
                0x000014d8       0x20 /usr/lib/gcc/arm-none-eabi/5.4.1/../../../arm-none-eabi/lib/armv7e-m/fpu/libg_nano.a(lib_a-isattyr.o)
 .debug_aranges
                0x000014f8       0x20 /usr/lib/gcc/arm-none-eabi/5.4.1/../../../arm-none-eabi/lib/armv7e-m/fpu/libg_nano.a(lib_a-nano-msizer.o)
 .debug_aranges
                0x00001518       0x20 /usr/lib/gcc/arm-none-eabi/5.4.1/armv7e-m/fpu/libgcc.a(_arm_fixdfsi.o)

.debug_pubnames
 *(.debug_pubnames)

.debug_info     0x00000000    0x2bee5
 *(.debug_info .gnu.linkonce.wi.*)
 .debug_info    0x00000000      0x8dd ./system/src/stm32f4-hal/stm32f4xx_hal.o
 .debug_info    0x000008dd     0x110e ./system/src/stm32f4-hal/stm32f4xx_hal_cortex.o
 .debug_info    0x000019eb      0xc22 ./system/src/stm32f4-hal/stm32f4xx_hal_dma.o
 .debug_info    0x0000260d      0x896 ./system/src/stm32f4-hal/stm32f4xx_hal_gpio.o
 .debug_info    0x00002ea3      0xf69 ./system/src/stm32f4-hal/stm32f4xx_hal_rcc.o
 .debug_info    0x00003e0c     0x4341 ./system/src/stm32f4-hal/stm32f4xx_hal_tim.o
 .debug_info    0x0000814d     0x18c6 ./system/src/stm32f4-hal/stm32f4xx_hal_tim_ex.o
 .debug_info    0x00009a13     0x15a7 ./system/src/stm32f4-hal/stm32f4xx_hal_usart.o
 .debug_info    0x0000afba       0xef ./system/src/newlib/_exit.o
 .debug_info    0x0000b0a9      0x11f ./system/src/newlib/_sbrk.o
 .debug_info    0x0000b1c8      0x4fd ./system/src/newlib/_startup.o
 .debug_info    0x0000b6c5      0x988 ./system/src/newlib/_syscalls.o
 .debug_info    0x0000c04d      0x1b9 ./system/src/newlib/assert.o
 .debug_info    0x0000c206      0x2e6 ./system/src/diag/Trace.o
 .debug_info    0x0000c4ec      0x316 ./system/src/diag/trace_impl.o
 .debug_info    0x0000c802      0x2e0 ./system/src/cortexm/_initialize_hardware.o
 .debug_info    0x0000cae2      0x920 ./system/src/cortexm/exception_handlers.o
 .debug_info    0x0000d402      0x4da ./system/src/cmsis/system_stm32f4xx.o
 .debug_info    0x0000d8dc       0xd1 ./system/src/cmsis/vectors_stm32f405xx.o
 .debug_info    0x0000d9ad      0xf88 ./system-usr/src_/stm32f4xx_hal_msp.o
 .debug_info    0x0000e935      0xbbf ./system-usr/src_/stm32f4xx_hal_timebase_tim.o
 .debug_info    0x0000f4f4     0x163e ./src/drivers/MPU9255.o
 .debug_info    0x00010b32      0xaf8 ./src/drivers/gps_nmea.o
 .debug_info    0x0001162a      0x50a ./src/_initialize_hardware.o
 .debug_info    0x00011b34      0x602 ./src/_write.o
 .debug_info    0x00012136     0x115a ./src/main.o
 .debug_info    0x00013290      0x7f8 ./FreeRTOS/portable/GCC/ARM_CM4F/port.o
 .debug_info    0x00013a88      0x2e6 ./FreeRTOS-usr/hooks.o
 .debug_info    0x00013d6e      0x2aa ./FreeRTOS/list.o
 .debug_info    0x00014018     0x33bd ./FreeRTOS/tasks.o
 .debug_info    0x000173d5       0xc2 /usr/lib/gcc/arm-none-eabi/5.4.1/armv7e-m/fpu/libgcc.a(_arm_addsubdf3.o)
 .debug_info    0x00017497       0xc2 /usr/lib/gcc/arm-none-eabi/5.4.1/armv7e-m/fpu/libgcc.a(_arm_muldivdf3.o)
 .debug_info    0x00017559       0xc2 /usr/lib/gcc/arm-none-eabi/5.4.1/armv7e-m/fpu/libgcc.a(_arm_cmpdf2.o)
 .debug_info    0x0001761b       0xc2 /usr/lib/gcc/arm-none-eabi/5.4.1/armv7e-m/fpu/libgcc.a(_arm_unorddf2.o)
 .debug_info    0x000176dd      0x73c /usr/lib/gcc/arm-none-eabi/5.4.1/../../../arm-none-eabi/lib/armv7e-m/fpu/libg_nano.a(lib_a-errno.o)
 .debug_info    0x00017e19      0x7da /usr/lib/gcc/arm-none-eabi/5.4.1/../../../arm-none-eabi/lib/armv7e-m/fpu/libg_nano.a(lib_a-impure.o)
 .debug_info    0x000185f3       0xcf /usr/lib/gcc/arm-none-eabi/5.4.1/../../../arm-none-eabi/lib/armv7e-m/fpu/libg_nano.a(lib_a-memcpy.o)
 .debug_info    0x000186c2      0x11e /usr/lib/gcc/arm-none-eabi/5.4.1/../../../arm-none-eabi/lib/armv7e-m/fpu/libg_nano.a(lib_a-memset.o)
 .debug_info    0x000187e0     0x10ae /usr/lib/gcc/arm-none-eabi/5.4.1/../../../arm-none-eabi/lib/armv7e-m/fpu/libg_nano.a(lib_a-nano-vfprintf_float.o)
 .debug_info    0x0001988e      0xb3b /usr/lib/gcc/arm-none-eabi/5.4.1/../../../arm-none-eabi/lib/armv7e-m/fpu/libg_nano.a(lib_a-nano-vfprintf_i.o)
 .debug_info    0x0001a3c9      0x871 /usr/lib/gcc/arm-none-eabi/5.4.1/../../../arm-none-eabi/lib/armv7e-m/fpu/libg_nano.a(lib_a-printf.o)
 .debug_info    0x0001ac3a       0xce /usr/lib/gcc/arm-none-eabi/5.4.1/../../../arm-none-eabi/lib/armv7e-m/fpu/libg_nano.a(lib_a-strcmp.o)
 .debug_info    0x0001ad08       0xce /usr/lib/gcc/arm-none-eabi/5.4.1/../../../arm-none-eabi/lib/armv7e-m/fpu/libg_nano.a(lib_a-strlen.o)
 .debug_info    0x0001add6      0x8b2 /usr/lib/gcc/arm-none-eabi/5.4.1/../../../arm-none-eabi/lib/armv7e-m/fpu/libg_nano.a(lib_a-vsnprintf.o)
 .debug_info    0x0001b688     0x116a /usr/lib/gcc/arm-none-eabi/5.4.1/../../../arm-none-eabi/lib/armv7e-m/fpu/libg_nano.a(lib_a-dtoa.o)
 .debug_info    0x0001c7f2      0xd7c /usr/lib/gcc/arm-none-eabi/5.4.1/../../../arm-none-eabi/lib/armv7e-m/fpu/libg_nano.a(lib_a-findfp.o)
 .debug_info    0x0001d56e      0x851 /usr/lib/gcc/arm-none-eabi/5.4.1/../../../arm-none-eabi/lib/armv7e-m/fpu/libg_nano.a(lib_a-fwalk.o)
 .debug_info    0x0001ddbf      0xac8 /usr/lib/gcc/arm-none-eabi/5.4.1/../../../arm-none-eabi/lib/armv7e-m/fpu/libg_nano.a(lib_a-locale.o)
 .debug_info    0x0001e887      0x7b2 /usr/lib/gcc/arm-none-eabi/5.4.1/../../../arm-none-eabi/lib/armv7e-m/fpu/libg_nano.a(lib_a-malloc.o)
 .debug_info    0x0001f039       0xc8 /usr/lib/gcc/arm-none-eabi/5.4.1/../../../arm-none-eabi/lib/armv7e-m/fpu/libg_nano.a(lib_a-memchr.o)
 .debug_info    0x0001f101     0x160a /usr/lib/gcc/arm-none-eabi/5.4.1/../../../arm-none-eabi/lib/armv7e-m/fpu/libg_nano.a(lib_a-mprec.o)
 .debug_info    0x0002070b      0x7d0 /usr/lib/gcc/arm-none-eabi/5.4.1/../../../arm-none-eabi/lib/armv7e-m/fpu/libg_nano.a(lib_a-nano-callocr.o)
 .debug_info    0x00020edb      0x825 /usr/lib/gcc/arm-none-eabi/5.4.1/../../../arm-none-eabi/lib/armv7e-m/fpu/libg_nano.a(lib_a-nano-freer.o)
 .debug_info    0x00021700      0x8ec /usr/lib/gcc/arm-none-eabi/5.4.1/../../../arm-none-eabi/lib/armv7e-m/fpu/libg_nano.a(lib_a-nano-mallocr.o)
 .debug_info    0x00021fec      0xd39 /usr/lib/gcc/arm-none-eabi/5.4.1/../../../arm-none-eabi/lib/armv7e-m/fpu/libg_nano.a(lib_a-nano-svfprintf.o)
 .debug_info    0x00022d25      0xd65 /usr/lib/gcc/arm-none-eabi/5.4.1/../../../arm-none-eabi/lib/armv7e-m/fpu/libg_nano.a(lib_a-nano-vfprintf.o)
 .debug_info    0x00023a8a      0x7a1 /usr/lib/gcc/arm-none-eabi/5.4.1/../../../arm-none-eabi/lib/armv7e-m/fpu/libg_nano.a(lib_a-sbrkr.o)
 .debug_info    0x0002422b      0x9d5 /usr/lib/gcc/arm-none-eabi/5.4.1/../../../arm-none-eabi/lib/armv7e-m/fpu/libg_nano.a(lib_a-stdio.o)
 .debug_info    0x00024c00      0x8f2 /usr/lib/gcc/arm-none-eabi/5.4.1/../../../arm-none-eabi/lib/armv7e-m/fpu/libg_nano.a(lib_a-wbuf.o)
 .debug_info    0x000254f2      0x7df /usr/lib/gcc/arm-none-eabi/5.4.1/../../../arm-none-eabi/lib/armv7e-m/fpu/libg_nano.a(lib_a-writer.o)
 .debug_info    0x00025cd1      0x871 /usr/lib/gcc/arm-none-eabi/5.4.1/../../../arm-none-eabi/lib/armv7e-m/fpu/libg_nano.a(lib_a-wsetup.o)
 .debug_info    0x00026542      0x797 /usr/lib/gcc/arm-none-eabi/5.4.1/../../../arm-none-eabi/lib/armv7e-m/fpu/libg_nano.a(lib_a-closer.o)
 .debug_info    0x00026cd9      0x9c4 /usr/lib/gcc/arm-none-eabi/5.4.1/../../../arm-none-eabi/lib/armv7e-m/fpu/libg_nano.a(lib_a-fflush.o)
 .debug_info    0x0002769d      0xa9c /usr/lib/gcc/arm-none-eabi/5.4.1/../../../arm-none-eabi/lib/armv7e-m/fpu/libg_nano.a(lib_a-fvwrite.o)
 .debug_info    0x00028139      0x7c2 /usr/lib/gcc/arm-none-eabi/5.4.1/../../../arm-none-eabi/lib/armv7e-m/fpu/libg_nano.a(lib_a-lseekr.o)
 .debug_info    0x000288fb      0xac7 /usr/lib/gcc/arm-none-eabi/5.4.1/../../../arm-none-eabi/lib/armv7e-m/fpu/libg_nano.a(lib_a-makebuf.o)
 .debug_info    0x000293c2      0x138 /usr/lib/gcc/arm-none-eabi/5.4.1/../../../arm-none-eabi/lib/armv7e-m/fpu/libg_nano.a(lib_a-memmove.o)
 .debug_info    0x000294fa      0x882 /usr/lib/gcc/arm-none-eabi/5.4.1/../../../arm-none-eabi/lib/armv7e-m/fpu/libg_nano.a(lib_a-nano-reallocr.o)
 .debug_info    0x00029d7c      0x7d8 /usr/lib/gcc/arm-none-eabi/5.4.1/../../../arm-none-eabi/lib/armv7e-m/fpu/libg_nano.a(lib_a-readr.o)
 .debug_info    0x0002a554      0x978 /usr/lib/gcc/arm-none-eabi/5.4.1/../../../arm-none-eabi/lib/armv7e-m/fpu/libg_nano.a(lib_a-fstatr.o)
 .debug_info    0x0002aecc      0x797 /usr/lib/gcc/arm-none-eabi/5.4.1/../../../arm-none-eabi/lib/armv7e-m/fpu/libg_nano.a(lib_a-isattyr.o)
 .debug_info    0x0002b663      0x7c0 /usr/lib/gcc/arm-none-eabi/5.4.1/../../../arm-none-eabi/lib/armv7e-m/fpu/libg_nano.a(lib_a-nano-msizer.o)
 .debug_info    0x0002be23       0xc2 /usr/lib/gcc/arm-none-eabi/5.4.1/armv7e-m/fpu/libgcc.a(_arm_fixdfsi.o)

.debug_abbrev   0x00000000     0x732c
 *(.debug_abbrev)
 .debug_abbrev  0x00000000      0x235 ./system/src/stm32f4-hal/stm32f4xx_hal.o
 .debug_abbrev  0x00000235      0x324 ./system/src/stm32f4-hal/stm32f4xx_hal_cortex.o
 .debug_abbrev  0x00000559      0x290 ./system/src/stm32f4-hal/stm32f4xx_hal_dma.o
 .debug_abbrev  0x000007e9      0x204 ./system/src/stm32f4-hal/stm32f4xx_hal_gpio.o
 .debug_abbrev  0x000009ed      0x2d2 ./system/src/stm32f4-hal/stm32f4xx_hal_rcc.o
 .debug_abbrev  0x00000cbf      0x21b ./system/src/stm32f4-hal/stm32f4xx_hal_tim.o
 .debug_abbrev  0x00000eda      0x21b ./system/src/stm32f4-hal/stm32f4xx_hal_tim_ex.o
 .debug_abbrev  0x000010f5      0x24a ./system/src/stm32f4-hal/stm32f4xx_hal_usart.o
 .debug_abbrev  0x0000133f       0x8e ./system/src/newlib/_exit.o
 .debug_abbrev  0x000013cd       0xb9 ./system/src/newlib/_sbrk.o
 .debug_abbrev  0x00001486      0x1b6 ./system/src/newlib/_startup.o
 .debug_abbrev  0x0000163c      0x169 ./system/src/newlib/_syscalls.o
 .debug_abbrev  0x000017a5       0xab ./system/src/newlib/assert.o
 .debug_abbrev  0x00001850      0x145 ./system/src/diag/Trace.o
 .debug_abbrev  0x00001995      0x1c8 ./system/src/diag/trace_impl.o
 .debug_abbrev  0x00001b5d       0xea ./system/src/cortexm/_initialize_hardware.o
 .debug_abbrev  0x00001c47      0x247 ./system/src/cortexm/exception_handlers.o
 .debug_abbrev  0x00001e8e      0x104 ./system/src/cmsis/system_stm32f4xx.o
 .debug_abbrev  0x00001f92       0x9d ./system/src/cmsis/vectors_stm32f405xx.o
 .debug_abbrev  0x0000202f      0x1b2 ./system-usr/src_/stm32f4xx_hal_msp.o
 .debug_abbrev  0x000021e1      0x1ff ./system-usr/src_/stm32f4xx_hal_timebase_tim.o
 .debug_abbrev  0x000023e0      0x268 ./src/drivers/MPU9255.o
 .debug_abbrev  0x00002648      0x226 ./src/drivers/gps_nmea.o
 .debug_abbrev  0x0000286e      0x14c ./src/_initialize_hardware.o
 .debug_abbrev  0x000029ba      0x185 ./src/_write.o
 .debug_abbrev  0x00002b3f      0x1c0 ./src/main.o
 .debug_abbrev  0x00002cff      0x273 ./FreeRTOS/portable/GCC/ARM_CM4F/port.o
 .debug_abbrev  0x00002f72      0x120 ./FreeRTOS-usr/hooks.o
 .debug_abbrev  0x00003092       0xe6 ./FreeRTOS/list.o
 .debug_abbrev  0x00003178      0x30c ./FreeRTOS/tasks.o
 .debug_abbrev  0x00003484       0x14 /usr/lib/gcc/arm-none-eabi/5.4.1/armv7e-m/fpu/libgcc.a(_arm_addsubdf3.o)
 .debug_abbrev  0x00003498       0x14 /usr/lib/gcc/arm-none-eabi/5.4.1/armv7e-m/fpu/libgcc.a(_arm_muldivdf3.o)
 .debug_abbrev  0x000034ac       0x14 /usr/lib/gcc/arm-none-eabi/5.4.1/armv7e-m/fpu/libgcc.a(_arm_cmpdf2.o)
 .debug_abbrev  0x000034c0       0x14 /usr/lib/gcc/arm-none-eabi/5.4.1/armv7e-m/fpu/libgcc.a(_arm_unorddf2.o)
 .debug_abbrev  0x000034d4      0x134 /usr/lib/gcc/arm-none-eabi/5.4.1/../../../arm-none-eabi/lib/armv7e-m/fpu/libg_nano.a(lib_a-errno.o)
 .debug_abbrev  0x00003608      0x136 /usr/lib/gcc/arm-none-eabi/5.4.1/../../../arm-none-eabi/lib/armv7e-m/fpu/libg_nano.a(lib_a-impure.o)
 .debug_abbrev  0x0000373e       0x14 /usr/lib/gcc/arm-none-eabi/5.4.1/../../../arm-none-eabi/lib/armv7e-m/fpu/libg_nano.a(lib_a-memcpy.o)
 .debug_abbrev  0x00003752       0x9f /usr/lib/gcc/arm-none-eabi/5.4.1/../../../arm-none-eabi/lib/armv7e-m/fpu/libg_nano.a(lib_a-memset.o)
 .debug_abbrev  0x000037f1      0x272 /usr/lib/gcc/arm-none-eabi/5.4.1/../../../arm-none-eabi/lib/armv7e-m/fpu/libg_nano.a(lib_a-nano-vfprintf_float.o)
 .debug_abbrev  0x00003a63      0x1f5 /usr/lib/gcc/arm-none-eabi/5.4.1/../../../arm-none-eabi/lib/armv7e-m/fpu/libg_nano.a(lib_a-nano-vfprintf_i.o)
 .debug_abbrev  0x00003c58      0x1ed /usr/lib/gcc/arm-none-eabi/5.4.1/../../../arm-none-eabi/lib/armv7e-m/fpu/libg_nano.a(lib_a-printf.o)
 .debug_abbrev  0x00003e45       0x14 /usr/lib/gcc/arm-none-eabi/5.4.1/../../../arm-none-eabi/lib/armv7e-m/fpu/libg_nano.a(lib_a-strcmp.o)
 .debug_abbrev  0x00003e59       0x14 /usr/lib/gcc/arm-none-eabi/5.4.1/../../../arm-none-eabi/lib/armv7e-m/fpu/libg_nano.a(lib_a-strlen.o)
 .debug_abbrev  0x00003e6d      0x1e6 /usr/lib/gcc/arm-none-eabi/5.4.1/../../../arm-none-eabi/lib/armv7e-m/fpu/libg_nano.a(lib_a-vsnprintf.o)
 .debug_abbrev  0x00004053      0x257 /usr/lib/gcc/arm-none-eabi/5.4.1/../../../arm-none-eabi/lib/armv7e-m/fpu/libg_nano.a(lib_a-dtoa.o)
 .debug_abbrev  0x000042aa      0x320 /usr/lib/gcc/arm-none-eabi/5.4.1/../../../arm-none-eabi/lib/armv7e-m/fpu/libg_nano.a(lib_a-findfp.o)
 .debug_abbrev  0x000045ca      0x167 /usr/lib/gcc/arm-none-eabi/5.4.1/../../../arm-none-eabi/lib/armv7e-m/fpu/libg_nano.a(lib_a-fwalk.o)
 .debug_abbrev  0x00004731      0x24d /usr/lib/gcc/arm-none-eabi/5.4.1/../../../arm-none-eabi/lib/armv7e-m/fpu/libg_nano.a(lib_a-locale.o)
 .debug_abbrev  0x0000497e      0x18a /usr/lib/gcc/arm-none-eabi/5.4.1/../../../arm-none-eabi/lib/armv7e-m/fpu/libg_nano.a(lib_a-malloc.o)
 .debug_abbrev  0x00004b08       0x14 /usr/lib/gcc/arm-none-eabi/5.4.1/../../../arm-none-eabi/lib/armv7e-m/fpu/libg_nano.a(lib_a-memchr.o)
 .debug_abbrev  0x00004b1c      0x32b /usr/lib/gcc/arm-none-eabi/5.4.1/../../../arm-none-eabi/lib/armv7e-m/fpu/libg_nano.a(lib_a-mprec.o)
 .debug_abbrev  0x00004e47      0x187 /usr/lib/gcc/arm-none-eabi/5.4.1/../../../arm-none-eabi/lib/armv7e-m/fpu/libg_nano.a(lib_a-nano-callocr.o)
 .debug_abbrev  0x00004fce      0x1b8 /usr/lib/gcc/arm-none-eabi/5.4.1/../../../arm-none-eabi/lib/armv7e-m/fpu/libg_nano.a(lib_a-nano-freer.o)
 .debug_abbrev  0x00005186      0x22e /usr/lib/gcc/arm-none-eabi/5.4.1/../../../arm-none-eabi/lib/armv7e-m/fpu/libg_nano.a(lib_a-nano-mallocr.o)
 .debug_abbrev  0x000053b4      0x250 /usr/lib/gcc/arm-none-eabi/5.4.1/../../../arm-none-eabi/lib/armv7e-m/fpu/libg_nano.a(lib_a-nano-svfprintf.o)
 .debug_abbrev  0x00005604      0x275 /usr/lib/gcc/arm-none-eabi/5.4.1/../../../arm-none-eabi/lib/armv7e-m/fpu/libg_nano.a(lib_a-nano-vfprintf.o)
 .debug_abbrev  0x00005879      0x1a0 /usr/lib/gcc/arm-none-eabi/5.4.1/../../../arm-none-eabi/lib/armv7e-m/fpu/libg_nano.a(lib_a-sbrkr.o)
 .debug_abbrev  0x00005a19      0x1cf /usr/lib/gcc/arm-none-eabi/5.4.1/../../../arm-none-eabi/lib/armv7e-m/fpu/libg_nano.a(lib_a-stdio.o)